Archive member included to satisfy reference by file (symbol)

build/cooja/mtype622.a(simEnvChange.o)
                              build/cooja/mtype622.o (simDontFallAsleep)
build/cooja/mtype622.a(cooja_mt.o)
                              build/cooja/mtype622.o (cooja_mt_start)
build/cooja/mtype622.a(cooja_mtarch.o)
                              build/cooja/mtype622.a(cooja_mt.o) (cooja_mtarch_start)
build/cooja/mtype622.a(rtimer-arch.o)
                              build/cooja/mtype622.o (rtimer_arch_check)
build/cooja/mtype622.a(beep.o)
                              build/cooja/mtype622.o (beep_interface)
build/cooja/mtype622.a(leds-arch.o)
                              build/cooja/mtype622.o (leds_interface)
build/cooja/mtype622.a(moteid.o)
                              build/cooja/mtype622.o (moteid_interface)
build/cooja/mtype622.a(pir-sensor.o)
                              build/cooja/mtype622.o (pir_interface)
build/cooja/mtype622.a(rs232.o)
                              build/cooja/mtype622.o (rs232_interface)
build/cooja/mtype622.a(vib-sensor.o)
                              build/cooja/mtype622.o (vib_interface)
build/cooja/mtype622.a(clock.o)
                              build/cooja/mtype622.o (clock_interface)
build/cooja/mtype622.a(cooja-log.o)
                              build/cooja/mtype622.o (simlog_interface)
build/cooja/mtype622.a(cfs-cooja.o)
                              build/cooja/mtype622.o (cfs_interface)
build/cooja/mtype622.a(cooja-radio.o)
                              build/cooja/mtype622.o (radio_interface)
build/cooja/mtype622.a(eeprom.o)
                              build/cooja/mtype622.o (eeprom_interface)
build/cooja/mtype622.a(random.o)
                              build/cooja/mtype622.a(moteid.o) (random_init)
build/cooja/mtype622.a(sensors.o)
                              build/cooja/mtype622.a(pir-sensor.o) (sensors_changed)
build/cooja/mtype622.a(leds.o)
                              build/cooja/mtype622.a(leds-arch.o) (leds_get)
build/cooja/mtype622.a(gpio-hal-arch.o)
                              build/cooja/mtype622.a(leds-arch.o) (gpio_hal_arch_register_pin_callback)
build/cooja/mtype622.a(buttons.o)
                              build/cooja/mtype622.o (button_interface)
build/cooja/mtype622.a(contiki-main.o)
                              build/cooja/mtype622.o (main)
build/cooja/mtype622.a(log.o)
                              build/cooja/mtype622.a(contiki-main.o) (curr_log_level_main)
build/cooja/mtype622.a(autostart.o)
                              build/cooja/mtype622.a(contiki-main.o) (autostart_start)
build/cooja/mtype622.a(energest.o)
                              build/cooja/mtype622.a(contiki-main.o) (energest_init)
build/cooja/mtype622.a(etimer.o)
                              build/cooja/mtype622.a(contiki-main.o) (etimer_process)
build/cooja/mtype622.a(node-id.o)
                              build/cooja/mtype622.a(contiki-main.o) (node_id)
build/cooja/mtype622.a(ctimer.o)
                              build/cooja/mtype622.a(contiki-main.o) (ctimer_init)
build/cooja/mtype622.a(rtimer.o)
                              build/cooja/mtype622.a(contiki-main.o) (rtimer_init)
build/cooja/mtype622.a(process.o)
                              build/cooja/mtype622.a(etimer.o) (process_current)
build/cooja/mtype622.a(timer.o)
                              build/cooja/mtype622.a(etimer.o) (timer_set)
build/cooja/mtype622.a(list.o)
                              build/cooja/mtype622.a(ctimer.o) (list_init)
build/cooja/mtype622.a(button-hal.o)
                              udp-client.o (button_hal_release_event)
build/cooja/mtype622.a(serial-line.o)
                              build/cooja/mtype622.a(rs232.o) (serial_line_input_byte)
build/cooja/mtype622.a(gpio-hal.o)
                              build/cooja/mtype622.a(button-hal.o) (gpio_hal_register_handler)
build/cooja/mtype622.a(queuebuf.o)
                              build/cooja/mtype622.a(contiki-main.o) (queuebuf_init)
build/cooja/mtype622.a(packetbuf.o)
                              build/cooja/mtype622.a(cooja-radio.o) (packetbuf_clear)
build/cooja/mtype622.a(netstack.o)
                              build/cooja/mtype622.a(contiki-main.o) (netstack_init)
build/cooja/mtype622.a(linkaddr.o)
                              build/cooja/mtype622.a(contiki-main.o) (linkaddr_node_addr)
build/cooja/mtype622.a(csma.o)
                              build/cooja/mtype622.a(cooja-radio.o) (csma_driver)
build/cooja/mtype622.a(csma-output.o)
                              build/cooja/mtype622.a(csma.o) (csma_output_packet)
build/cooja/mtype622.a(uip-ds6.o)
                              build/cooja/mtype622.a(contiki-main.o) (uip_ds6_get_link_local)
build/cooja/mtype622.a(uiplib.o)
                              build/cooja/mtype622.a(log.o) (uiplib_ipaddr_snprint)
build/cooja/mtype622.a(uip-ds6-route.o)
                              build/cooja/mtype622.a(uip-ds6.o) (uip_ds6_route_init)
build/cooja/mtype622.a(tcpip.o)
[...]
Memory Configuration

Name             Origin             Length             Attributes
*default*        0x0000000000000000 0xffffffffffffffff

Linker script and memory map

LOAD /usr/lib/gcc/i686-linux-gnu/5/../../../i386-linux-gnu/crti.o
LOAD /usr/lib/gcc/i686-linux-gnu/5/crtbeginS.o
LOAD udp-client.o
LOAD build/cooja/mtype622.o
LOAD build/cooja/mtype622.a
LOAD /usr/lib/gcc/i686-linux-gnu/5/libgcc.a
LOAD /usr/lib/gcc/i686-linux-gnu/5/libgcc_s.so
LOAD /usr/lib/gcc/i686-linux-gnu/5/../../../i386-linux-gnu/libc.so
START GROUP
LOAD /lib/i386-linux-gnu/libc.so.6
LOAD /usr/lib/i386-linux-gnu/libc_nonshared.a
LOAD /lib/i386-linux-gnu/ld-linux.so.2
END GROUP
LOAD /usr/lib/gcc/i686-linux-gnu/5/libgcc.a
LOAD /usr/lib/gcc/i686-linux-gnu/5/libgcc_s.so
LOAD /usr/lib/gcc/i686-linux-gnu/5/crtendS.o
LOAD /usr/lib/gcc/i686-linux-gnu/5/../../../i386-linux-gnu/crtn.o
                0x0000000000000114                . = (0x0 + SIZEOF_HEADERS)

.note.gnu.build-id
                0x0000000000000114       0x24
 *(.note.gnu.build-id)
 .note.gnu.build-id
                0x0000000000000114       0x24 /usr/lib/gcc/i686-linux-gnu/5/../../../i386-linux-gnu/crti.o

.hash
 *(.hash)

.gnu.hash       0x0000000000000138     0x142c
 *(.gnu.hash)
 .gnu.hash      0x0000000000000138     0x142c /usr/lib/gcc/i686-linux-gnu/5/../../../i386-linux-gnu/crti.o

.dynsym         0x0000000000001564     0x2900
 *(.dynsym)
 .dynsym        0x0000000000001564     0x2900 /usr/lib/gcc/i686-linux-gnu/5/../../../i386-linux-gnu/crti.o

.dynstr         0x0000000000003e64     0x2eaa
 *(.dynstr)
 .dynstr        0x0000000000003e64     0x2eaa /usr/lib/gcc/i686-linux-gnu/5/../../../i386-linux-gnu/crti.o

.gnu.version    0x0000000000006d0e      0x520
 *(.gnu.version)
 .gnu.version   0x0000000000006d0e      0x520 /usr/lib/gcc/i686-linux-gnu/5/../../../i386-linux-gnu/crti.o

.gnu.version_d  0x0000000000007230        0x0
 *(.gnu.version_d)
 .gnu.version_d
                0x0000000000007230        0x0 /usr/lib/gcc/i686-linux-gnu/5/../../../i386-linux-gnu/crti.o

.gnu.version_r  0x0000000000007230       0x40
 *(.gnu.version_r)
 .gnu.version_r
                0x0000000000007230       0x40 /usr/lib/gcc/i686-linux-gnu/5/../../../i386-linux-gnu/crti.o

.rel.dyn        0x0000000000007270     0x80e0
 *(.rel.init)
 .rel.init      0x0000000000007270        0x0 /usr/lib/gcc/i686-linux-gnu/5/../../../i386-linux-gnu/crti.o
 *(.rel.text .rel.text.* .rel.gnu.linkonce.t.*)
 .rel.text      0x0000000000007270     0x79b8 /usr/lib/gcc/i686-linux-gnu/5/../../../i386-linux-gnu/crti.o
 *(.rel.fini)
 .rel.fini      0x000000000000ec28        0x0 /usr/lib/gcc/i686-linux-gnu/5/../../../i386-linux-gnu/crti.o
 *(.rel.rodata .rel.rodata.* .rel.gnu.linkonce.r.*)
 .rel.rodata    0x000000000000ec28      0x388 /usr/lib/gcc/i686-linux-gnu/5/../../../i386-linux-gnu/crti.o
 *(.rel.data.rel.ro .rel.data.rel.ro.* .rel.gnu.linkonce.d.rel.ro.*)
 *(.rel.data .rel.data.* .rel.gnu.linkonce.d.*)
 .rel.data.rel.local
                0x000000000000efb0        0x8 /usr/lib/gcc/i686-linux-gnu/5/../../../i386-linux-gnu/crti.o
 .rel.data      0x000000000000efb8      0x360 /usr/lib/gcc/i686-linux-gnu/5/../../../i386-linux-gnu/crti.o
 *(.rel.tdata .rel.tdata.* .rel.gnu.linkonce.td.*)
 *(.rel.tbss .rel.tbss.* .rel.gnu.linkonce.tb.*)
 *(.rel.ctors)
 *(.rel.dtors)
 *(.rel.got)
 .rel.got       0x000000000000f318       0x28 /usr/lib/gcc/i686-linux-gnu/5/../../../i386-linux-gnu/crti.o
 *(.rel.bss .rel.bss.* .rel.gnu.linkonce.b.*)
 *(.rel.ifunc)
 .rel.ifunc     0x000000000000f340        0x0 /usr/lib/gcc/i686-linux-gnu/5/../../../i386-linux-gnu/crti.o
 .rel.fini_array
                0x000000000000f340        0x8 /usr/lib/gcc/i686-linux-gnu/5/../../../i386-linux-gnu/crti.o
 .rel.init_array
                0x000000000000f348        0x8 /usr/lib/gcc/i686-linux-gnu/5/../../../i386-linux-gnu/crti.o

.rel.plt        0x000000000000f350        0x0
 *(.rel.plt)
 .rel.plt       0x000000000000f350        0x0 /usr/lib/gcc/i686-linux-gnu/5/../../../i386-linux-gnu/crti.o
 *(.rel.iplt)

.init           0x000000000000f350       0x23
 *(SORT(.init))
 .init          0x000000000000f350       0x1e /usr/lib/gcc/i686-linux-gnu/5/../../../i386-linux-gnu/crti.o
                0x000000000000f350                _init
 .init          0x000000000000f36e        0x5 /usr/lib/gcc/i686-linux-gnu/5/../../../i386-linux-gnu/crtn.o

.plt            0x000000000000f380       0x10
 *(.plt)
 .plt           0x000000000000f380       0x10 /usr/lib/gcc/i686-linux-gnu/5/../../../i386-linux-gnu/crti.o
 *(.iplt)

.plt.got        0x000000000000f390       0x10
 *(.plt.got)
 .plt.got       0x000000000000f390       0x10 /usr/lib/gcc/i686-linux-gnu/5/../../../i386-linux-gnu/crti.o

.text           0x000000000000f3a0    0x13f7d
 *(.text.unlikely .text.*_unlikely .text.unlikely.*)
 .text.unlikely
                0x000000000000f3a0        0x0 /usr/lib/gcc/i686-linux-gnu/5/crtbeginS.o
 *(.text.exit .text.exit.*)
 *(.text.startup .text.startup.*)
 *(.text.hot .text.hot.*)
 *(.text .stub .text.* .gnu.linkonce.t.*)
 .text          0x000000000000f3a0        0x0 /usr/lib/gcc/i686-linux-gnu/5/../../../i386-linux-gnu/crti.o
 .gnu.linkonce.t.__x86.get_pc_thunk.bx
                0x000000000000f3a0        0x4 /usr/lib/gcc/i686-linux-gnu/5/../../../i386-linux-gnu/crti.o
                0x000000000000f3a0                __x86.get_pc_thunk.bx
 *fill*         0x000000000000f3a4        0xc 
 .text          0x000000000000f3b0      0x11c /usr/lib/gcc/i686-linux-gnu/5/crtbeginS.o
 .text.__x86.get_pc_thunk.dx
                0x000000000000f4cc        0x4 /usr/lib/gcc/i686-linux-gnu/5/crtbeginS.o
                0x000000000000f4cc                __x86.get_pc_thunk.dx
 .text          0x000000000000f4d0      0x21e udp-client.o
 .text          0x000000000000f6ee      0x283 build/cooja/mtype622.o
                0x000000000000f780                platform_init_stage_one
                0x000000000000f793                platform_init_stage_two
                0x000000000000f7a6                platform_init_stage_three
                0x000000000000f7b9                platform_main_loop
                0x000000000000f82c                Java_org_contikios_cooja_corecomm_Lib5_init
                0x000000000000f863                Java_org_contikios_cooja_corecomm_Lib5_getMemory
                0x000000000000f896                Java_org_contikios_cooja_corecomm_Lib5_setMemory
                0x000000000000f8f6                Java_org_contikios_cooja_corecomm_Lib5_tick
                0x000000000000f95e                Java_org_contikios_cooja_corecomm_Lib5_setReferenceAddress
 .text          0x000000000000f971       0x65 build/cooja/mtype622.a(simEnvChange.o)
                0x000000000000f971                doActionsBeforeTick
                0x000000000000f9a3                doActionsAfterTick
 .text          0x000000000000f9d6       0x83 build/cooja/mtype622.a(cooja_mt.o)
                0x000000000000f9d6                cooja_mt_start
                0x000000000000fa00                cooja_mt_exec
                0x000000000000fa36                cooja_mt_yield
 .text          0x000000000000fa59       0xbe build/cooja/mtype622.a(cooja_mtarch.o)
                0x000000000000fa59                cooja_mtarch_start
                0x000000000000facc                cooja_sw
                0x000000000000faef                cooja_mtarch_exec
                0x000000000000fb0c                cooja_mtarch_yield
 .text          0x000000000000fb17       0xc5 build/cooja/mtype622.a(rtimer-arch.o)
                0x000000000000fb17                rtimer_arch_init
                0x000000000000fb3b                rtimer_arch_schedule
                0x000000000000fb6b                rtimer_arch_next
                0x000000000000fb7b                rtimer_arch_pending
                0x000000000000fb85                rtimer_arch_check
                0x000000000000fbcc                rtimer_arch_now
 .text          0x000000000000fbdc       0x81 build/cooja/mtype622.a(beep.o)
                0x000000000000fbdc                beep_alarm
                0x000000000000fbe9                beep_beep
                0x000000000000fbf6                beep
                0x000000000000fc03                beep_down
                0x000000000000fc10                beep_on
                0x000000000000fc1d                beep_off
                0x000000000000fc2a                beep_spinup
                0x000000000000fc37                beep_quick
                0x000000000000fc44                beep_long
 .text          0x000000000000fc5d       0x65 build/cooja/mtype622.a(leds-arch.o)
                0x000000000000fc70                leds_arch_init
 .text          0x000000000000fcc2       0x35 build/cooja/mtype622.a(moteid.o)
 .text          0x000000000000fcf7       0xb7 build/cooja/mtype622.a(pir-sensor.o)
 .text          0x000000000000fdae      0x148 build/cooja/mtype622.a(rs232.o)
                0x000000000000fdae                rs232_init
                0x000000000000fdb4                rs232_set_speed
                0x000000000000fdc3                rs232_set_input
                0x000000000000fdd1                rs232_send
                0x000000000000fdf5                rs232_print
                0x000000000000fe11                slip_arch_writeb
 .text          0x000000000000fef6       0xb7 build/cooja/mtype622.a(vib-sensor.o)
 .text          0x000000000000ffad       0x38 build/cooja/mtype622.a(clock.o)
                0x000000000000ffad                clock_init
                0x000000000000ffb3                clock_time
                0x000000000000ffbd                clock_seconds
                0x000000000000ffd3                clock_delay
 .text          0x000000000000ffe5      0x219 build/cooja/mtype622.a(cooja-log.o)
                0x000000000000ffe5                simlog_char
                0x0000000000010028                simlog
                0x000000000001009e                log_message
                0x00000000000100cf                log_set_putchar_with_slip
                0x00000000000100dd                log_putchar
                0x0000000000010158                log_puts
                0x0000000000010180                log_printf
 .text          0x00000000000101fe      0x2b9 build/cooja/mtype622.a(cfs-cooja.o)
                0x00000000000101fe                cfs_open
                0x0000000000010267                cfs_close
                0x0000000000010274                cfs_read
                0x0000000000010309                cfs_write
                0x00000000000103e5                cfs_seek
                0x000000000001046d                cfs_remove
                0x0000000000010491                cfs_opendir
                0x000000000001049b                cfs_readdir
                0x00000000000104a5                cfs_closedir
 .text          0x00000000000104b7      0x62b build/cooja/mtype622.a(cooja-radio.o)
                0x00000000000104f9                radio_set_channel
                0x0000000000010507                radio_set_txpower
                0x000000000001051f                radio_signal_strength_last
                0x0000000000010529                radio_signal_strength_current
                0x0000000000010533                radio_LQI
 .text          0x0000000000010ae2       0xee build/cooja/mtype622.a(eeprom.o)
                0x0000000000010ae2                eeprom_init
                0x0000000000010ae8                eeprom_read
                0x0000000000010b56                eeprom_write
 .text          0x0000000000010bd0       0x2d build/cooja/mtype622.a(random.o)
                0x0000000000010bd0                random_init
                0x0000000000010bf0                random_rand
 .text          0x0000000000010bfd      0x29c build/cooja/mtype622.a(sensors.o)
                0x0000000000010c38                sensors_first
                0x0000000000010c42                sensors_next
                0x0000000000010c5c                sensors_changed
                0x0000000000010c90                sensors_find
 .text          0x0000000000010e99      0x349 build/cooja/mtype622.a(leds.o)
                0x0000000000010e99                leds_init
                0x0000000000010ee0                leds_single_on
                0x0000000000010f3f                leds_single_off
                0x0000000000010f9e                leds_single_toggle
                0x0000000000010fd0                leds_on
                0x0000000000011052                leds_off
                0x00000000000110d4                leds_toggle
                0x0000000000011129                leds_set
                0x0000000000011155                leds_get
 .text          0x00000000000111e2      0x343 build/cooja/mtype622.a(gpio-hal-arch.o)
                0x00000000000111e2                gpio_hal_arch_register_pin_callback
                0x000000000001124e                gpio_hal_arch_init
                0x0000000000011293                gpio_hal_arch_no_port_interrupt_enable
                0x00000000000112c3                gpio_hal_arch_no_port_interrupt_disable
                0x00000000000112f3                gpio_hal_arch_no_port_pin_cfg_set
                0x0000000000011318                gpio_hal_arch_no_port_pin_cfg_get
                0x000000000001133e                gpio_hal_arch_no_port_pin_set_input
                0x0000000000011350                gpio_hal_arch_no_port_pin_set_output
                0x0000000000011362                gpio_hal_arch_no_port_set_pin
                0x0000000000011383                gpio_hal_arch_no_port_clear_pin
                0x00000000000113a4                gpio_hal_arch_no_port_read_pin
                0x00000000000113ca                gpio_hal_arch_no_port_write_pin
                0x00000000000113f4                gpio_hal_arch_no_port_set_pins
                0x000000000001143b                gpio_hal_arch_no_port_clear_pins
                0x0000000000011482                gpio_hal_arch_no_port_read_pins
                0x00000000000114c5                gpio_hal_arch_no_port_write_pins
 .text          0x0000000000011525       0x89 build/cooja/mtype622.a(buttons.o)
 .text          0x00000000000115ae      0x32d build/cooja/mtype622.a(contiki-main.o)
                0x00000000000115ae                main
 .text          0x00000000000118db      0x3d7 build/cooja/mtype622.a(log.o)
                0x00000000000118db                log_6addr
                0x000000000001192e                log_6addr_compact_snprint
                0x00000000000119cc                log_6addr_compact
                0x0000000000011a1f                log_lladdr
                0x0000000000011a91                log_lladdr_compact
                0x0000000000011af9                log_bytes
                0x0000000000011b3c                log_set_level
                0x0000000000011bf7                log_get_level
                0x0000000000011c70                log_level_to_str
 .text          0x0000000000011cb2       0x92 build/cooja/mtype622.a(autostart.o)
                0x0000000000011cb2                autostart_start
                0x0000000000011cfc                autostart_exit
 .text          0x0000000000011d44       0x1b build/cooja/mtype622.a(energest.o)
                0x0000000000011d44                energest_init
                0x0000000000011d4a                energest_flush
                0x0000000000011d50                energest_get_total_time
 .text          0x0000000000011d5f      0x43f build/cooja/mtype622.a(etimer.o)
                0x0000000000011f83                etimer_request_poll
                0x000000000001200c                etimer_set
                0x0000000000012035                etimer_reset_with_new_interval
                0x0000000000012064                etimer_reset
                0x000000000001208a                etimer_restart
                0x00000000000120b0                etimer_adjust
                0x00000000000120cd                etimer_expired
                0x00000000000120e0                etimer_expiration_time
                0x00000000000120f2                etimer_start_time
                0x00000000000120fc                etimer_pending
                0x000000000001210e                etimer_next_expiration_time
                0x0000000000012128                etimer_stop
 .text          0x000000000001219e       0x25 build/cooja/mtype622.a(node-id.o)
                0x000000000001219e                node_id_init
 .text          0x00000000000121c3      0x355 build/cooja/mtype622.a(ctimer.o)
                0x00000000000122eb                ctimer_init
                0x000000000001231e                ctimer_set
                0x0000000000012344                ctimer_set_with_process
                0x00000000000123c1                ctimer_reset
                0x0000000000012415                ctimer_restart
                0x0000000000012469                ctimer_stop
                0x00000000000124b9                ctimer_expired
 .text          0x0000000000012518       0xeb build/cooja/mtype622.a(rtimer.o)
                0x0000000000012518                rtimer_init
                0x0000000000012526                rtimer_set
                0x00000000000125a1                rtimer_run_next
 .text          0x0000000000012603      0x4fb build/cooja/mtype622.a(process.o)
                0x0000000000012603                process_alloc_event
                0x0000000000012618                process_start
                0x00000000000127f2                process_exit
                0x000000000001280f                process_init
                0x00000000000129a4                process_run
                0x00000000000129d7                process_nevents
                0x00000000000129f2                process_post
                0x0000000000012a85                process_post_synch
                0x0000000000012aba                process_poll
                0x0000000000012aea                process_is_running
 .text          0x0000000000012afe       0xb1 build/cooja/mtype622.a(timer.o)
                0x0000000000012afe                timer_set
                0x0000000000012b1c                timer_reset
                0x0000000000012b49                timer_restart
                0x0000000000012b5e                timer_expired
                0x0000000000012b8b                timer_remaining
 .text          0x0000000000012baf      0x28f build/cooja/mtype622.a(list.o)
                0x0000000000012baf                list_init
                0x0000000000012bbe                list_head
                0x0000000000012bc8                list_copy
                0x0000000000012bd8                list_tail
                0x0000000000012c0e                list_add
                0x0000000000012c5a                list_push
                0x0000000000012c86                list_chop
                0x0000000000012cf0                list_pop
                0x0000000000012d18                list_remove
                0x0000000000012d80                list_length
                0x0000000000012dae                list_insert
                0x0000000000012df3                list_item_next
                0x0000000000012e0a                list_contains
 .text          0x0000000000012e3e      0x41c build/cooja/mtype622.a(button-hal.o)
                0x0000000000012fb7                button_hal_get_by_id
                0x0000000000012ff5                button_hal_get_by_index
                0x0000000000013021                button_hal_get_state
                0x0000000000013073                button_hal_init
 .text          0x000000000001325a      0x1f3 build/cooja/mtype622.a(serial-line.o)
                0x000000000001325a                serial_line_input_byte
                0x0000000000013418                serial_line_init
 .text          0x000000000001344d      0x168 build/cooja/mtype622.a(gpio-hal.o)
                0x000000000001344d                gpio_hal_register_handler
                0x000000000001346a                gpio_hal_event_handler
                0x00000000000134c6                gpio_hal_init
                0x00000000000134e5                gpio_hal_arch_port_toggle_pin
                0x0000000000013521                gpio_hal_arch_port_toggle_pins
                0x000000000001354f                gpio_hal_arch_no_port_toggle_pin
                0x000000000001358d                gpio_hal_arch_no_port_toggle_pins
 .text          0x00000000000135b5      0x2e7 build/cooja/mtype622.a(queuebuf.o)
                0x00000000000135bf                queuebuf_init
                0x00000000000135e8                queuebuf_numfree
                0x0000000000013600                queuebuf_new_from_packetbuf
                0x000000000001369f                queuebuf_update_attr_from_packetbuf
                0x00000000000136d4                queuebuf_update_from_packetbuf
                0x0000000000013724                queuebuf_free
                0x000000000001376d                queuebuf_to_packetbuf
                0x00000000000137d9                queuebuf_dataptr
                0x0000000000013813                queuebuf_datalen
                0x0000000000013836                queuebuf_addr
                0x000000000001386b                queuebuf_attr
                0x0000000000013896                queuebuf_debug_print
 .text          0x000000000001389c      0x407 build/cooja/mtype622.a(packetbuf.o)
                0x000000000001389c                packetbuf_clear
                0x00000000000138c7                packetbuf_copyfrom
                0x0000000000013916                packetbuf_copyto
                0x00000000000139a9                packetbuf_hdralloc
                0x0000000000013a25                packetbuf_hdrreduce
                0x0000000000013a6b                packetbuf_set_datalen
                0x0000000000013a85                packetbuf_dataptr
                0x0000000000013aa2                packetbuf_hdrptr
                0x0000000000013aac                packetbuf_datalen
                0x0000000000013ab8                packetbuf_hdrlen
                0x0000000000013acf                packetbuf_totlen
                0x0000000000013ae5                packetbuf_remaininglen
                0x0000000000013af8                packetbuf_attr_clear
                0x0000000000013b44                packetbuf_attr_copyto
                0x0000000000013b9c                packetbuf_attr_copyfrom
                0x0000000000013bf4                packetbuf_set_attr
                0x0000000000013c1e                packetbuf_attr
                0x0000000000013c38                packetbuf_set_addr
                0x0000000000013c69                packetbuf_addr
                0x0000000000013c86                packetbuf_holds_broadcast
 .text          0x0000000000013ca3       0xef build/cooja/mtype622.a(netstack.o)
                0x0000000000013ca3                netstack_process_ip_callback
                0x0000000000013d34                netstack_ip_packet_processor_add
                0x0000000000013d57                uip_ds6_ip_packet_processor_rm
                0x0000000000013d74                netstack_init
 .text          0x0000000000013d92       0x4f build/cooja/mtype622.a(linkaddr.o)
                0x0000000000013d92                linkaddr_copy
                0x0000000000013da8                linkaddr_cmp
                0x0000000000013dcb                linkaddr_set_node_addr
 .text          0x0000000000013de1      0x1f6 build/cooja/mtype622.a(csma.o)
 .text          0x0000000000013fd7      0x95d build/cooja/mtype622.a(csma-output.o)
                0x000000000001466e                csma_output_packet
                0x00000000000148fb                csma_output_init
 .text          0x0000000000014934      0xc11 build/cooja/mtype622.a(uip-ds6.o)
                0x0000000000014934                uip_ds6_default_prefix
                0x000000000001493e                uip_ds6_set_default_prefix
                0x0000000000014969                uip_ds6_init
                0x0000000000014bcb                uip_ds6_periodic
                0x0000000000014c52                uip_ds6_list_loop
                0x0000000000014d12                uip_ds6_prefix_add
                0x0000000000014dbe                uip_ds6_prefix_rm
                0x0000000000014dd1                uip_ds6_prefix_lookup
                0x0000000000014e10                uip_ds6_is_addr_onlink
                0x0000000000014e83                uip_ds6_addr_add
                0x0000000000014fa3                uip_ds6_addr_rm
                0x000000000001504c                uip_ds6_addr_lookup
                0x0000000000015085                uip_ds6_get_link_local
                0x0000000000015106                uip_ds6_get_global
                0x0000000000015187                uip_ds6_maddr_add
                0x00000000000151e7                uip_ds6_maddr_rm
                0x00000000000151fa                uip_ds6_maddr_lookup
                0x0000000000015233                uip_ds6_aaddr_add
                0x0000000000015293                uip_ds6_aaddr_rm
                0x00000000000152a6                uip_ds6_aaddr_lookup
                0x00000000000152df                uip_ds6_select_src
                0x0000000000015428                uip_ds6_set_addr_iid
                0x0000000000015453                uip_ds6_set_lladdr_from_iid
                0x000000000001547c                get_match_length
                0x000000000001550d                uip_ds6_compute_reachable_time
 .text          0x0000000000015545      0x4d1 build/cooja/mtype622.a(uiplib.o)
                0x0000000000015545                uiplib_ip6addrconv
                0x00000000000156fd                uiplib_ip4addrconv
                0x00000000000157c0                uiplib_ipaddr_print
                0x0000000000015813                uiplib_ipaddr_snprint
 .text          0x0000000000015a16      0x35b build/cooja/mtype622.a(uip-ds6-route.o)
                0x0000000000015a67                uip_ds6_route_init
                0x0000000000015a91                uip_ds6_route_nexthop
                0x0000000000015a9b                uip_ds6_route_head
                0x0000000000015aa5                uip_ds6_route_next
                0x0000000000015aaf                uip_ds6_route_is_nexthop
                0x0000000000015ab9                uip_ds6_route_num_routes
                0x0000000000015ac3                uip_ds6_route_lookup
                0x0000000000015acd                uip_ds6_route_add
                0x0000000000015ae0                uip_ds6_route_rm
                0x0000000000015ae6                uip_ds6_route_rm_by_nexthop
                0x0000000000015aec                uip_ds6_defrt_head
                0x0000000000015b05                uip_ds6_defrt_add
                0x0000000000015bb3                uip_ds6_defrt_rm
                0x0000000000015c19                uip_ds6_defrt_lookup
                0x0000000000015c80                uip_ds6_defrt_choose
                0x0000000000015cf6                uip_ds6_defrt_periodic
 .text          0x0000000000015d71      0x6f7 build/cooja/mtype622.a(tcpip.o)
                0x0000000000015d8b                tcpip_output
                0x0000000000015e0a                udp_attach
                0x0000000000015e22                udp_new
                0x0000000000015e6c                udp_broadcast_new
                0x0000000000015fde                tcpip_input
                0x000000000001616e                tcpip_ipv6_output
                0x0000000000016362                tcpip_poll_udp
                0x0000000000016380                tcpip_uipcall
 .text          0x0000000000016468     0x1205 build/cooja/mtype622.a(uip6.o)
                0x0000000000016517                uip_chksum
                0x00000000000165ee                uip_icmp6chksum
                0x0000000000016603                uip_udpchksum
                0x0000000000016618                uip_init
                0x0000000000016661                uip_remove_ext_hdr
                0x000000000001673b                uip_udp_new
                0x0000000000016a4f                uip_process
                0x0000000000017547                uip_htons
                0x0000000000017569                uip_htonl
                0x00000000000175a7                uip_send
 .text          0x000000000001766d      0x369 build/cooja/mtype622.a(uip-ds6-nbr.o)
                0x000000000001766d                uip_ds6_neighbors_init
                0x0000000000017691                uip_ds6_nbr_add
                0x0000000000017717                uip_ds6_nbr_rm
                0x0000000000017762                uip_ds6_nbr_update_ll
                0x0000000000017850                uip_ds6_nbr_get_ipaddr
                0x0000000000017865                uip_ds6_nbr_get_ll
                0x0000000000017881                uip_ds6_nbr_num
                0x00000000000178ca                uip_ds6_nbr_head
                0x00000000000178e3                uip_ds6_nbr_next
                0x00000000000178ff                uip_ds6_nbr_lookup
                0x0000000000017957                uip_ds6_nbr_ll_lookup
                0x0000000000017973                uip_ds6_nbr_ipaddr_from_lladdr
                0x000000000001799c                uip_ds6_nbr_lladdr_from_ipaddr
                0x00000000000179d0                uip_ds6_link_callback
 .text          0x00000000000179d6      0x6a7 build/cooja/mtype622.a(uip-nd6.o)
                0x0000000000018064                uip_nd6_init
 .text          0x000000000001807d      0x3b0 build/cooja/mtype622.a(simple-udp.o)
                0x00000000000180aa                simple_udp_send
                0x000000000001810d                simple_udp_sendto
                0x0000000000018168                simple_udp_sendto_port
                0x00000000000181c1                simple_udp_register
 .text          0x000000000001842d     0x2c17 build/cooja/mtype622.a(sicslowpan.o)
                0x0000000000018a34                netstack_sniffer_add
                0x0000000000018a42                netstack_sniffer_remove
                0x000000000001b018                sicslowpan_init
                0x000000000001b03a                sicslowpan_get_last_rssi
 .text          0x000000000001b044      0x4c9 build/cooja/mtype622.a(rpl.o)
                0x000000000001b044                rpl_lollipop_greater_than
                0x000000000001b09e                rpl_get_global_address
                0x000000000001b196                rpl_link_callback
                0x000000000001b1da                rpl_has_joined
                0x000000000001b1ff                rpl_is_reachable
                0x000000000001b280                rpl_reset_prefix
                0x000000000001b2ea                rpl_set_prefix_from_addr
                0x000000000001b3cf                rpl_set_prefix
                0x000000000001b4e9                rpl_set_leaf_only
                0x000000000001b501                rpl_get_leaf_only
 .text          0x000000000001b50d      0x264 build/cooja/mtype622.a(rpl-dag-root.o)
                0x000000000001b50d                rpl_dag_root_print_links
                0x000000000001b639                rpl_dag_root_set_prefix
                0x000000000001b665                rpl_dag_root_start
                0x000000000001b742                rpl_dag_root_is_root
 .text          0x000000000001b771       0x30 build/cooja/mtype622.a(watchdog.o)
                0x000000000001b771                watchdog_init
                0x000000000001b777                watchdog_start
                0x000000000001b77d                watchdog_periodic
                0x000000000001b795                watchdog_stop
                0x000000000001b79b                watchdog_reboot
 .text          0x000000000001b7a1       0x4a build/cooja/mtype622.a(int-master.o)
                0x000000000001b7a1                int_master_enable
                0x000000000001b7b1                int_master_read_and_disable
                0x000000000001b7ce                int_master_status_set
                0x000000000001b7dc                int_master_is_enabled
 .text          0x000000000001b7eb       0xc7 build/cooja/mtype622.a(stimer.o)
                0x000000000001b7eb                stimer_set
                0x000000000001b809                stimer_reset
                0x000000000001b836                stimer_restart
                0x000000000001b84b                stimer_expired
                0x000000000001b876                stimer_remaining
                0x000000000001b89a                stimer_elapsed
 .text          0x000000000001b8b2      0x1b5 build/cooja/mtype622.a(memb.o)
                0x000000000001b8b2                memb_init
                0x000000000001b907                memb_alloc
                0x000000000001b96a                memb_free
                0x000000000001b9e1                memb_inmemb
                0x000000000001ba20                memb_numfree
 .text          0x000000000001ba67       0x1f build/cooja/mtype622.a(assert.o)
                0x000000000001ba67                _xassert
 .text          0x000000000001ba86      0x156 build/cooja/mtype622.a(ringbuf.o)
                0x000000000001ba86                ringbuf_init
                0x000000000001bab8                ringbuf_put
                0x000000000001bb36                ringbuf_get
                0x000000000001bba3                ringbuf_size
                0x000000000001bbb5                ringbuf_elements
 .text          0x000000000001bbdc      0x79b build/cooja/mtype622.a(nbr-table.o)
                0x000000000001c055                nbr_table_register
                0x000000000001c0c2                nbr_table_is_registered
                0x000000000001c0fd                nbr_table_head
                0x000000000001c158                nbr_table_next
                0x000000000001c1b9                nbr_table_add_lladdr
                0x000000000001c293                nbr_table_get_from_lladdr
                0x000000000001c2df                nbr_table_remove
                0x000000000001c317                nbr_table_lock
                0x000000000001c331                nbr_table_unlock
                0x000000000001c34b                nbr_table_get_lladdr
 .text          0x000000000001c377      0x3a5 build/cooja/mtype622.a(link-stats.o)
                0x000000000001c377                link_stats_from_lladdr
                0x000000000001c393                link_stats_get_lladdr
                0x000000000001c3af                link_stats_is_fresh
                0x000000000001c3eb                guess_etx_from_rssi
                0x000000000001c467                link_stats_packet_sent
                0x000000000001c587                link_stats_input_callback
                0x000000000001c697                link_stats_reset
                0x000000000001c6e7                link_stats_init
 .text          0x000000000001c71c      0x187 build/cooja/mtype622.a(mac-sequence.o)
                0x000000000001c71c                mac_sequence_is_duplicate
                0x000000000001c7bc                mac_sequence_register_seqno
 .text          0x000000000001c8a3       0x23 build/cooja/mtype622.a(mac.o)
                0x000000000001c8a3                mac_call_sent_callback
 .text          0x000000000001c8c6      0x432 build/cooja/mtype622.a(framer-802154.o)
                0x000000000001ca55                framer_802154_setup_params
 .text          0x000000000001ccf8      0xb6f build/cooja/mtype622.a(frame802154.o)
                0x000000000001cd29                frame802154_get_pan_id
                0x000000000001cd35                frame802154_set_pan_id
                0x000000000001cd4f                frame802154_has_panid
                0x000000000001cefe                frame802154_check_dest_panid
                0x000000000001cf86                frame802154_is_broadcast_addr
                0x000000000001cfd3                frame802154_extract_linkaddr
                0x000000000001d238                frame802154_hdrlen
                0x000000000001d2ab                frame802154_create_fcf
                0x000000000001d363                frame802154_create
                0x000000000001d4d8                frame802154_parse_fcf
                0x000000000001d5ba                frame802154_parse
 .text          0x000000000001d867       0x2d build/cooja/mtype622.a(csma-security.o)
                0x000000000001d867                csma_security_create_frame
                0x000000000001d885                csma_security_parse_frame
 .text          0x000000000001d894      0x4e4 build/cooja/mtype622.a(uipbuf.o)
                0x000000000001d894                uipbuf_clear
                0x000000000001d8bb                uipbuf_add_ext_hdr
                0x000000000001d93b                uipbuf_set_len
                0x000000000001d968                uipbuf_set_len_field
                0x000000000001d994                uipbuf_get_len_field
                0x000000000001d9b4                uipbuf_get_next_header
                0x000000000001dae6                uipbuf_get_last_header
                0x000000000001db5f                uipbuf_search_header
                0x000000000001dc15                uipbuf_get_attr
                0x000000000001dc3c                uipbuf_set_attr
                0x000000000001dc73                uipbuf_set_default_attr
                0x000000000001dcaa                uipbuf_clear_attr
                0x000000000001dcce                uipbuf_set_attr_flag
                0x000000000001dcef                uipbuf_clr_attr_flag
                0x000000000001dd16                uipbuf_is_attr_flag
                0x000000000001dd3a                uipbuf_init
 .text          0x000000000001dd78      0x73f build/cooja/mtype622.a(uip-icmp6.o)
                0x000000000001dded                uip_icmp6_input
                0x000000000001de44                uip_icmp6_register_input_handler
                0x000000000001df97                uip_icmp6_error_output
                0x000000000001e248                uip_icmp6_send
                0x000000000001e43f                uip_icmp6_echo_reply_callback_add
                0x000000000001e471                uip_icmp6_echo_reply_callback_rm
                0x000000000001e48e                uip_icmp6_init
 .text          0x000000000001e4b7      0x69b build/cooja/mtype622.a(uip-sr.o)
                0x000000000001e4b7                uip_sr_num_nodes
                0x000000000001e545                uip_sr_get_node
                0x000000000001e59c                uip_sr_is_addr_reachable
                0x000000000001e64a                uip_sr_expire_parent
                0x000000000001e693                uip_sr_update_node
                0x000000000001e7c3                uip_sr_init
                0x000000000001e7f7                uip_sr_node_head
                0x000000000001e810                uip_sr_node_next
                0x000000000001e826                uip_sr_periodic
                0x000000000001e92c                uip_sr_free_all
                0x000000000001e99c                uip_sr_link_snprint
 .text          0x000000000001eb52      0x146 build/cooja/mtype622.a(uip-packetqueue)
                0x000000000001eb80                uip_packetqueue_new
                0x000000000001eb8f                uip_packetqueue_alloc
                0x000000000001ebea                uip_packetqueue_free
                0x000000000001ec31                uip_packetqueue_buf
                0x000000000001ec4e                uip_packetqueue_buflen
                0x000000000001ec6f                uip_packetqueue_set_buflen
 .text          0x000000000001ec98      0x128 build/cooja/mtype622.a(uip-udp-packet.)
                0x000000000001ec98                uip_udp_packet_send
                0x000000000001ecf3                uip_udp_packet_sendto
 .text          0x000000000001edc0     0x138c build/cooja/mtype622.a(rpl-icmp6.o)
                0x000000000001eee5                rpl_icmp6_update_nbr_table
                0x000000000001ef6e                rpl_icmp6_dis_output
                0x000000000001f5b4                rpl_icmp6_dio_output
                0x000000000001fdb2                rpl_icmp6_dao_output
                0x0000000000020093                rpl_icmp6_dao_ack_output
                0x0000000000020103                rpl_icmp6_init
 .text          0x000000000002014c      0x915 build/cooja/mtype622.a(rpl-neighbor.o)
                0x00000000000201c8                rpl_neighbor_snprint
                0x000000000002047b                rpl_neighbor_print_list
                0x0000000000020530                rpl_neighbor_count
                0x00000000000205d7                rpl_neighbor_get_from_lladdr
                0x00000000000205f3                rpl_neighbor_is_acceptable_parent
                0x0000000000020627                rpl_neighbor_get_link_metric
                0x000000000002065b                rpl_neighbor_rank_via_nbr
                0x000000000002068f                rpl_neighbor_get_lladdr
                0x00000000000206ab                rpl_neighbor_get_ipaddr
                0x00000000000206d2                rpl_neighbor_get_link_stats
                0x00000000000206f9                rpl_neighbor_is_fresh
                0x0000000000020720                rpl_neighbor_is_reachable
                0x000000000002076b                rpl_neighbor_is_parent
                0x0000000000020795                rpl_neighbor_set_preferred_parent
                0x000000000002082c                rpl_neighbor_remove_all
                0x0000000000020888                rpl_neighbor_get_from_ipaddr
                0x0000000000020996                rpl_neighbor_select_best
                0x0000000000020a42                rpl_neighbor_init
 .text          0x0000000000020a61      0xe69 build/cooja/mtype622.a(rpl-dag.o)
                0x0000000000020a61                rpl_dag_state_to_str
                0x0000000000020aa0                rpl_dag_get_root_ipaddr
                0x0000000000020ae8                rpl_dag_leave
                0x0000000000020b71                rpl_dag_poison_and_leave
                0x0000000000020b89                rpl_dag_periodic
                0x0000000000020c11                rpl_is_addr_in_our_dag
                0x0000000000020c55                rpl_get_default_instance
                0x0000000000020c71                rpl_get_any_dag
                0x0000000000020cca                rpl_refresh_routes
                0x0000000000020d0a                rpl_global_repair
                0x0000000000020da3                rpl_local_repair
                0x0000000000020ded                rpl_dag_ready_to_advertise
                0x0000000000020e30                rpl_dag_update_state
                0x000000000002155d                rpl_process_dio
                0x00000000000215db                rpl_process_dis
                0x0000000000021620                rpl_process_dao
                0x00000000000216af                rpl_process_dao_ack
                0x0000000000021746                rpl_process_hbh
                0x0000000000021796                rpl_dag_init_root
                0x00000000000218aa                rpl_dag_init
 .text          0x00000000000218ca      0x9e7 build/cooja/mtype622.a(rpl-timers.o)
                0x00000000000218ca                rpl_timers_schedule_periodic_dis
                0x0000000000021a18                rpl_timers_dio_reset
                0x0000000000021b26                rpl_timers_schedule_unicast_dio
                0x0000000000021c7a                rpl_timers_schedule_dao
                0x0000000000021d39                rpl_timers_schedule_dao_ack
                0x0000000000021dbf                rpl_timers_notify_dao_ack
                0x0000000000021e1d                get_probing_delay
                0x0000000000021e51                get_probing_target
                0x000000000002203b                rpl_schedule_probing
                0x0000000000022069                rpl_schedule_probing_now
                0x00000000000220d3                rpl_timers_unschedule_leaving
                0x000000000002210b                rpl_timers_schedule_leaving
                0x000000000002214c                rpl_timers_init
                0x00000000000221dc                rpl_timers_stop_dag_timers
                0x0000000000022255                rpl_timers_unschedule_state_update
                0x0000000000022279                rpl_timers_schedule_state_update
 .text          0x00000000000222b1      0xba1 build/cooja/mtype622.a(rpl-ext-header.)
                0x00000000000222b1                rpl_ext_header_srh_get_next_hop
                0x0000000000022398                rpl_ext_header_srh_update
                0x0000000000022917                rpl_ext_header_hbh_update
                0x0000000000022c17                rpl_ext_header_update
                0x0000000000022ca0                rpl_ext_header_remove
 .text          0x0000000000022e52      0x1b0 build/cooja/mtype622.a(rpl-nbr-policy.)
                0x0000000000022fbf                rpl_nbr_policy_find_removable
 .text          0x0000000000023002      0x31b build/cooja/mtype622.a(rpl-mrhof.o)
 .text          0x000000000002331d        0x0 /usr/lib/gcc/i686-linux-gnu/5/crtendS.o
 .text          0x000000000002331d        0x0 /usr/lib/gcc/i686-linux-gnu/5/../../../i386-linux-gnu/crtn.o
 *(.gnu.warning)

.fini           0x0000000000023320       0x14
 *(SORT(.fini))
 .fini          0x0000000000023320        0xf /usr/lib/gcc/i686-linux-gnu/5/../../../i386-linux-gnu/crti.o
                0x0000000000023320                _fini
 .fini          0x000000000002332f        0x5 /usr/lib/gcc/i686-linux-gnu/5/../../../i386-linux-gnu/crtn.o
                [!provide]                        PROVIDE (__etext, .)
                [!provide]                        PROVIDE (_etext, .)
                [!provide]                        PROVIDE (etext, .)

.rodata         0x0000000000023340      0x78b
 *(.rodata .rodata.* .gnu.linkonce.r.*)
 .rodata        0x0000000000023340       0x77 udp-client.o
                0x000000000002334c                autostart_processes
 *fill*         0x00000000000233b7        0x1 
 .rodata        0x00000000000233b8        0x8 build/cooja/mtype622.a(beep.o)
                0x00000000000233b8                beep_interface
 .rodata        0x00000000000233c0        0xe build/cooja/mtype622.a(leds-arch.o)
                0x00000000000233c0                leds_interface
                0x00000000000233c8                leds_arch_leds
 *fill*         0x00000000000233ce        0x2 
 .rodata        0x00000000000233d0        0x8 build/cooja/mtype622.a(moteid.o)
                0x00000000000233d0                moteid_interface
 .rodata        0x00000000000233d8       0x1c build/cooja/mtype622.a(pir-sensor.o)
                0x00000000000233d8                pir_interface
                0x00000000000233e4                pir_sensor
 .rodata        0x00000000000233f4        0xe build/cooja/mtype622.a(rs232.o)
                0x00000000000233f4                rs232_interface
 *fill*         0x0000000000023402        0x2 
 .rodata        0x0000000000023404       0x24 build/cooja/mtype622.a(vib-sensor.o)
                0x0000000000023404                vib_interface
                0x0000000000023418                vib_sensor
 .rodata        0x0000000000023428        0x8 build/cooja/mtype622.a(clock.o)
                0x0000000000023428                clock_interface
 .rodata        0x0000000000023430        0x8 build/cooja/mtype622.a(cooja-log.o)
                0x0000000000023430                simlog_interface
 .rodata        0x0000000000023438       0x2f build/cooja/mtype622.a(cfs-cooja.o)
                0x0000000000023438                cfs_interface
 *fill*         0x0000000000023467       0x19 
 .rodata        0x0000000000023480       0xb8 build/cooja/mtype622.a(cooja-radio.o)
                0x0000000000023480                radio_interface
                0x0000000000023500                cooja_radio_driver
 .rodata        0x0000000000023538        0x8 build/cooja/mtype622.a(eeprom.o)
                0x0000000000023538                eeprom_interface
 .rodata        0x0000000000023540        0x8 build/cooja/mtype622.a(sensors.o)
 .rodata        0x0000000000023548       0x2c build/cooja/mtype622.a(buttons.o)
                0x0000000000023548                button_interface
                0x000000000002355c                button_hal_button_count
                0x0000000000023564                button_sensor
 .rodata        0x0000000000023574       0xf4 build/cooja/mtype622.a(contiki-main.o)
 .rodata        0x0000000000023668       0xc4 build/cooja/mtype622.a(log.o)
 .rodata        0x000000000002372c        0xc build/cooja/mtype622.a(etimer.o)
 .rodata        0x0000000000023738        0xf build/cooja/mtype622.a(ctimer.o)
 .rodata        0x0000000000023747       0x13 build/cooja/mtype622.a(button-hal.o)
 .rodata        0x000000000002375a        0xe build/cooja/mtype622.a(serial-line.o)
 .rodata        0x0000000000023768        0x8 build/cooja/mtype622.a(linkaddr.o)
                0x0000000000023768                linkaddr_null
 .rodata        0x0000000000023770       0x24 build/cooja/mtype622.a(csma.o)
                0x0000000000023778                csma_driver
 .rodata        0x0000000000023794       0x24 build/cooja/mtype622.a(csma-output.o)
 .rodata        0x00000000000237b8       0x2d build/cooja/mtype622.a(uiplib.o)
 *fill*         0x00000000000237e5        0x3 
 .rodata        0x00000000000237e8       0x4d build/cooja/mtype622.a(uip-ds6-route.o)
 .rodata        0x0000000000023835        0xd build/cooja/mtype622.a(tcpip.o)
 .rodata        0x0000000000023842       0x13 build/cooja/mtype622.a(simple-udp.o)
 *fill*         0x0000000000023855        0x3 
 .rodata        0x0000000000023858       0x30 build/cooja/mtype622.a(sicslowpan.o)
                0x0000000000023858                unc_llconf
                0x000000000002385c                unc_ctxconf
                0x0000000000023860                unc_mxconf
                0x0000000000023864                llprefix
                0x0000000000023878                sicslowpan_driver
 *fill*         0x0000000000023888       0x18 
 .rodata        0x00000000000238a0       0x74 build/cooja/mtype622.a(rpl.o)
                0x00000000000238c0                rpl_lite_driver
 .rodata        0x0000000000023914       0x25 build/cooja/mtype622.a(assert.o)
 *fill*         0x0000000000023939        0x3 
 .rodata        0x000000000002393c        0xc build/cooja/mtype622.a(framer-802154.o)
                0x000000000002393c                framer_802154
 .rodata        0x0000000000023948       0x44 build/cooja/mtype622.a(uip-sr.o)
 .rodata        0x000000000002398c       0x58 build/cooja/mtype622.a(rpl-neighbor.o)
 .rodata        0x00000000000239e4       0xdb build/cooja/mtype622.a(rpl-dag.o)
 .rodata        0x0000000000023abf        0xc build/cooja/mtype622.a(rpl-timers.o)

.rodata1
 *(.rodata1)

.eh_frame_hdr   0x0000000000023acc     0x1604
 *(.eh_frame_hdr)
 .eh_frame_hdr  0x0000000000023acc     0x1604 udp-client.o
                0x0000000000023acc                __GNU_EH_FRAME_HDR
 *(.eh_frame_entry .eh_frame_entry.*)

.eh_frame       0x00000000000250d0     0x58f4
 *(.eh_frame)
 .eh_frame      0x00000000000250d0       0x3c /usr/lib/gcc/i686-linux-gnu/5/../../../i386-linux-gnu/crti.o
                                         0x40 (size before relaxing)
 .eh_frame      0x000000000002510c       0x40 udp-client.o
                                         0x58 (size before relaxing)
 .eh_frame      0x000000000002514c      0x178 build/cooja/mtype622.o
                                        0x190 (size before relaxing)
 .eh_frame      0x00000000000252c4       0x40 build/cooja/mtype622.a(simEnvChange.o)
                                         0x58 (size before relaxing)
 .eh_frame      0x0000000000025304       0x60 build/cooja/mtype622.a(cooja_mt.o)
                                         0x78 (size before relaxing)
 .eh_frame      0x0000000000025364       0x80 build/cooja/mtype622.a(cooja_mtarch.o)
                                         0x98 (size before relaxing)
 .eh_frame      0x00000000000253e4       0xc8 build/cooja/mtype622.a(rtimer-arch.o)
                                         0xe0 (size before relaxing)
 .eh_frame      0x00000000000254ac      0x160 build/cooja/mtype622.a(beep.o)
                                        0x178 (size before relaxing)
 .eh_frame      0x000000000002560c       0x80 build/cooja/mtype622.a(leds-arch.o)
                                         0x98 (size before relaxing)
 .eh_frame      0x000000000002568c       0x40 build/cooja/mtype622.a(moteid.o)
                                         0x58 (size before relaxing)
 .eh_frame      0x00000000000256cc       0xa0 build/cooja/mtype622.a(pir-sensor.o)
                                         0xb8 (size before relaxing)
 .eh_frame      0x000000000002576c      0x100 build/cooja/mtype622.a(rs232.o)
                                        0x118 (size before relaxing)
 .eh_frame      0x000000000002586c       0xa0 build/cooja/mtype622.a(vib-sensor.o)
                                         0xb8 (size before relaxing)
 .eh_frame      0x000000000002590c       0xc0 build/cooja/mtype622.a(clock.o)
                                         0xd8 (size before relaxing)
 .eh_frame      0x00000000000259cc      0x120 build/cooja/mtype622.a(cooja-log.o)
                                        0x138 (size before relaxing)
 .eh_frame      0x0000000000025aec      0x160 build/cooja/mtype622.a(cfs-cooja.o)
                                        0x178 (size before relaxing)
 .eh_frame      0x0000000000025c4c      0x340 build/cooja/mtype622.a(cooja-radio.o)
                                        0x358 (size before relaxing)
 .eh_frame      0x0000000000025f8c       0xa0 build/cooja/mtype622.a(eeprom.o)
                                         0xb8 (size before relaxing)
 .eh_frame      0x000000000002602c       0x40 build/cooja/mtype622.a(random.o)
                                         0x58 (size before relaxing)
 .eh_frame      0x000000000002606c       0xc0 build/cooja/mtype622.a(sensors.o)
                                         0xd8 (size before relaxing)
 .eh_frame      0x000000000002612c      0x120 build/cooja/mtype622.a(leds.o)
                                        0x138 (size before relaxing)
 .eh_frame      0x000000000002624c      0x220 build/cooja/mtype622.a(gpio-hal-arch.o)
                                        0x238 (size before relaxing)
 .eh_frame      0x000000000002646c       0xa0 build/cooja/mtype622.a(buttons.o)
                                         0xb8 (size before relaxing)
 .eh_frame      0x000000000002650c       0x30 build/cooja/mtype622.a(contiki-main.o)
                                         0x48 (size before relaxing)
 .eh_frame      0x000000000002653c      0x120 build/cooja/mtype622.a(log.o)
                                        0x138 (size before relaxing)
 .eh_frame      0x000000000002665c       0x40 build/cooja/mtype622.a(autostart.o)
                                         0x58 (size before relaxing)
 .eh_frame      0x000000000002669c       0x60 build/cooja/mtype622.a(energest.o)
                                         0x78 (size before relaxing)
 .eh_frame      0x00000000000266fc      0x1e0 build/cooja/mtype622.a(etimer.o)
                                        0x1f8 (size before relaxing)
 .eh_frame      0x00000000000268dc       0x20 build/cooja/mtype622.a(node-id.o)
                                         0x38 (size before relaxing)
 .eh_frame      0x00000000000268fc      0x100 build/cooja/mtype622.a(ctimer.o)
                                        0x118 (size before relaxing)
 .eh_frame      0x00000000000269fc       0x60 build/cooja/mtype622.a(rtimer.o)
                                         0x78 (size before relaxing)
 .eh_frame      0x0000000000026a5c      0x1c4 build/cooja/mtype622.a(process.o)
                                        0x1dc (size before relaxing)
 .eh_frame      0x0000000000026c20       0xa4 build/cooja/mtype622.a(timer.o)
                                         0xbc (size before relaxing)
 .eh_frame      0x0000000000026cc4      0x1a0 build/cooja/mtype622.a(list.o)
                                        0x1b8 (size before relaxing)
 .eh_frame      0x0000000000026e64      0x144 build/cooja/mtype622.a(button-hal.o)
                                        0x15c (size before relaxing)
 .eh_frame      0x0000000000026fa8       0x60 build/cooja/mtype622.a(serial-line.o)
                                         0x78 (size before relaxing)
 .eh_frame      0x0000000000027008       0xe0 build/cooja/mtype622.a(gpio-hal.o)
                                         0xf8 (size before relaxing)
 .eh_frame      0x00000000000270e8      0x1a0 build/cooja/mtype622.a(queuebuf.o)
                                        0x1b8 (size before relaxing)
 .eh_frame      0x0000000000027288      0x28c build/cooja/mtype622.a(packetbuf.o)
                                        0x2a4 (size before relaxing)
 .eh_frame      0x0000000000027514       0x80 build/cooja/mtype622.a(netstack.o)
                                         0x98 (size before relaxing)
 .eh_frame      0x0000000000027594       0x60 build/cooja/mtype622.a(linkaddr.o)
                                         0x78 (size before relaxing)
 .eh_frame      0x00000000000275f4       0xe0 build/cooja/mtype622.a(csma.o)
                                         0xf8 (size before relaxing)
 .eh_frame      0x00000000000276d4      0x1d0 build/cooja/mtype622.a(csma-output.o)
                                        0x1e8 (size before relaxing)
 .eh_frame      0x00000000000278a4      0x328 build/cooja/mtype622.a(uip-ds6.o)
                                        0x340 (size before relaxing)
 .eh_frame      0x0000000000027bcc       0x88 build/cooja/mtype622.a(uiplib.o)
                                         0xa0 (size before relaxing)
 .eh_frame      0x0000000000027c54      0x220 build/cooja/mtype622.a(uip-ds6-route.o)
                                        0x238 (size before relaxing)
 .eh_frame      0x0000000000027e74      0x244 build/cooja/mtype622.a(tcpip.o)
                                        0x25c (size before relaxing)
 .eh_frame      0x00000000000280b8      0x1e8 build/cooja/mtype622.a(uip6.o)
                                        0x200 (size before relaxing)
 .eh_frame      0x00000000000282a0      0x1c0 build/cooja/mtype622.a(uip-ds6-nbr.o)
                                        0x1d8 (size before relaxing)
 .eh_frame      0x0000000000028460       0x84 build/cooja/mtype622.a(uip-nd6.o)
                                         0x9c (size before relaxing)
 .eh_frame      0x00000000000284e4       0xd4 build/cooja/mtype622.a(simple-udp.o)
                                         0xec (size before relaxing)
 .eh_frame      0x00000000000285b8      0x2f8 build/cooja/mtype622.a(sicslowpan.o)
                                        0x310 (size before relaxing)
 .eh_frame      0x00000000000288b0      0x1e0 build/cooja/mtype622.a(rpl.o)
                                        0x1f8 (size before relaxing)
 .eh_frame      0x0000000000028a90       0xa0 build/cooja/mtype622.a(rpl-dag-root.o)
                                         0xb8 (size before relaxing)
 .eh_frame      0x0000000000028b30       0xa0 build/cooja/mtype622.a(watchdog.o)
                                         0xb8 (size before relaxing)
 .eh_frame      0x0000000000028bd0       0x80 build/cooja/mtype622.a(int-master.o)
                                         0x98 (size before relaxing)
 .eh_frame      0x0000000000028c50       0xc4 build/cooja/mtype622.a(stimer.o)
                                         0xdc (size before relaxing)
 .eh_frame      0x0000000000028d14       0xa0 build/cooja/mtype622.a(memb.o)
                                         0xb8 (size before relaxing)
 .eh_frame      0x0000000000028db4       0x20 build/cooja/mtype622.a(assert.o)
                                         0x38 (size before relaxing)
 .eh_frame      0x0000000000028dd4       0xa0 build/cooja/mtype622.a(ringbuf.o)
                                         0xb8 (size before relaxing)
 .eh_frame      0x0000000000028e74      0x2ac build/cooja/mtype622.a(nbr-table.o)
                                        0x2c4 (size before relaxing)
 .eh_frame      0x0000000000029120      0x120 build/cooja/mtype622.a(link-stats.o)
                                        0x138 (size before relaxing)
 .eh_frame      0x0000000000029240       0x48 build/cooja/mtype622.a(mac-sequence.o)
                                         0x60 (size before relaxing)
 .eh_frame      0x0000000000029288       0x20 build/cooja/mtype622.a(mac.o)
                                         0x38 (size before relaxing)
 .eh_frame      0x00000000000292a8       0xa4 build/cooja/mtype622.a(framer-802154.o)
                                         0xbc (size before relaxing)
 .eh_frame      0x000000000002934c      0x1a4 build/cooja/mtype622.a(frame802154.o)
                                        0x1bc (size before relaxing)
 .eh_frame      0x00000000000294f0       0x40 build/cooja/mtype622.a(csma-security.o)
                                         0x58 (size before relaxing)
 .eh_frame      0x0000000000029530      0x200 build/cooja/mtype622.a(uipbuf.o)
                                        0x218 (size before relaxing)
 .eh_frame      0x0000000000029730      0x150 build/cooja/mtype622.a(uip-icmp6.o)
                                        0x168 (size before relaxing)
 .eh_frame      0x0000000000029880      0x184 build/cooja/mtype622.a(uip-sr.o)
                                        0x19c (size before relaxing)
 .eh_frame      0x0000000000029a04       0xe0 build/cooja/mtype622.a(uip-packetqueue)
                                         0xf8 (size before relaxing)
 .eh_frame      0x0000000000029ae4       0x40 build/cooja/mtype622.a(uip-udp-packet.)
                                         0x58 (size before relaxing)
 .eh_frame      0x0000000000029b24      0x1c4 build/cooja/mtype622.a(rpl-icmp6.o)
                                        0x1dc (size before relaxing)
 .eh_frame      0x0000000000029ce8      0x2d4 build/cooja/mtype622.a(rpl-neighbor.o)
                                        0x2ec (size before relaxing)
 .eh_frame      0x0000000000029fbc      0x370 build/cooja/mtype622.a(rpl-dag.o)
                                        0x388 (size before relaxing)
 .eh_frame      0x000000000002a32c      0x3a8 build/cooja/mtype622.a(rpl-timers.o)
                                        0x3c0 (size before relaxing)
 .eh_frame      0x000000000002a6d4      0x124 build/cooja/mtype622.a(rpl-ext-header.)
                                        0x13c (size before relaxing)
 .eh_frame      0x000000000002a7f8       0x80 build/cooja/mtype622.a(rpl-nbr-policy.)
                                         0x98 (size before relaxing)
 .eh_frame      0x000000000002a878      0x148 build/cooja/mtype622.a(rpl-mrhof.o)
                                        0x160 (size before relaxing)
 .eh_frame      0x000000000002a9c0        0x4 /usr/lib/gcc/i686-linux-gnu/5/crtendS.o
 *(.eh_frame.*)

.gcc_except_table
 *(.gcc_except_table .gcc_except_table.*)

.gnu_extab
 *(.gnu_extab*)

.exception_ranges
 *(.exception_ranges .exception_ranges*)
                0x000000000002bf10                . = DATA_SEGMENT_ALIGN (0x1000, 0x1000)

.eh_frame
 *(.eh_frame)
 *(.eh_frame.*)

.gnu_extab
 *(.gnu_extab)

.gcc_except_table
 *(.gcc_except_table .gcc_except_table.*)

.exception_ranges
 *(.exception_ranges .exception_ranges*)

.tdata
 *(.tdata .tdata.* .gnu.linkonce.td.*)

.tbss
 *(.tbss .tbss.* .gnu.linkonce.tb.*)
 *(.tcommon)

.preinit_array
 *(.preinit_array)

.init_array     0x000000000002bf10        0x4
 *(SORT(.init_array.*) SORT(.ctors.*))
 *(.init_array EXCLUDE_FILE(*crtend?.o *crtend.o *crtbegin?.o *crtbegin.o) .ctors)
 .init_array    0x000000000002bf10        0x4 /usr/lib/gcc/i686-linux-gnu/5/crtbeginS.o

.fini_array     0x000000000002bf14        0x4
 *(SORT(.fini_array.*) SORT(.dtors.*))
 *(.fini_array EXCLUDE_FILE(*crtend?.o *crtend.o *crtbegin?.o *crtbegin.o) .dtors)
 .fini_array    0x000000000002bf14        0x4 /usr/lib/gcc/i686-linux-gnu/5/crtbeginS.o

.ctors
 *crtbegin.o(.ctors)
 *crtbegin?.o(.ctors)
 *(EXCLUDE_FILE(*crtend?.o *crtend.o) .ctors)
 *(SORT(.ctors.*))
 *(.ctors)

.dtors
 *crtbegin.o(.dtors)
 *crtbegin?.o(.dtors)
 *(EXCLUDE_FILE(*crtend?.o *crtend.o) .dtors)
 *(SORT(.dtors.*))
 *(.dtors)

.jcr            0x000000000002bf18        0x4
 *(.jcr)
 .jcr           0x000000000002bf18        0x0 /usr/lib/gcc/i686-linux-gnu/5/crtbeginS.o
 .jcr           0x000000000002bf18        0x4 /usr/lib/gcc/i686-linux-gnu/5/crtendS.o

.data.rel.ro
 *(.data.rel.ro.local* .gnu.linkonce.d.rel.ro.local.*)
 *(.data.rel.ro .data.rel.ro.* .gnu.linkonce.d.rel.ro.*)

.dynamic        0x000000000002bf1c       0xd0
 *(.dynamic)
 .dynamic       0x000000000002bf1c       0xd0 /usr/lib/gcc/i686-linux-gnu/5/../../../i386-linux-gnu/crti.o
                0x000000000002bf1c                _DYNAMIC

.got            0x000000000002bfec       0x14
 *(.got)
 .got           0x000000000002bfec       0x14 /usr/lib/gcc/i686-linux-gnu/5/../../../i386-linux-gnu/crti.o
 *(.igot)
                0x000000000002cff4                . = DATA_SEGMENT_RELRO_END (., (SIZEOF (.got.plt) >= 0xc)?0xc:0x0)

.got.plt        0x000000000002c000        0xc
 *(.got.plt)
 .got.plt       0x000000000002c000        0xc /usr/lib/gcc/i686-linux-gnu/5/../../../i386-linux-gnu/crti.o
                0x000000000002c000                _GLOBAL_OFFSET_TABLE_
 *(.igot.plt)

.data           0x000000000002c020      0x3a4
 *(.data .data.* .gnu.linkonce.d.*)
 .data          0x000000000002c020        0x0 /usr/lib/gcc/i686-linux-gnu/5/../../../i386-linux-gnu/crti.o
 .data          0x000000000002c020        0x0 /usr/lib/gcc/i686-linux-gnu/5/crtbeginS.o
 .data.rel.local
                0x000000000002c020        0x4 /usr/lib/gcc/i686-linux-gnu/5/crtbeginS.o
                0x000000000002c020                __dso_handle
 .data          0x000000000002c024       0x10 udp-client.o
                0x000000000002c024                udp_client_process
 *fill*         0x000000000002c034        0xc 
 .data          0x000000000002c040       0x44 build/cooja/mtype622.o
                0x000000000002c040                simInterfaces
                0x000000000002c074                sensors
 .data          0x000000000002c084        0x0 build/cooja/mtype622.a(simEnvChange.o)
 .data          0x000000000002c084        0x0 build/cooja/mtype622.a(cooja_mt.o)
 .data          0x000000000002c084        0x0 build/cooja/mtype622.a(cooja_mtarch.o)
 .data          0x000000000002c084        0x0 build/cooja/mtype622.a(rtimer-arch.o)
 .data          0x000000000002c084        0x0 build/cooja/mtype622.a(beep.o)
 .data          0x000000000002c084        0x0 build/cooja/mtype622.a(leds-arch.o)
 .data          0x000000000002c084        0x0 build/cooja/mtype622.a(moteid.o)
 .data          0x000000000002c084        0x0 build/cooja/mtype622.a(pir-sensor.o)
 .data          0x000000000002c084        0x0 build/cooja/mtype622.a(rs232.o)
 .data          0x000000000002c084        0x0 build/cooja/mtype622.a(vib-sensor.o)
 .data          0x000000000002c084        0x0 build/cooja/mtype622.a(clock.o)
 .data          0x000000000002c084        0x0 build/cooja/mtype622.a(cooja-log.o)
 .data          0x000000000002c084        0x0 build/cooja/mtype622.a(cfs-cooja.o)
 .data          0x000000000002c084       0x2c build/cooja/mtype622.a(cooja-radio.o)
                0x000000000002c084                simRadioHWOn
                0x000000000002c088                simSignalStrength
                0x000000000002c08c                simLastSignalStrength
                0x000000000002c090                simPower
                0x000000000002c094                simRadioChannel
                0x000000000002c098                simLQI
                0x000000000002c0a0                cooja_radio_process
 .data          0x000000000002c0b0        0x0 build/cooja/mtype622.a(eeprom.o)
 .data          0x000000000002c0b0        0x0 build/cooja/mtype622.a(random.o)
 .data          0x000000000002c0b0       0x10 build/cooja/mtype622.a(sensors.o)
                0x000000000002c0b0                sensors_process
 .data          0x000000000002c0c0        0x0 build/cooja/mtype622.a(leds.o)
 .data          0x000000000002c0c0        0x0 build/cooja/mtype622.a(gpio-hal-arch.o)
 .data          0x000000000002c0c0       0x78 build/cooja/mtype622.a(buttons.o)
                0x000000000002c0c0                simButtonIsActive
                0x000000000002c130                button_hal_buttons
 .data          0x000000000002c138        0x0 build/cooja/mtype622.a(contiki-main.o)
 *fill*         0x000000000002c138        0x8 
 .data          0x000000000002c140       0xbc build/cooja/mtype622.a(log.o)
                0x000000000002c140                curr_log_level_main
                0x000000000002c160                all_modules
 .data          0x000000000002c1fc        0x0 build/cooja/mtype622.a(autostart.o)
 .data          0x000000000002c1fc        0x0 build/cooja/mtype622.a(energest.o)
 .data          0x000000000002c1fc       0x10 build/cooja/mtype622.a(etimer.o)
                0x000000000002c1fc                etimer_process
 .data          0x000000000002c20c        0x0 build/cooja/mtype622.a(node-id.o)
 .data          0x000000000002c20c       0x14 build/cooja/mtype622.a(ctimer.o)
                0x000000000002c210                ctimer_process
 .data          0x000000000002c220        0x0 build/cooja/mtype622.a(rtimer.o)
 .data          0x000000000002c220        0x0 build/cooja/mtype622.a(process.o)
 .data          0x000000000002c220        0x0 build/cooja/mtype622.a(timer.o)
 .data          0x000000000002c220        0x0 build/cooja/mtype622.a(list.o)
 .data          0x000000000002c220       0x10 build/cooja/mtype622.a(button-hal.o)
                0x000000000002c220                button_hal_process
 .data          0x000000000002c230       0x10 build/cooja/mtype622.a(serial-line.o)
                0x000000000002c230                serial_line_process
 .data          0x000000000002c240        0x4 build/cooja/mtype622.a(gpio-hal.o)
 .data          0x000000000002c244       0x18 build/cooja/mtype622.a(queuebuf.o)
 .data          0x000000000002c25c        0x4 build/cooja/mtype622.a(packetbuf.o)
 .data          0x000000000002c260        0x4 build/cooja/mtype622.a(netstack.o)
 .data          0x000000000002c264        0x0 build/cooja/mtype622.a(linkaddr.o)
 .data          0x000000000002c264        0x0 build/cooja/mtype622.a(csma.o)
 .data          0x000000000002c264       0x28 build/cooja/mtype622.a(csma-output.o)
 .data          0x000000000002c28c        0x0 build/cooja/mtype622.a(uip-ds6.o)
 .data          0x000000000002c28c        0x0 build/cooja/mtype622.a(uiplib.o)
 .data          0x000000000002c28c       0x10 build/cooja/mtype622.a(uip-ds6-route.o)
 .data          0x000000000002c29c       0x10 build/cooja/mtype622.a(tcpip.o)
                0x000000000002c29c                tcpip_process
 .data          0x000000000002c2ac        0x0 build/cooja/mtype622.a(uip6.o)
 .data          0x000000000002c2ac       0x14 build/cooja/mtype622.a(uip-ds6-nbr.o)
 .data          0x000000000002c2c0        0xc build/cooja/mtype622.a(uip-nd6.o)
 .data          0x000000000002c2cc       0x10 build/cooja/mtype622.a(simple-udp.o)
                0x000000000002c2cc                simple_udp_process
 .data          0x000000000002c2dc        0x0 build/cooja/mtype622.a(sicslowpan.o)
 .data          0x000000000002c2dc        0x0 build/cooja/mtype622.a(rpl.o)
 .data          0x000000000002c2dc        0x0 build/cooja/mtype622.a(rpl-dag-root.o)
 .data          0x000000000002c2dc        0x0 build/cooja/mtype622.a(watchdog.o)
 .data          0x000000000002c2dc        0x0 build/cooja/mtype622.a(int-master.o)
 .data          0x000000000002c2dc        0x0 build/cooja/mtype622.a(stimer.o)
 .data          0x000000000002c2dc        0x0 build/cooja/mtype622.a(memb.o)
 .data          0x000000000002c2dc        0x0 build/cooja/mtype622.a(assert.o)
 .data          0x000000000002c2dc        0x0 build/cooja/mtype622.a(ringbuf.o)
 .data          0x000000000002c2dc       0x10 build/cooja/mtype622.a(nbr-table.o)
 .data          0x000000000002c2ec       0x14 build/cooja/mtype622.a(link-stats.o)
 .data          0x000000000002c300        0x0 build/cooja/mtype622.a(mac-sequence.o)
 .data          0x000000000002c300        0x0 build/cooja/mtype622.a(mac.o)
 .data          0x000000000002c300        0x0 build/cooja/mtype622.a(framer-802154.o)
 .data          0x000000000002c300        0x2 build/cooja/mtype622.a(frame802154.o)
 .data          0x000000000002c302        0x0 build/cooja/mtype622.a(csma-security.o)
 .data          0x000000000002c302        0x0 build/cooja/mtype622.a(uipbuf.o)
 *fill*         0x000000000002c302        0x2 
 .data          0x000000000002c304       0x20 build/cooja/mtype622.a(uip-icmp6.o)
 .data          0x000000000002c324       0x10 build/cooja/mtype622.a(uip-sr.o)
 .data          0x000000000002c334        0xc build/cooja/mtype622.a(uip-packetqueue)
 .data          0x000000000002c340        0x0 build/cooja/mtype622.a(uip-udp-packet.)
 .data          0x000000000002c340       0x30 build/cooja/mtype622.a(rpl-icmp6.o)
 .data          0x000000000002c370       0x14 build/cooja/mtype622.a(rpl-neighbor.o)
                0x000000000002c380                rpl_neighbors
 .data          0x000000000002c384        0x0 build/cooja/mtype622.a(rpl-dag.o)
 .data          0x000000000002c384        0x0 build/cooja/mtype622.a(rpl-timers.o)
 .data          0x000000000002c384        0x0 build/cooja/mtype622.a(rpl-ext-header.)
 .data          0x000000000002c384        0x0 build/cooja/mtype622.a(rpl-nbr-policy.)
 *fill*         0x000000000002c384       0x1c 
 .data          0x000000000002c3a0       0x24 build/cooja/mtype622.a(rpl-mrhof.o)
                0x000000000002c3a0                rpl_mrhof
 .data          0x000000000002c3c4        0x0 /usr/lib/gcc/i686-linux-gnu/5/crtendS.o
 .data          0x000000000002c3c4        0x0 /usr/lib/gcc/i686-linux-gnu/5/../../../i386-linux-gnu/crtn.o

.tm_clone_table
                0x000000000002c3c4        0x0
 .tm_clone_table
                0x000000000002c3c4        0x0 /usr/lib/gcc/i686-linux-gnu/5/crtbeginS.o
 .tm_clone_table
                0x000000000002c3c4        0x0 /usr/lib/gcc/i686-linux-gnu/5/crtendS.o

.data1
 *(.data1)
                0x000000000002c3c4                _edata = .
                [!provide]                        PROVIDE (edata, .)
                0x000000000002c3c4                . = .
                0x000000000002c3c4                __bss_start = .

.bss            0x000000000002c3e0    0x13da4
 *(.dynbss)
 .dynbss        0x000000000002c3e0        0x0 /usr/lib/gcc/i686-linux-gnu/5/../../../i386-linux-gnu/crti.o
 *(.bss .bss.* .gnu.linkonce.b.*)
 .bss           0x000000000002c3e0        0x0 /usr/lib/gcc/i686-linux-gnu/5/../../../i386-linux-gnu/crti.o
 .bss           0x000000000002c3e0        0x1 /usr/lib/gcc/i686-linux-gnu/5/crtbeginS.o
 *fill*         0x000000000002c3e1       0x1f 
 .bss           0x000000000002c400       0x60 udp-client.o
 .bss           0x000000000002c460     0x2030 build/cooja/mtype622.o
 .bss           0x000000000002e490        0x1 build/cooja/mtype622.a(simEnvChange.o)
                0x000000000002e490                simDontFallAsleep
 *fill*         0x000000000002e491        0x3 
 .bss           0x000000000002e494        0x4 build/cooja/mtype622.a(cooja_mt.o)
 .bss           0x000000000002e498        0x4 build/cooja/mtype622.a(cooja_mtarch.o)
 .bss           0x000000000002e49c        0x0 build/cooja/mtype622.a(rtimer-arch.o)
 .bss           0x000000000002e49c        0x0 build/cooja/mtype622.a(beep.o)
 .bss           0x000000000002e49c        0x1 build/cooja/mtype622.a(leds-arch.o)
                0x000000000002e49c                simLedsValue
 .bss           0x000000000002e49d        0x0 build/cooja/mtype622.a(moteid.o)
 .bss           0x000000000002e49d        0x1 build/cooja/mtype622.a(pir-sensor.o)
                0x000000000002e49d                simPirValue
 *fill*         0x000000000002e49e        0x2 
 .bss           0x000000000002e4a0        0x4 build/cooja/mtype622.a(rs232.o)
 .bss           0x000000000002e4a4        0x1 build/cooja/mtype622.a(vib-sensor.o)
                0x000000000002e4a4                simVibValue
 .bss           0x000000000002e4a5        0x0 build/cooja/mtype622.a(clock.o)
 *fill*         0x000000000002e4a5       0x1b 
 .bss           0x000000000002e4c0     0x2020 build/cooja/mtype622.a(cooja-log.o)
 .bss           0x00000000000304e0      0xfc0 build/cooja/mtype622.a(cfs-cooja.o)
                0x00000000000304e0                simCFSData
                0x0000000000031480                simCFSSize
                0x0000000000031484                simCFSChanged
                0x0000000000031488                simCFSRead
                0x000000000003148c                simCFSWritten
 .bss           0x00000000000314a0       0x24 build/cooja/mtype622.a(cooja-radio.o)
                0x00000000000314a0                simReceiving
                0x00000000000314a4                simInSize
                0x00000000000314a8                simLastPacketTimestamp
                0x00000000000314b0                simOutSize
 .bss           0x00000000000314c4        0xc build/cooja/mtype622.a(eeprom.o)
                0x00000000000314c4                simEEPROMChanged
                0x00000000000314c8                simEEPROMRead
                0x00000000000314cc                simEEPROMWritten
 .bss           0x00000000000314d0        0x0 build/cooja/mtype622.a(random.o)
 .bss           0x00000000000314d0        0xc build/cooja/mtype622.a(sensors.o)
 .bss           0x00000000000314dc        0x0 build/cooja/mtype622.a(leds.o)
 .bss           0x00000000000314dc       0x24 build/cooja/mtype622.a(gpio-hal-arch.o)
 .bss           0x0000000000031500        0x0 build/cooja/mtype622.a(buttons.o)
 .bss           0x0000000000031500        0x0 build/cooja/mtype622.a(contiki-main.o)
 .bss           0x0000000000031500       0x2c build/cooja/mtype622.a(log.o)
                0x0000000000031500                curr_log_level_rpl
                0x0000000000031504                curr_log_level_tcpip
                0x0000000000031508                curr_log_level_ipv6
                0x000000000003150c                curr_log_level_6lowpan
                0x0000000000031510                curr_log_level_nullnet
                0x0000000000031514                curr_log_level_mac
                0x0000000000031518                curr_log_level_framer
                0x000000000003151c                curr_log_level_6top
                0x0000000000031520                curr_log_level_coap
                0x0000000000031524                curr_log_level_snmp
                0x0000000000031528                curr_log_level_lwm2m
 .bss           0x000000000003152c        0x0 build/cooja/mtype622.a(autostart.o)
 .bss           0x000000000003152c        0x0 build/cooja/mtype622.a(energest.o)
 .bss           0x000000000003152c        0x8 build/cooja/mtype622.a(etimer.o)
 .bss           0x0000000000031534        0x2 build/cooja/mtype622.a(node-id.o)
                0x0000000000031534                node_id
 *fill*         0x0000000000031536        0x2 
 .bss           0x0000000000031538        0x5 build/cooja/mtype622.a(ctimer.o)
 *fill*         0x000000000003153d        0x3 
 .bss           0x0000000000031540        0x4 build/cooja/mtype622.a(rtimer.o)
 *fill*         0x0000000000031544       0x1c 
 .bss           0x0000000000031560      0x1a1 build/cooja/mtype622.a(process.o)
                0x0000000000031560                process_list
                0x0000000000031564                process_current
 .bss           0x0000000000031701        0x0 build/cooja/mtype622.a(timer.o)
 .bss           0x0000000000031701        0x0 build/cooja/mtype622.a(list.o)
 *fill*         0x0000000000031701        0x3 
 .bss           0x0000000000031704       0x10 build/cooja/mtype622.a(button-hal.o)
 *fill*         0x0000000000031714        0xc 
 .bss           0x0000000000031720      0x140 build/cooja/mtype622.a(serial-line.o)
 .bss           0x0000000000031860        0x4 build/cooja/mtype622.a(gpio-hal.o)
 *fill*         0x0000000000031864       0x1c 
 .bss           0x0000000000031880     0x2c80 build/cooja/mtype622.a(queuebuf.o)
 .bss           0x0000000000034500       0xa0 build/cooja/mtype622.a(packetbuf.o)
 .bss           0x00000000000345a0        0x4 build/cooja/mtype622.a(netstack.o)
 .bss           0x00000000000345a4        0x0 build/cooja/mtype622.a(linkaddr.o)
 .bss           0x00000000000345a4        0x0 build/cooja/mtype622.a(csma.o)
 *fill*         0x00000000000345a4       0x1c 
 .bss           0x00000000000345c0      0x726 build/cooja/mtype622.a(csma-output.o)
 *fill*         0x0000000000034ce6        0x2 
 .bss           0x0000000000034ce8       0x30 build/cooja/mtype622.a(uip-ds6.o)
 .bss           0x0000000000034d18        0x0 build/cooja/mtype622.a(uiplib.o)
 *fill*         0x0000000000034d18        0x8 
 .bss           0x0000000000034d20       0x60 build/cooja/mtype622.a(uip-ds6-route.o)
 .bss           0x0000000000034d80       0x10 build/cooja/mtype622.a(tcpip.o)
 .bss           0x0000000000034d90        0x8 build/cooja/mtype622.a(uip6.o)
                0x0000000000034d90                uip_ext_bitmap
                0x0000000000034d92                uip_ext_len
                0x0000000000034d94                uip_last_proto
 *fill*         0x0000000000034d98        0x8 
 .bss           0x0000000000034da0     0x1c20 build/cooja/mtype622.a(uip-ds6-nbr.o)
 .bss           0x00000000000369c0       0x10 build/cooja/mtype622.a(uip-nd6.o)
 *fill*         0x00000000000369d0       0x10 
 .bss           0x00000000000369e0      0x520 build/cooja/mtype622.a(simple-udp.o)
 .bss           0x0000000000036f00      0x724 build/cooja/mtype622.a(sicslowpan.o)
 .bss           0x0000000000037624        0x1 build/cooja/mtype622.a(rpl.o)
 *fill*         0x0000000000037625        0x3 
 .bss           0x0000000000037628       0x11 build/cooja/mtype622.a(rpl-dag-root.o)
 .bss           0x0000000000037639        0x0 build/cooja/mtype622.a(watchdog.o)
 *fill*         0x0000000000037639        0x3 
 .bss           0x000000000003763c        0x4 build/cooja/mtype622.a(int-master.o)
 .bss           0x0000000000037640        0x0 build/cooja/mtype622.a(stimer.o)
 .bss           0x0000000000037640        0x0 build/cooja/mtype622.a(memb.o)
 .bss           0x0000000000037640        0x0 build/cooja/mtype622.a(assert.o)
 .bss           0x0000000000037640        0x0 build/cooja/mtype622.a(ringbuf.o)
 .bss           0x0000000000037640     0x1214 build/cooja/mtype622.a(nbr-table.o)
 *fill*         0x0000000000038854        0xc 
 .bss           0x0000000000038860      0xe10 build/cooja/mtype622.a(link-stats.o)
 *fill*         0x0000000000039670       0x10 
 .bss           0x0000000000039680      0x100 build/cooja/mtype622.a(mac-sequence.o)
 .bss           0x0000000000039780        0x0 build/cooja/mtype622.a(mac.o)
 .bss           0x0000000000039780        0x2 build/cooja/mtype622.a(framer-802154.o)
 .bss           0x0000000000039782        0x0 build/cooja/mtype622.a(frame802154.o)
 .bss           0x0000000000039782        0x0 build/cooja/mtype622.a(csma-security.o)
 *fill*         0x0000000000039782        0x2 
 .bss           0x0000000000039784       0x18 build/cooja/mtype622.a(uipbuf.o)
 .bss           0x000000000003979c       0x18 build/cooja/mtype622.a(uip-icmp6.o)
 *fill*         0x00000000000397b4        0xc 
 .bss           0x00000000000397c0     0x1d80 build/cooja/mtype622.a(uip-sr.o)
 .bss           0x000000000003b540      0xa78 build/cooja/mtype622.a(uip-packetqueue)
 .bss           0x000000000003bfb8        0x0 build/cooja/mtype622.a(uip-udp-packet.)
 .bss           0x000000000003bfb8        0x0 build/cooja/mtype622.a(rpl-icmp6.o)
 *fill*         0x000000000003bfb8        0x8 
 .bss           0x000000000003bfc0      0x960 build/cooja/mtype622.a(rpl-neighbor.o)
 .bss           0x000000000003c920        0x0 build/cooja/mtype622.a(rpl-dag.o)
 .bss           0x000000000003c920       0x40 build/cooja/mtype622.a(rpl-timers.o)
 .bss           0x000000000003c960        0x0 build/cooja/mtype622.a(rpl-ext-header.)
 .bss           0x000000000003c960        0xe build/cooja/mtype622.a(rpl-nbr-policy.)
 .bss           0x000000000003c96e        0x0 build/cooja/mtype622.a(rpl-mrhof.o)
 .bss           0x000000000003c96e        0x0 /usr/lib/gcc/i686-linux-gnu/5/crtendS.o
 .bss           0x000000000003c96e        0x0 /usr/lib/gcc/i686-linux-gnu/5/../../../i386-linux-gnu/crtn.o
 *(COMMON)
 *fill*         0x000000000003c96e        0x2 
 COMMON         0x000000000003c970        0x8 build/cooja/mtype622.o
                0x000000000003c970                referenceVar
                0x000000000003c974                sensors_flags
 COMMON         0x000000000003c978        0xc build/cooja/mtype622.a(simEnvChange.o)
                0x000000000003c978                simEtimerPending
                0x000000000003c97c                simProcessRunValue
                0x000000000003c980                simEtimerNextExpirationTime
 *fill*         0x000000000003c984        0x4 
 COMMON         0x000000000003c988       0x18 build/cooja/mtype622.a(rtimer-arch.o)
                0x000000000003c988                simRtimerPending
                0x000000000003c990                simRtimerCurrentTicks
                0x000000000003c998                simRtimerNextExpirationTime
 COMMON         0x000000000003c9a0        0x1 build/cooja/mtype622.a(beep.o)
                0x000000000003c9a0                simBeeped
 *fill*         0x000000000003c9a1        0x3 
 COMMON         0x000000000003c9a4        0xc build/cooja/mtype622.a(moteid.o)
                0x000000000003c9a4                simRandomSeed
                0x000000000003c9a8                simMoteIDChanged
                0x000000000003c9ac                simMoteID
 COMMON         0x000000000003c9b0        0x2 build/cooja/mtype622.a(pir-sensor.o)
                0x000000000003c9b0                simPirIsActive
                0x000000000003c9b1                simPirChanged
 *fill*         0x000000000003c9b2        0xe 
 COMMON         0x000000000003c9c0      0x820 build/cooja/mtype622.a(rs232.o)
                0x000000000003c9c0                simSerialReceivingFlag
                0x000000000003c9c4                simSerialReceivingLength
                0x000000000003c9e0                simSerialReceivingData
 COMMON         0x000000000003d1e0        0x2 build/cooja/mtype622.a(vib-sensor.o)
                0x000000000003d1e0                simVibChanged
                0x000000000003d1e1                simVibIsActive
 *fill*         0x000000000003d1e2        0x2 
 COMMON         0x000000000003d1e4        0x4 build/cooja/mtype622.a(clock.o)
                0x000000000003d1e4                simCurrentTime
 *fill*         0x000000000003d1e8       0x18 
 COMMON         0x000000000003d200     0x2020 build/cooja/mtype622.a(cooja-log.o)
                0x000000000003d200                simLoggedLength
                0x000000000003d204                simLoggedFlag
                0x000000000003d220                simLoggedData
 COMMON         0x000000000003f220       0xfd build/cooja/mtype622.a(cooja-radio.o)
                0x000000000003f220                simOutDataBuffer
                0x000000000003f2a0                simInDataBuffer
 *fill*         0x000000000003f31d        0x3 
 COMMON         0x000000000003f320      0x400 build/cooja/mtype622.a(eeprom.o)
                0x000000000003f320                simEEPROMData
 COMMON         0x000000000003f720        0x1 build/cooja/mtype622.a(sensors.o)
                0x000000000003f720                sensors_event
 COMMON         0x000000000003f721        0x2 build/cooja/mtype622.a(buttons.o)
                0x000000000003f721                simButtonIsDown
                0x000000000003f722                simButtonChanged
 *fill*         0x000000000003f723        0x1 
 COMMON         0x000000000003f724       0x78 build/cooja/mtype622.a(contiki-main.o)
                0x000000000003f724                unicast_per_neighbor_link_based
                0x000000000003f73c                eb_per_time_source
                0x000000000003f754                unicast_per_neighbor_rpl_storing
                0x000000000003f76c                unicast_per_neighbor_rpl_ns
                0x000000000003f784                default_common
 COMMON         0x000000000003f79c        0x3 build/cooja/mtype622.a(button-hal.o)
                0x000000000003f79c                button_hal_periodic_event
                0x000000000003f79d                button_hal_press_event
                0x000000000003f79e                button_hal_release_event
 COMMON         0x000000000003f79f        0x1 build/cooja/mtype622.a(serial-line.o)
                0x000000000003f79f                serial_line_event_message
 COMMON         0x000000000003f7a0       0x2c build/cooja/mtype622.a(packetbuf.o)
                0x000000000003f7a0                packetbuf_attrs
                0x000000000003f7bc                packetbuf_addrs
 COMMON         0x000000000003f7cc        0x8 build/cooja/mtype622.a(linkaddr.o)
                0x000000000003f7cc                linkaddr_node_addr
 *fill*         0x000000000003f7d4        0xc 
 COMMON         0x000000000003f7e0      0x1a5 build/cooja/mtype622.a(uip-ds6.o)
                0x000000000003f7e0                uip_ds6_prefix_list
                0x000000000003f840                uip_ds6_timer_periodic
                0x000000000003f850                uip_ds6_netif_addr_list_offset
                0x000000000003f860                uip_ds6_if
                0x000000000003f97c                uip_ds6_timer_ra
                0x000000000003f984                uip_ds6_addr_size
 COMMON         0x000000000003f985        0x1 build/cooja/mtype622.a(tcpip.o)
                0x000000000003f985                tcpip_event
 *fill*         0x000000000003f986       0x1a 
 COMMON         0x000000000003f9a0      0x648 build/cooja/mtype622.a(uip6.o)
                0x000000000003f9a0                uip_slen
                0x000000000003f9a4                uip_lladdr
                0x000000000003f9ac                uip_appdata
                0x000000000003f9b0                uip_flags
                0x000000000003f9c0                uip_aligned_buf
                0x000000000003fec0                uip_len
                0x000000000003fec4                uip_sappdata
                0x000000000003fee0                uip_udp_conns
                0x000000000003ffe0                uip_udp_conn
                0x000000000003ffe4                uip_conn
 COMMON         0x000000000003ffe8       0x10 build/cooja/mtype622.a(rpl.o)
                0x000000000003ffe8                rpl_multicast_addr
 *fill*         0x000000000003fff8        0x8 
 COMMON         0x0000000000040000       0x20 build/cooja/mtype622.a(link-stats.o)
                0x0000000000040000                periodic_timer
 COMMON         0x0000000000040020      0x164 build/cooja/mtype622.a(rpl-dag.o)
                0x0000000000040020                curr_instance
                0x0000000000040184                . = ALIGN ((. != 0x0)?0x4:0x1)
                0x0000000000040184                . = ALIGN (0x4)
                0x0000000000040184                . = SEGMENT_START ("ldata-segment", .)
                0x0000000000040184                . = ALIGN (0x4)
                0x0000000000040184                _end = .
                [!provide]                        PROVIDE (end, .)
                0x0000000000040184                . = DATA_SEGMENT_END (.)

.stab
 *(.stab)

.stabstr
 *(.stabstr)

.stab.excl
 *(.stab.excl)

.stab.exclstr
 *(.stab.exclstr)

.stab.index
 *(.stab.index)

.stab.indexstr
 *(.stab.indexstr)

.comment        0x0000000000000000       0x35
 *(.comment)
 .comment       0x0000000000000000       0x35 /usr/lib/gcc/i686-linux-gnu/5/crtbeginS.o
                                         0x36 (size before relaxing)
 .comment       0x0000000000000035       0x36 udp-client.o
 .comment       0x0000000000000035       0x36 build/cooja/mtype622.o
 .comment       0x0000000000000035       0x36 build/cooja/mtype622.a(simEnvChange.o)
 .comment       0x0000000000000035       0x36 build/cooja/mtype622.a(cooja_mt.o)
 .comment       0x0000000000000035       0x36 build/cooja/mtype622.a(cooja_mtarch.o)
 .comment       0x0000000000000035       0x36 build/cooja/mtype622.a(rtimer-arch.o)
 .comment       0x0000000000000035       0x36 build/cooja/mtype622.a(beep.o)
 .comment       0x0000000000000035       0x36 build/cooja/mtype622.a(leds-arch.o)
 .comment       0x0000000000000035       0x36 build/cooja/mtype622.a(moteid.o)
 .comment       0x0000000000000035       0x36 build/cooja/mtype622.a(pir-sensor.o)
 .comment       0x0000000000000035       0x36 build/cooja/mtype622.a(rs232.o)
 .comment       0x0000000000000035       0x36 build/cooja/mtype622.a(vib-sensor.o)
 .comment       0x0000000000000035       0x36 build/cooja/mtype622.a(clock.o)
 .comment       0x0000000000000035       0x36 build/cooja/mtype622.a(cooja-log.o)
 .comment       0x0000000000000035       0x36 build/cooja/mtype622.a(cfs-cooja.o)
 .comment       0x0000000000000035       0x36 build/cooja/mtype622.a(cooja-radio.o)
 .comment       0x0000000000000035       0x36 build/cooja/mtype622.a(eeprom.o)
 .comment       0x0000000000000035       0x36 build/cooja/mtype622.a(random.o)
 .comment       0x0000000000000035       0x36 build/cooja/mtype622.a(sensors.o)
 .comment       0x0000000000000035       0x36 build/cooja/mtype622.a(leds.o)
 .comment       0x0000000000000035       0x36 build/cooja/mtype622.a(gpio-hal-arch.o)
 .comment       0x0000000000000035       0x36 build/cooja/mtype622.a(buttons.o)