Archive member included to satisfy reference by file (symbol)

build/cooja/mtype74.a(simEnvChange.o)
                              build/cooja/mtype74.o (simDontFallAsleep)
build/cooja/mtype74.a(cooja_mt.o)
                              build/cooja/mtype74.o (cooja_mt_start)
build/cooja/mtype74.a(cooja_mtarch.o)
                              build/cooja/mtype74.a(cooja_mt.o) (cooja_mtarch_start)
build/cooja/mtype74.a(rtimer-arch.o)
                              build/cooja/mtype74.o (rtimer_arch_check)
build/cooja/mtype74.a(beep.o)
                              build/cooja/mtype74.o (beep_interface)
build/cooja/mtype74.a(leds-arch.o)
                              build/cooja/mtype74.o (leds_interface)
build/cooja/mtype74.a(moteid.o)
                              build/cooja/mtype74.o (moteid_interface)
build/cooja/mtype74.a(pir-sensor.o)
                              build/cooja/mtype74.o (pir_interface)
build/cooja/mtype74.a(rs232.o)
                              build/cooja/mtype74.o (rs232_interface)
build/cooja/mtype74.a(vib-sensor.o)
                              build/cooja/mtype74.o (vib_interface)
build/cooja/mtype74.a(clock.o)
                              build/cooja/mtype74.o (clock_interface)
build/cooja/mtype74.a(cooja-log.o)
                              build/cooja/mtype74.o (simlog_interface)
build/cooja/mtype74.a(cfs-cooja.o)
                              build/cooja/mtype74.o (cfs_interface)
build/cooja/mtype74.a(cooja-radio.o)
                              build/cooja/mtype74.o (radio_interface)
build/cooja/mtype74.a(eeprom.o)
                              build/cooja/mtype74.o (eeprom_interface)
build/cooja/mtype74.a(random.o)
                              build/cooja/mtype74.a(moteid.o) (random_init)
build/cooja/mtype74.a(sensors.o)
                              build/cooja/mtype74.a(pir-sensor.o) (sensors_changed)
build/cooja/mtype74.a(leds.o)
                              udp-server.o (leds_off)
build/cooja/mtype74.a(gpio-hal-arch.o)
                              build/cooja/mtype74.a(leds-arch.o) (gpio_hal_arch_register_pin_callback)
build/cooja/mtype74.a(buttons.o)
                              build/cooja/mtype74.o (button_interface)
build/cooja/mtype74.a(contiki-main.o)
                              build/cooja/mtype74.o (main)
build/cooja/mtype74.a(log.o)  build/cooja/mtype74.a(contiki-main.o) (curr_log_level_main)
build/cooja/mtype74.a(autostart.o)
                              build/cooja/mtype74.a(contiki-main.o) (autostart_start)
build/cooja/mtype74.a(energest.o)
                              build/cooja/mtype74.a(contiki-main.o) (energest_init)
build/cooja/mtype74.a(etimer.o)
                              build/cooja/mtype74.a(contiki-main.o) (etimer_process)
build/cooja/mtype74.a(node-id.o)
                              build/cooja/mtype74.a(contiki-main.o) (node_id)
build/cooja/mtype74.a(ctimer.o)
                              build/cooja/mtype74.a(contiki-main.o) (ctimer_init)
build/cooja/mtype74.a(rtimer.o)
                              build/cooja/mtype74.a(contiki-main.o) (rtimer_init)
build/cooja/mtype74.a(process.o)
                              build/cooja/mtype74.a(etimer.o) (process_current)
build/cooja/mtype74.a(timer.o)
                              build/cooja/mtype74.a(etimer.o) (timer_set)
build/cooja/mtype74.a(list.o)
                              build/cooja/mtype74.a(ctimer.o) (list_init)
build/cooja/mtype74.a(button-hal.o)
                              build/cooja/mtype74.o (button_hal_init)
build/cooja/mtype74.a(serial-line.o)
                              build/cooja/mtype74.a(rs232.o) (serial_line_input_byte)
build/cooja/mtype74.a(gpio-hal.o)
                              build/cooja/mtype74.a(button-hal.o) (gpio_hal_register_handler)
build/cooja/mtype74.a(queuebuf.o)
                              build/cooja/mtype74.a(contiki-main.o) (queuebuf_init)
build/cooja/mtype74.a(packetbuf.o)
                              build/cooja/mtype74.a(cooja-radio.o) (packetbuf_clear)
build/cooja/mtype74.a(netstack.o)
                              build/cooja/mtype74.a(contiki-main.o) (netstack_init)
build/cooja/mtype74.a(linkaddr.o)
                              build/cooja/mtype74.a(contiki-main.o) (linkaddr_node_addr)
build/cooja/mtype74.a(csma.o)
                              build/cooja/mtype74.a(cooja-radio.o) (csma_driver)
build/cooja/mtype74.a(csma-output.o)
                              build/cooja/mtype74.a(csma.o) (csma_output_packet)
build/cooja/mtype74.a(uip-ds6.o)
                              build/cooja/mtype74.a(contiki-main.o) (uip_ds6_get_link_local)
build/cooja/mtype74.a(uiplib.o)
                              build/cooja/mtype74.a(log.o) (uiplib_ipaddr_snprint)
build/cooja/mtype74.a(uip-ds6-route.o)
                              build/cooja/mtype74.a(uip-ds6.o) (uip_ds6_route_init)
build/cooja/mtype74.a(tcpip.o)
                              build/cooja/mtype74.a(contiki-main.o) (tcpip_process)
build/cooja/mtype74.a(uip6.o)
[...]
Memory Configuration

Name             Origin             Length             Attributes
*default*        0x0000000000000000 0xffffffffffffffff

Linker script and memory map

LOAD /usr/lib/gcc/i686-linux-gnu/5/../../../i386-linux-gnu/crti.o
LOAD /usr/lib/gcc/i686-linux-gnu/5/crtbeginS.o
LOAD udp-server.o
LOAD build/cooja/mtype74.o
LOAD build/cooja/mtype74.a
LOAD /usr/lib/gcc/i686-linux-gnu/5/libgcc.a
LOAD /usr/lib/gcc/i686-linux-gnu/5/libgcc_s.so
LOAD /usr/lib/gcc/i686-linux-gnu/5/../../../i386-linux-gnu/libc.so
START GROUP
LOAD /lib/i386-linux-gnu/libc.so.6
LOAD /usr/lib/i386-linux-gnu/libc_nonshared.a
LOAD /lib/i386-linux-gnu/ld-linux.so.2
END GROUP
LOAD /usr/lib/gcc/i686-linux-gnu/5/libgcc.a
LOAD /usr/lib/gcc/i686-linux-gnu/5/libgcc_s.so
LOAD /usr/lib/gcc/i686-linux-gnu/5/crtendS.o
LOAD /usr/lib/gcc/i686-linux-gnu/5/../../../i386-linux-gnu/crtn.o
                0x0000000000000114                . = (0x0 + SIZEOF_HEADERS)

.note.gnu.build-id
                0x0000000000000114       0x24
 *(.note.gnu.build-id)
 .note.gnu.build-id
                0x0000000000000114       0x24 /usr/lib/gcc/i686-linux-gnu/5/../../../i386-linux-gnu/crti.o

.hash
 *(.hash)

.gnu.hash       0x0000000000000138     0x142c
 *(.gnu.hash)
 .gnu.hash      0x0000000000000138     0x142c /usr/lib/gcc/i686-linux-gnu/5/../../../i386-linux-gnu/crti.o

.dynsym         0x0000000000001564     0x2900
 *(.dynsym)
 .dynsym        0x0000000000001564     0x2900 /usr/lib/gcc/i686-linux-gnu/5/../../../i386-linux-gnu/crti.o

.dynstr         0x0000000000003e64     0x2eaa
 *(.dynstr)
 .dynstr        0x0000000000003e64     0x2eaa /usr/lib/gcc/i686-linux-gnu/5/../../../i386-linux-gnu/crti.o

.gnu.version    0x0000000000006d0e      0x520
 *(.gnu.version)
 .gnu.version   0x0000000000006d0e      0x520 /usr/lib/gcc/i686-linux-gnu/5/../../../i386-linux-gnu/crti.o

.gnu.version_d  0x0000000000007230        0x0
 *(.gnu.version_d)
 .gnu.version_d
                0x0000000000007230        0x0 /usr/lib/gcc/i686-linux-gnu/5/../../../i386-linux-gnu/crti.o

.gnu.version_r  0x0000000000007230       0x40
 *(.gnu.version_r)
 .gnu.version_r
                0x0000000000007230       0x40 /usr/lib/gcc/i686-linux-gnu/5/../../../i386-linux-gnu/crti.o

.rel.dyn        0x0000000000007270     0x8028
 *(.rel.init)
 .rel.init      0x0000000000007270        0x0 /usr/lib/gcc/i686-linux-gnu/5/../../../i386-linux-gnu/crti.o
 *(.rel.text .rel.text.* .rel.gnu.linkonce.t.*)
 .rel.text      0x0000000000007270     0x7900 /usr/lib/gcc/i686-linux-gnu/5/../../../i386-linux-gnu/crti.o
 *(.rel.fini)
 .rel.fini      0x000000000000eb70        0x0 /usr/lib/gcc/i686-linux-gnu/5/../../../i386-linux-gnu/crti.o
 *(.rel.rodata .rel.rodata.* .rel.gnu.linkonce.r.*)
 .rel.rodata    0x000000000000eb70      0x388 /usr/lib/gcc/i686-linux-gnu/5/../../../i386-linux-gnu/crti.o
 *(.rel.data.rel.ro .rel.data.rel.ro.* .rel.gnu.linkonce.d.rel.ro.*)
 *(.rel.data .rel.data.* .rel.gnu.linkonce.d.*)
 .rel.data.rel.local
                0x000000000000eef8        0x8 /usr/lib/gcc/i686-linux-gnu/5/../../../i386-linux-gnu/crti.o
 .rel.data      0x000000000000ef00      0x360 /usr/lib/gcc/i686-linux-gnu/5/../../../i386-linux-gnu/crti.o
 *(.rel.tdata .rel.tdata.* .rel.gnu.linkonce.td.*)
 *(.rel.tbss .rel.tbss.* .rel.gnu.linkonce.tb.*)
 *(.rel.ctors)
 *(.rel.dtors)
 *(.rel.got)
 .rel.got       0x000000000000f260       0x28 /usr/lib/gcc/i686-linux-gnu/5/../../../i386-linux-gnu/crti.o
 *(.rel.bss .rel.bss.* .rel.gnu.linkonce.b.*)
 *(.rel.ifunc)
 .rel.ifunc     0x000000000000f288        0x0 /usr/lib/gcc/i686-linux-gnu/5/../../../i386-linux-gnu/crti.o
 .rel.fini_array
                0x000000000000f288        0x8 /usr/lib/gcc/i686-linux-gnu/5/../../../i386-linux-gnu/crti.o
 .rel.init_array
                0x000000000000f290        0x8 /usr/lib/gcc/i686-linux-gnu/5/../../../i386-linux-gnu/crti.o

.rel.plt        0x000000000000f298        0x0
 *(.rel.plt)
 .rel.plt       0x000000000000f298        0x0 /usr/lib/gcc/i686-linux-gnu/5/../../../i386-linux-gnu/crti.o
 *(.rel.iplt)

.init           0x000000000000f298       0x23
 *(SORT(.init))
 .init          0x000000000000f298       0x1e /usr/lib/gcc/i686-linux-gnu/5/../../../i386-linux-gnu/crti.o
                0x000000000000f298                _init
 .init          0x000000000000f2b6        0x5 /usr/lib/gcc/i686-linux-gnu/5/../../../i386-linux-gnu/crtn.o

.plt            0x000000000000f2c0       0x10
 *(.plt)
 .plt           0x000000000000f2c0       0x10 /usr/lib/gcc/i686-linux-gnu/5/../../../i386-linux-gnu/crti.o
 *(.iplt)

.plt.got        0x000000000000f2d0       0x10
 *(.plt.got)
 .plt.got       0x000000000000f2d0       0x10 /usr/lib/gcc/i686-linux-gnu/5/../../../i386-linux-gnu/crti.o

.text           0x000000000000f2e0    0x13e75
 *(.text.unlikely .text.*_unlikely .text.unlikely.*)
 .text.unlikely
                0x000000000000f2e0        0x0 /usr/lib/gcc/i686-linux-gnu/5/crtbeginS.o
 *(.text.exit .text.exit.*)
 *(.text.startup .text.startup.*)
 *(.text.hot .text.hot.*)
 *(.text .stub .text.* .gnu.linkonce.t.*)
 .text          0x000000000000f2e0        0x0 /usr/lib/gcc/i686-linux-gnu/5/../../../i386-linux-gnu/crti.o
 .gnu.linkonce.t.__x86.get_pc_thunk.bx
                0x000000000000f2e0        0x4 /usr/lib/gcc/i686-linux-gnu/5/../../../i386-linux-gnu/crti.o
                0x000000000000f2e0                __x86.get_pc_thunk.bx
 *fill*         0x000000000000f2e4        0xc 
 .text          0x000000000000f2f0      0x11c /usr/lib/gcc/i686-linux-gnu/5/crtbeginS.o
 .text.__x86.get_pc_thunk.dx
                0x000000000000f40c        0x4 /usr/lib/gcc/i686-linux-gnu/5/crtbeginS.o
                0x000000000000f40c                __x86.get_pc_thunk.dx
 .text          0x000000000000f410      0x116 udp-server.o
 .text          0x000000000000f526      0x283 build/cooja/mtype74.o
                0x000000000000f5b8                platform_init_stage_one
                0x000000000000f5cb                platform_init_stage_two
                0x000000000000f5de                platform_init_stage_three
                0x000000000000f5f1                platform_main_loop
                0x000000000000f664                Java_org_contikios_cooja_corecomm_Lib1_init
                0x000000000000f69b                Java_org_contikios_cooja_corecomm_Lib1_getMemory
                0x000000000000f6ce                Java_org_contikios_cooja_corecomm_Lib1_setMemory
                0x000000000000f72e                Java_org_contikios_cooja_corecomm_Lib1_tick
                0x000000000000f796                Java_org_contikios_cooja_corecomm_Lib1_setReferenceAddress
 .text          0x000000000000f7a9       0x65 build/cooja/mtype74.a(simEnvChange.o)
                0x000000000000f7a9                doActionsBeforeTick
                0x000000000000f7db                doActionsAfterTick
 .text          0x000000000000f80e       0x83 build/cooja/mtype74.a(cooja_mt.o)
                0x000000000000f80e                cooja_mt_start
                0x000000000000f838                cooja_mt_exec
                0x000000000000f86e                cooja_mt_yield
 .text          0x000000000000f891       0xbe build/cooja/mtype74.a(cooja_mtarch.o)
                0x000000000000f891                cooja_mtarch_start
                0x000000000000f904                cooja_sw
                0x000000000000f927                cooja_mtarch_exec
                0x000000000000f944                cooja_mtarch_yield
 .text          0x000000000000f94f       0xc5 build/cooja/mtype74.a(rtimer-arch.o)
                0x000000000000f94f                rtimer_arch_init
                0x000000000000f973                rtimer_arch_schedule
                0x000000000000f9a3                rtimer_arch_next
                0x000000000000f9b3                rtimer_arch_pending
                0x000000000000f9bd                rtimer_arch_check
                0x000000000000fa04                rtimer_arch_now
 .text          0x000000000000fa14       0x81 build/cooja/mtype74.a(beep.o)
                0x000000000000fa14                beep_alarm
                0x000000000000fa21                beep_beep
                0x000000000000fa2e                beep
                0x000000000000fa3b                beep_down
                0x000000000000fa48                beep_on
                0x000000000000fa55                beep_off
                0x000000000000fa62                beep_spinup
                0x000000000000fa6f                beep_quick
                0x000000000000fa7c                beep_long
 .text          0x000000000000fa95       0x65 build/cooja/mtype74.a(leds-arch.o)
                0x000000000000faa8                leds_arch_init
 .text          0x000000000000fafa       0x35 build/cooja/mtype74.a(moteid.o)
 .text          0x000000000000fb2f       0xb7 build/cooja/mtype74.a(pir-sensor.o)
 .text          0x000000000000fbe6      0x148 build/cooja/mtype74.a(rs232.o)
                0x000000000000fbe6                rs232_init
                0x000000000000fbec                rs232_set_speed
                0x000000000000fbfb                rs232_set_input
                0x000000000000fc09                rs232_send
                0x000000000000fc2d                rs232_print
                0x000000000000fc49                slip_arch_writeb
 .text          0x000000000000fd2e       0xb7 build/cooja/mtype74.a(vib-sensor.o)
 .text          0x000000000000fde5       0x38 build/cooja/mtype74.a(clock.o)
                0x000000000000fde5                clock_init
                0x000000000000fdeb                clock_time
                0x000000000000fdf5                clock_seconds
                0x000000000000fe0b                clock_delay
 .text          0x000000000000fe1d      0x219 build/cooja/mtype74.a(cooja-log.o)
                0x000000000000fe1d                simlog_char
                0x000000000000fe60                simlog
                0x000000000000fed6                log_message
                0x000000000000ff07                log_set_putchar_with_slip
                0x000000000000ff15                log_putchar
                0x000000000000ff90                log_puts
                0x000000000000ffb8                log_printf
 .text          0x0000000000010036      0x2b9 build/cooja/mtype74.a(cfs-cooja.o)
                0x0000000000010036                cfs_open
                0x000000000001009f                cfs_close
                0x00000000000100ac                cfs_read
                0x0000000000010141                cfs_write
                0x000000000001021d                cfs_seek
                0x00000000000102a5                cfs_remove
                0x00000000000102c9                cfs_opendir
                0x00000000000102d3                cfs_readdir
                0x00000000000102dd                cfs_closedir
 .text          0x00000000000102ef      0x62b build/cooja/mtype74.a(cooja-radio.o)
                0x0000000000010331                radio_set_channel
                0x000000000001033f                radio_set_txpower
                0x0000000000010357                radio_signal_strength_last
                0x0000000000010361                radio_signal_strength_current
                0x000000000001036b                radio_LQI
 .text          0x000000000001091a       0xee build/cooja/mtype74.a(eeprom.o)
                0x000000000001091a                eeprom_init
                0x0000000000010920                eeprom_read
                0x000000000001098e                eeprom_write
 .text          0x0000000000010a08       0x2d build/cooja/mtype74.a(random.o)
                0x0000000000010a08                random_init
                0x0000000000010a28                random_rand
 .text          0x0000000000010a35      0x29c build/cooja/mtype74.a(sensors.o)
                0x0000000000010a70                sensors_first
                0x0000000000010a7a                sensors_next
                0x0000000000010a94                sensors_changed
                0x0000000000010ac8                sensors_find
 .text          0x0000000000010cd1      0x349 build/cooja/mtype74.a(leds.o)
                0x0000000000010cd1                leds_init
                0x0000000000010d18                leds_single_on
                0x0000000000010d77                leds_single_off
                0x0000000000010dd6                leds_single_toggle
                0x0000000000010e08                leds_on
                0x0000000000010e8a                leds_off
                0x0000000000010f0c                leds_toggle
                0x0000000000010f61                leds_set
                0x0000000000010f8d                leds_get
 .text          0x000000000001101a      0x343 build/cooja/mtype74.a(gpio-hal-arch.o)
                0x000000000001101a                gpio_hal_arch_register_pin_callback
                0x0000000000011086                gpio_hal_arch_init
                0x00000000000110cb                gpio_hal_arch_no_port_interrupt_enable
                0x00000000000110fb                gpio_hal_arch_no_port_interrupt_disable
                0x000000000001112b                gpio_hal_arch_no_port_pin_cfg_set
                0x0000000000011150                gpio_hal_arch_no_port_pin_cfg_get
                0x0000000000011176                gpio_hal_arch_no_port_pin_set_input
                0x0000000000011188                gpio_hal_arch_no_port_pin_set_output
                0x000000000001119a                gpio_hal_arch_no_port_set_pin
                0x00000000000111bb                gpio_hal_arch_no_port_clear_pin
                0x00000000000111dc                gpio_hal_arch_no_port_read_pin
                0x0000000000011202                gpio_hal_arch_no_port_write_pin
                0x000000000001122c                gpio_hal_arch_no_port_set_pins
                0x0000000000011273                gpio_hal_arch_no_port_clear_pins
                0x00000000000112ba                gpio_hal_arch_no_port_read_pins
                0x00000000000112fd                gpio_hal_arch_no_port_write_pins
 .text          0x000000000001135d       0x89 build/cooja/mtype74.a(buttons.o)
 .text          0x00000000000113e6      0x32d build/cooja/mtype74.a(contiki-main.o)
                0x00000000000113e6                main
 .text          0x0000000000011713      0x3d7 build/cooja/mtype74.a(log.o)
                0x0000000000011713                log_6addr
                0x0000000000011766                log_6addr_compact_snprint
                0x0000000000011804                log_6addr_compact
                0x0000000000011857                log_lladdr
                0x00000000000118c9                log_lladdr_compact
                0x0000000000011931                log_bytes
                0x0000000000011974                log_set_level
                0x0000000000011a2f                log_get_level
                0x0000000000011aa8                log_level_to_str
 .text          0x0000000000011aea       0x92 build/cooja/mtype74.a(autostart.o)
                0x0000000000011aea                autostart_start
                0x0000000000011b34                autostart_exit
 .text          0x0000000000011b7c       0x1b build/cooja/mtype74.a(energest.o)
                0x0000000000011b7c                energest_init
                0x0000000000011b82                energest_flush
                0x0000000000011b88                energest_get_total_time
 .text          0x0000000000011b97      0x43f build/cooja/mtype74.a(etimer.o)
                0x0000000000011dbb                etimer_request_poll
                0x0000000000011e44                etimer_set
                0x0000000000011e6d                etimer_reset_with_new_interval
                0x0000000000011e9c                etimer_reset
                0x0000000000011ec2                etimer_restart
                0x0000000000011ee8                etimer_adjust
                0x0000000000011f05                etimer_expired
                0x0000000000011f18                etimer_expiration_time
                0x0000000000011f2a                etimer_start_time
                0x0000000000011f34                etimer_pending
                0x0000000000011f46                etimer_next_expiration_time
                0x0000000000011f60                etimer_stop
 .text          0x0000000000011fd6       0x25 build/cooja/mtype74.a(node-id.o)
                0x0000000000011fd6                node_id_init
 .text          0x0000000000011ffb      0x355 build/cooja/mtype74.a(ctimer.o)
                0x0000000000012123                ctimer_init
                0x0000000000012156                ctimer_set
                0x000000000001217c                ctimer_set_with_process
                0x00000000000121f9                ctimer_reset
                0x000000000001224d                ctimer_restart
                0x00000000000122a1                ctimer_stop
                0x00000000000122f1                ctimer_expired
 .text          0x0000000000012350       0xeb build/cooja/mtype74.a(rtimer.o)
                0x0000000000012350                rtimer_init
                0x000000000001235e                rtimer_set
                0x00000000000123d9                rtimer_run_next
 .text          0x000000000001243b      0x4fb build/cooja/mtype74.a(process.o)
                0x000000000001243b                process_alloc_event
                0x0000000000012450                process_start
                0x000000000001262a                process_exit
                0x0000000000012647                process_init
                0x00000000000127dc                process_run
                0x000000000001280f                process_nevents
                0x000000000001282a                process_post
                0x00000000000128bd                process_post_synch
                0x00000000000128f2                process_poll
                0x0000000000012922                process_is_running
 .text          0x0000000000012936       0xb1 build/cooja/mtype74.a(timer.o)
                0x0000000000012936                timer_set
                0x0000000000012954                timer_reset
                0x0000000000012981                timer_restart
                0x0000000000012996                timer_expired
                0x00000000000129c3                timer_remaining
 .text          0x00000000000129e7      0x28f build/cooja/mtype74.a(list.o)
                0x00000000000129e7                list_init
                0x00000000000129f6                list_head
                0x0000000000012a00                list_copy
                0x0000000000012a10                list_tail
                0x0000000000012a46                list_add
                0x0000000000012a92                list_push
                0x0000000000012abe                list_chop
                0x0000000000012b28                list_pop
                0x0000000000012b50                list_remove
                0x0000000000012bb8                list_length
                0x0000000000012be6                list_insert
                0x0000000000012c2b                list_item_next
                0x0000000000012c42                list_contains
 .text          0x0000000000012c76      0x41c build/cooja/mtype74.a(button-hal.o)
                0x0000000000012def                button_hal_get_by_id
                0x0000000000012e2d                button_hal_get_by_index
                0x0000000000012e59                button_hal_get_state
                0x0000000000012eab                button_hal_init
 .text          0x0000000000013092      0x1f3 build/cooja/mtype74.a(serial-line.o)
                0x0000000000013092                serial_line_input_byte
                0x0000000000013250                serial_line_init
 .text          0x0000000000013285      0x168 build/cooja/mtype74.a(gpio-hal.o)
                0x0000000000013285                gpio_hal_register_handler
                0x00000000000132a2                gpio_hal_event_handler
                0x00000000000132fe                gpio_hal_init
                0x000000000001331d                gpio_hal_arch_port_toggle_pin
                0x0000000000013359                gpio_hal_arch_port_toggle_pins
                0x0000000000013387                gpio_hal_arch_no_port_toggle_pin
                0x00000000000133c5                gpio_hal_arch_no_port_toggle_pins
 .text          0x00000000000133ed      0x2e7 build/cooja/mtype74.a(queuebuf.o)
                0x00000000000133f7                queuebuf_init
                0x0000000000013420                queuebuf_numfree
                0x0000000000013438                queuebuf_new_from_packetbuf
                0x00000000000134d7                queuebuf_update_attr_from_packetbuf
                0x000000000001350c                queuebuf_update_from_packetbuf
                0x000000000001355c                queuebuf_free
                0x00000000000135a5                queuebuf_to_packetbuf
                0x0000000000013611                queuebuf_dataptr
                0x000000000001364b                queuebuf_datalen
                0x000000000001366e                queuebuf_addr
                0x00000000000136a3                queuebuf_attr
                0x00000000000136ce                queuebuf_debug_print
 .text          0x00000000000136d4      0x407 build/cooja/mtype74.a(packetbuf.o)
                0x00000000000136d4                packetbuf_clear
                0x00000000000136ff                packetbuf_copyfrom
                0x000000000001374e                packetbuf_copyto
                0x00000000000137e1                packetbuf_hdralloc
                0x000000000001385d                packetbuf_hdrreduce
                0x00000000000138a3                packetbuf_set_datalen
                0x00000000000138bd                packetbuf_dataptr
                0x00000000000138da                packetbuf_hdrptr
                0x00000000000138e4                packetbuf_datalen
                0x00000000000138f0                packetbuf_hdrlen
                0x0000000000013907                packetbuf_totlen
                0x000000000001391d                packetbuf_remaininglen
                0x0000000000013930                packetbuf_attr_clear
                0x000000000001397c                packetbuf_attr_copyto
                0x00000000000139d4                packetbuf_attr_copyfrom
                0x0000000000013a2c                packetbuf_set_attr
                0x0000000000013a56                packetbuf_attr
                0x0000000000013a70                packetbuf_set_addr
                0x0000000000013aa1                packetbuf_addr
                0x0000000000013abe                packetbuf_holds_broadcast
 .text          0x0000000000013adb       0xef build/cooja/mtype74.a(netstack.o)
                0x0000000000013adb                netstack_process_ip_callback
                0x0000000000013b6c                netstack_ip_packet_processor_add
                0x0000000000013b8f                uip_ds6_ip_packet_processor_rm
                0x0000000000013bac                netstack_init
 .text          0x0000000000013bca       0x4f build/cooja/mtype74.a(linkaddr.o)
                0x0000000000013bca                linkaddr_copy
                0x0000000000013be0                linkaddr_cmp
                0x0000000000013c03                linkaddr_set_node_addr
 .text          0x0000000000013c19      0x1f6 build/cooja/mtype74.a(csma.o)
 .text          0x0000000000013e0f      0x95d build/cooja/mtype74.a(csma-output.o)
                0x00000000000144a6                csma_output_packet
                0x0000000000014733                csma_output_init
 .text          0x000000000001476c      0xc11 build/cooja/mtype74.a(uip-ds6.o)
                0x000000000001476c                uip_ds6_default_prefix
                0x0000000000014776                uip_ds6_set_default_prefix
                0x00000000000147a1                uip_ds6_init
                0x0000000000014a03                uip_ds6_periodic
                0x0000000000014a8a                uip_ds6_list_loop
                0x0000000000014b4a                uip_ds6_prefix_add
                0x0000000000014bf6                uip_ds6_prefix_rm
                0x0000000000014c09                uip_ds6_prefix_lookup
                0x0000000000014c48                uip_ds6_is_addr_onlink
                0x0000000000014cbb                uip_ds6_addr_add
                0x0000000000014ddb                uip_ds6_addr_rm
                0x0000000000014e84                uip_ds6_addr_lookup
                0x0000000000014ebd                uip_ds6_get_link_local
                0x0000000000014f3e                uip_ds6_get_global
                0x0000000000014fbf                uip_ds6_maddr_add
                0x000000000001501f                uip_ds6_maddr_rm
                0x0000000000015032                uip_ds6_maddr_lookup
                0x000000000001506b                uip_ds6_aaddr_add
                0x00000000000150cb                uip_ds6_aaddr_rm
                0x00000000000150de                uip_ds6_aaddr_lookup
                0x0000000000015117                uip_ds6_select_src
                0x0000000000015260                uip_ds6_set_addr_iid
                0x000000000001528b                uip_ds6_set_lladdr_from_iid
                0x00000000000152b4                get_match_length
                0x0000000000015345                uip_ds6_compute_reachable_time
 .text          0x000000000001537d      0x4d1 build/cooja/mtype74.a(uiplib.o)
                0x000000000001537d                uiplib_ip6addrconv
                0x0000000000015535                uiplib_ip4addrconv
                0x00000000000155f8                uiplib_ipaddr_print
                0x000000000001564b                uiplib_ipaddr_snprint
 .text          0x000000000001584e      0x35b build/cooja/mtype74.a(uip-ds6-route.o)
                0x000000000001589f                uip_ds6_route_init
                0x00000000000158c9                uip_ds6_route_nexthop
                0x00000000000158d3                uip_ds6_route_head
                0x00000000000158dd                uip_ds6_route_next
                0x00000000000158e7                uip_ds6_route_is_nexthop
                0x00000000000158f1                uip_ds6_route_num_routes
                0x00000000000158fb                uip_ds6_route_lookup
                0x0000000000015905                uip_ds6_route_add
                0x0000000000015918                uip_ds6_route_rm
                0x000000000001591e                uip_ds6_route_rm_by_nexthop
                0x0000000000015924                uip_ds6_defrt_head
                0x000000000001593d                uip_ds6_defrt_add
                0x00000000000159eb                uip_ds6_defrt_rm
                0x0000000000015a51                uip_ds6_defrt_lookup
                0x0000000000015ab8                uip_ds6_defrt_choose
                0x0000000000015b2e                uip_ds6_defrt_periodic
 .text          0x0000000000015ba9      0x6f7 build/cooja/mtype74.a(tcpip.o)
                0x0000000000015bc3                tcpip_output
                0x0000000000015c42                udp_attach
                0x0000000000015c5a                udp_new
                0x0000000000015ca4                udp_broadcast_new
                0x0000000000015e16                tcpip_input
                0x0000000000015fa6                tcpip_ipv6_output
                0x000000000001619a                tcpip_poll_udp
                0x00000000000161b8                tcpip_uipcall
 .text          0x00000000000162a0     0x1205 build/cooja/mtype74.a(uip6.o)
                0x000000000001634f                uip_chksum
                0x0000000000016426                uip_icmp6chksum
                0x000000000001643b                uip_udpchksum
                0x0000000000016450                uip_init
                0x0000000000016499                uip_remove_ext_hdr
                0x0000000000016573                uip_udp_new
                0x0000000000016887                uip_process
                0x000000000001737f                uip_htons
                0x00000000000173a1                uip_htonl
                0x00000000000173df                uip_send
 .text          0x00000000000174a5      0x369 build/cooja/mtype74.a(uip-ds6-nbr.o)
                0x00000000000174a5                uip_ds6_neighbors_init
                0x00000000000174c9                uip_ds6_nbr_add
                0x000000000001754f                uip_ds6_nbr_rm
                0x000000000001759a                uip_ds6_nbr_update_ll
                0x0000000000017688                uip_ds6_nbr_get_ipaddr
                0x000000000001769d                uip_ds6_nbr_get_ll
                0x00000000000176b9                uip_ds6_nbr_num
                0x0000000000017702                uip_ds6_nbr_head
                0x000000000001771b                uip_ds6_nbr_next
                0x0000000000017737                uip_ds6_nbr_lookup
                0x000000000001778f                uip_ds6_nbr_ll_lookup
                0x00000000000177ab                uip_ds6_nbr_ipaddr_from_lladdr
                0x00000000000177d4                uip_ds6_nbr_lladdr_from_ipaddr
                0x0000000000017808                uip_ds6_link_callback
 .text          0x000000000001780e      0x6a7 build/cooja/mtype74.a(uip-nd6.o)
                0x0000000000017e9c                uip_nd6_init
 .text          0x0000000000017eb5      0x3b0 build/cooja/mtype74.a(simple-udp.o)
                0x0000000000017ee2                simple_udp_send
                0x0000000000017f45                simple_udp_sendto
                0x0000000000017fa0                simple_udp_sendto_port
                0x0000000000017ff9                simple_udp_register
 .text          0x0000000000018265     0x2c17 build/cooja/mtype74.a(sicslowpan.o)
                0x000000000001886c                netstack_sniffer_add
                0x000000000001887a                netstack_sniffer_remove
                0x000000000001ae50                sicslowpan_init
                0x000000000001ae72                sicslowpan_get_last_rssi
 .text          0x000000000001ae7c      0x4c9 build/cooja/mtype74.a(rpl.o)
                0x000000000001ae7c                rpl_lollipop_greater_than
                0x000000000001aed6                rpl_get_global_address
                0x000000000001afce                rpl_link_callback
                0x000000000001b012                rpl_has_joined
                0x000000000001b037                rpl_is_reachable
                0x000000000001b0b8                rpl_reset_prefix
                0x000000000001b122                rpl_set_prefix_from_addr
                0x000000000001b207                rpl_set_prefix
                0x000000000001b321                rpl_set_leaf_only
                0x000000000001b339                rpl_get_leaf_only
 .text          0x000000000001b345      0x264 build/cooja/mtype74.a(rpl-dag-root.o)
                0x000000000001b345                rpl_dag_root_print_links
                0x000000000001b471                rpl_dag_root_set_prefix
                0x000000000001b49d                rpl_dag_root_start
                0x000000000001b57a                rpl_dag_root_is_root
 .text          0x000000000001b5a9       0x30 build/cooja/mtype74.a(watchdog.o)
                0x000000000001b5a9                watchdog_init
                0x000000000001b5af                watchdog_start
                0x000000000001b5b5                watchdog_periodic
                0x000000000001b5cd                watchdog_stop
                0x000000000001b5d3                watchdog_reboot
 .text          0x000000000001b5d9       0x4a build/cooja/mtype74.a(int-master.o)
                0x000000000001b5d9                int_master_enable
                0x000000000001b5e9                int_master_read_and_disable
                0x000000000001b606                int_master_status_set
                0x000000000001b614                int_master_is_enabled
 .text          0x000000000001b623       0xc7 build/cooja/mtype74.a(stimer.o)
                0x000000000001b623                stimer_set
                0x000000000001b641                stimer_reset
                0x000000000001b66e                stimer_restart
                0x000000000001b683                stimer_expired
                0x000000000001b6ae                stimer_remaining
                0x000000000001b6d2                stimer_elapsed
 .text          0x000000000001b6ea      0x1b5 build/cooja/mtype74.a(memb.o)
                0x000000000001b6ea                memb_init
                0x000000000001b73f                memb_alloc
                0x000000000001b7a2                memb_free
                0x000000000001b819                memb_inmemb
                0x000000000001b858                memb_numfree
 .text          0x000000000001b89f       0x1f build/cooja/mtype74.a(assert.o)
                0x000000000001b89f                _xassert
 .text          0x000000000001b8be      0x156 build/cooja/mtype74.a(ringbuf.o)
                0x000000000001b8be                ringbuf_init
                0x000000000001b8f0                ringbuf_put
                0x000000000001b96e                ringbuf_get
                0x000000000001b9db                ringbuf_size
                0x000000000001b9ed                ringbuf_elements
 .text          0x000000000001ba14      0x79b build/cooja/mtype74.a(nbr-table.o)
                0x000000000001be8d                nbr_table_register
                0x000000000001befa                nbr_table_is_registered
                0x000000000001bf35                nbr_table_head
                0x000000000001bf90                nbr_table_next
                0x000000000001bff1                nbr_table_add_lladdr
                0x000000000001c0cb                nbr_table_get_from_lladdr
                0x000000000001c117                nbr_table_remove
                0x000000000001c14f                nbr_table_lock
                0x000000000001c169                nbr_table_unlock
                0x000000000001c183                nbr_table_get_lladdr
 .text          0x000000000001c1af      0x3a5 build/cooja/mtype74.a(link-stats.o)
                0x000000000001c1af                link_stats_from_lladdr
                0x000000000001c1cb                link_stats_get_lladdr
                0x000000000001c1e7                link_stats_is_fresh
                0x000000000001c223                guess_etx_from_rssi
                0x000000000001c29f                link_stats_packet_sent
                0x000000000001c3bf                link_stats_input_callback
                0x000000000001c4cf                link_stats_reset
                0x000000000001c51f                link_stats_init
 .text          0x000000000001c554      0x187 build/cooja/mtype74.a(mac-sequence.o)
                0x000000000001c554                mac_sequence_is_duplicate
                0x000000000001c5f4                mac_sequence_register_seqno
 .text          0x000000000001c6db       0x23 build/cooja/mtype74.a(mac.o)
                0x000000000001c6db                mac_call_sent_callback
 .text          0x000000000001c6fe      0x432 build/cooja/mtype74.a(framer-802154.o)
                0x000000000001c88d                framer_802154_setup_params
 .text          0x000000000001cb30      0xb6f build/cooja/mtype74.a(frame802154.o)
                0x000000000001cb61                frame802154_get_pan_id
                0x000000000001cb6d                frame802154_set_pan_id
                0x000000000001cb87                frame802154_has_panid
                0x000000000001cd36                frame802154_check_dest_panid
                0x000000000001cdbe                frame802154_is_broadcast_addr
                0x000000000001ce0b                frame802154_extract_linkaddr
                0x000000000001d070                frame802154_hdrlen
                0x000000000001d0e3                frame802154_create_fcf
                0x000000000001d19b                frame802154_create
                0x000000000001d310                frame802154_parse_fcf
                0x000000000001d3f2                frame802154_parse
 .text          0x000000000001d69f       0x2d build/cooja/mtype74.a(csma-security.o)
                0x000000000001d69f                csma_security_create_frame
                0x000000000001d6bd                csma_security_parse_frame
 .text          0x000000000001d6cc      0x4e4 build/cooja/mtype74.a(uipbuf.o)
                0x000000000001d6cc                uipbuf_clear
                0x000000000001d6f3                uipbuf_add_ext_hdr
                0x000000000001d773                uipbuf_set_len
                0x000000000001d7a0                uipbuf_set_len_field
                0x000000000001d7cc                uipbuf_get_len_field
                0x000000000001d7ec                uipbuf_get_next_header
                0x000000000001d91e                uipbuf_get_last_header
                0x000000000001d997                uipbuf_search_header
                0x000000000001da4d                uipbuf_get_attr
                0x000000000001da74                uipbuf_set_attr
                0x000000000001daab                uipbuf_set_default_attr
                0x000000000001dae2                uipbuf_clear_attr
                0x000000000001db06                uipbuf_set_attr_flag
                0x000000000001db27                uipbuf_clr_attr_flag
                0x000000000001db4e                uipbuf_is_attr_flag
                0x000000000001db72                uipbuf_init
 .text          0x000000000001dbb0      0x73f build/cooja/mtype74.a(uip-icmp6.o)
                0x000000000001dc25                uip_icmp6_input
                0x000000000001dc7c                uip_icmp6_register_input_handler
                0x000000000001ddcf                uip_icmp6_error_output
                0x000000000001e080                uip_icmp6_send
                0x000000000001e277                uip_icmp6_echo_reply_callback_add
                0x000000000001e2a9                uip_icmp6_echo_reply_callback_rm
                0x000000000001e2c6                uip_icmp6_init
 .text          0x000000000001e2ef      0x69b build/cooja/mtype74.a(uip-sr.o)
                0x000000000001e2ef                uip_sr_num_nodes
                0x000000000001e37d                uip_sr_get_node
                0x000000000001e3d4                uip_sr_is_addr_reachable
                0x000000000001e482                uip_sr_expire_parent
                0x000000000001e4cb                uip_sr_update_node
                0x000000000001e5fb                uip_sr_init
                0x000000000001e62f                uip_sr_node_head
                0x000000000001e648                uip_sr_node_next
                0x000000000001e65e                uip_sr_periodic
                0x000000000001e764                uip_sr_free_all
                0x000000000001e7d4                uip_sr_link_snprint
 .text          0x000000000001e98a      0x146 build/cooja/mtype74.a(uip-packetqueue)
                0x000000000001e9b8                uip_packetqueue_new
                0x000000000001e9c7                uip_packetqueue_alloc
                0x000000000001ea22                uip_packetqueue_free
                0x000000000001ea69                uip_packetqueue_buf
                0x000000000001ea86                uip_packetqueue_buflen
                0x000000000001eaa7                uip_packetqueue_set_buflen
 .text          0x000000000001ead0      0x128 build/cooja/mtype74.a(uip-udp-packet.)
                0x000000000001ead0                uip_udp_packet_send
                0x000000000001eb2b                uip_udp_packet_sendto
 .text          0x000000000001ebf8     0x138c build/cooja/mtype74.a(rpl-icmp6.o)
                0x000000000001ed1d                rpl_icmp6_update_nbr_table
                0x000000000001eda6                rpl_icmp6_dis_output
                0x000000000001f3ec                rpl_icmp6_dio_output
                0x000000000001fbea                rpl_icmp6_dao_output
                0x000000000001fecb                rpl_icmp6_dao_ack_output
                0x000000000001ff3b                rpl_icmp6_init
 .text          0x000000000001ff84      0x915 build/cooja/mtype74.a(rpl-neighbor.o)
                0x0000000000020000                rpl_neighbor_snprint
                0x00000000000202b3                rpl_neighbor_print_list
                0x0000000000020368                rpl_neighbor_count
                0x000000000002040f                rpl_neighbor_get_from_lladdr
                0x000000000002042b                rpl_neighbor_is_acceptable_parent
                0x000000000002045f                rpl_neighbor_get_link_metric
                0x0000000000020493                rpl_neighbor_rank_via_nbr
                0x00000000000204c7                rpl_neighbor_get_lladdr
                0x00000000000204e3                rpl_neighbor_get_ipaddr
                0x000000000002050a                rpl_neighbor_get_link_stats
                0x0000000000020531                rpl_neighbor_is_fresh
                0x0000000000020558                rpl_neighbor_is_reachable
                0x00000000000205a3                rpl_neighbor_is_parent
                0x00000000000205cd                rpl_neighbor_set_preferred_parent
                0x0000000000020664                rpl_neighbor_remove_all
                0x00000000000206c0                rpl_neighbor_get_from_ipaddr
                0x00000000000207ce                rpl_neighbor_select_best
                0x000000000002087a                rpl_neighbor_init
 .text          0x0000000000020899      0xe69 build/cooja/mtype74.a(rpl-dag.o)
                0x0000000000020899                rpl_dag_state_to_str
                0x00000000000208d8                rpl_dag_get_root_ipaddr
                0x0000000000020920                rpl_dag_leave
                0x00000000000209a9                rpl_dag_poison_and_leave
                0x00000000000209c1                rpl_dag_periodic
                0x0000000000020a49                rpl_is_addr_in_our_dag
                0x0000000000020a8d                rpl_get_default_instance
                0x0000000000020aa9                rpl_get_any_dag
                0x0000000000020b02                rpl_refresh_routes
                0x0000000000020b42                rpl_global_repair
                0x0000000000020bdb                rpl_local_repair
                0x0000000000020c25                rpl_dag_ready_to_advertise
                0x0000000000020c68                rpl_dag_update_state
                0x0000000000021395                rpl_process_dio
                0x0000000000021413                rpl_process_dis
                0x0000000000021458                rpl_process_dao
                0x00000000000214e7                rpl_process_dao_ack
                0x000000000002157e                rpl_process_hbh
                0x00000000000215ce                rpl_dag_init_root
                0x00000000000216e2                rpl_dag_init
 .text          0x0000000000021702      0x9e7 build/cooja/mtype74.a(rpl-timers.o)
                0x0000000000021702                rpl_timers_schedule_periodic_dis
                0x0000000000021850                rpl_timers_dio_reset
                0x000000000002195e                rpl_timers_schedule_unicast_dio
                0x0000000000021ab2                rpl_timers_schedule_dao
                0x0000000000021b71                rpl_timers_schedule_dao_ack
                0x0000000000021bf7                rpl_timers_notify_dao_ack
                0x0000000000021c55                get_probing_delay
                0x0000000000021c89                get_probing_target
                0x0000000000021e73                rpl_schedule_probing
                0x0000000000021ea1                rpl_schedule_probing_now
                0x0000000000021f0b                rpl_timers_unschedule_leaving
                0x0000000000021f43                rpl_timers_schedule_leaving
                0x0000000000021f84                rpl_timers_init
                0x0000000000022014                rpl_timers_stop_dag_timers
                0x000000000002208d                rpl_timers_unschedule_state_update
                0x00000000000220b1                rpl_timers_schedule_state_update
 .text          0x00000000000220e9      0xba1 build/cooja/mtype74.a(rpl-ext-header.)
                0x00000000000220e9                rpl_ext_header_srh_get_next_hop
                0x00000000000221d0                rpl_ext_header_srh_update
                0x000000000002274f                rpl_ext_header_hbh_update
                0x0000000000022a4f                rpl_ext_header_update
                0x0000000000022ad8                rpl_ext_header_remove
 .text          0x0000000000022c8a      0x1b0 build/cooja/mtype74.a(rpl-nbr-policy.)
                0x0000000000022df7                rpl_nbr_policy_find_removable
 .text          0x0000000000022e3a      0x31b build/cooja/mtype74.a(rpl-mrhof.o)
 .text          0x0000000000023155        0x0 /usr/lib/gcc/i686-linux-gnu/5/crtendS.o
 .text          0x0000000000023155        0x0 /usr/lib/gcc/i686-linux-gnu/5/../../../i386-linux-gnu/crtn.o
 *(.gnu.warning)

.fini           0x0000000000023158       0x14
 *(SORT(.fini))
 .fini          0x0000000000023158        0xf /usr/lib/gcc/i686-linux-gnu/5/../../../i386-linux-gnu/crti.o
                0x0000000000023158                _fini
 .fini          0x0000000000023167        0x5 /usr/lib/gcc/i686-linux-gnu/5/../../../i386-linux-gnu/crtn.o
                [!provide]                        PROVIDE (__etext, .)
                [!provide]                        PROVIDE (_etext, .)
                [!provide]                        PROVIDE (etext, .)

.rodata         0x0000000000023180      0x78b
 *(.rodata .rodata.* .gnu.linkonce.r.*)
 .rodata        0x0000000000023180       0x7b udp-server.o
                0x000000000002318c                autostart_processes
 *fill*         0x00000000000231fb        0x1 
 .rodata        0x00000000000231fc        0x8 build/cooja/mtype74.a(beep.o)
                0x00000000000231fc                beep_interface
 .rodata        0x0000000000023204        0xe build/cooja/mtype74.a(leds-arch.o)
                0x0000000000023204                leds_interface
                0x000000000002320c                leds_arch_leds
 *fill*         0x0000000000023212        0x2 
 .rodata        0x0000000000023214        0x8 build/cooja/mtype74.a(moteid.o)
                0x0000000000023214                moteid_interface
 .rodata        0x000000000002321c       0x1c build/cooja/mtype74.a(pir-sensor.o)
                0x000000000002321c                pir_interface
                0x0000000000023228                pir_sensor
 .rodata        0x0000000000023238        0xe build/cooja/mtype74.a(rs232.o)
                0x0000000000023238                rs232_interface
 *fill*         0x0000000000023246        0x2 
 .rodata        0x0000000000023248       0x24 build/cooja/mtype74.a(vib-sensor.o)
                0x0000000000023248                vib_interface
                0x000000000002325c                vib_sensor
 .rodata        0x000000000002326c        0x8 build/cooja/mtype74.a(clock.o)
                0x000000000002326c                clock_interface
 .rodata        0x0000000000023274        0x8 build/cooja/mtype74.a(cooja-log.o)
                0x0000000000023274                simlog_interface
 .rodata        0x000000000002327c       0x2f build/cooja/mtype74.a(cfs-cooja.o)
                0x000000000002327c                cfs_interface
 *fill*         0x00000000000232ab       0x15 
 .rodata        0x00000000000232c0       0xb8 build/cooja/mtype74.a(cooja-radio.o)
                0x00000000000232c0                radio_interface
                0x0000000000023340                cooja_radio_driver
 .rodata        0x0000000000023378        0x8 build/cooja/mtype74.a(eeprom.o)
                0x0000000000023378                eeprom_interface
 .rodata        0x0000000000023380        0x8 build/cooja/mtype74.a(sensors.o)
 .rodata        0x0000000000023388       0x2c build/cooja/mtype74.a(buttons.o)
                0x0000000000023388                button_interface
                0x000000000002339c                button_hal_button_count
                0x00000000000233a4                button_sensor
 .rodata        0x00000000000233b4       0xf4 build/cooja/mtype74.a(contiki-main.o)
 .rodata        0x00000000000234a8       0xc4 build/cooja/mtype74.a(log.o)
 .rodata        0x000000000002356c        0xc build/cooja/mtype74.a(etimer.o)
 .rodata        0x0000000000023578        0xf build/cooja/mtype74.a(ctimer.o)
 .rodata        0x0000000000023587       0x13 build/cooja/mtype74.a(button-hal.o)
 .rodata        0x000000000002359a        0xe build/cooja/mtype74.a(serial-line.o)
 .rodata        0x00000000000235a8        0x8 build/cooja/mtype74.a(linkaddr.o)
                0x00000000000235a8                linkaddr_null
 .rodata        0x00000000000235b0       0x24 build/cooja/mtype74.a(csma.o)
                0x00000000000235b8                csma_driver
 .rodata        0x00000000000235d4       0x24 build/cooja/mtype74.a(csma-output.o)
 .rodata        0x00000000000235f8       0x2d build/cooja/mtype74.a(uiplib.o)
 *fill*         0x0000000000023625        0x3 
 .rodata        0x0000000000023628       0x4d build/cooja/mtype74.a(uip-ds6-route.o)
 .rodata        0x0000000000023675        0xd build/cooja/mtype74.a(tcpip.o)
 .rodata        0x0000000000023682       0x13 build/cooja/mtype74.a(simple-udp.o)
 *fill*         0x0000000000023695        0x3 
 .rodata        0x0000000000023698       0x30 build/cooja/mtype74.a(sicslowpan.o)
                0x0000000000023698                unc_llconf
                0x000000000002369c                unc_ctxconf
                0x00000000000236a0                unc_mxconf
                0x00000000000236a4                llprefix
                0x00000000000236b8                sicslowpan_driver
 *fill*         0x00000000000236c8       0x18 
 .rodata        0x00000000000236e0       0x74 build/cooja/mtype74.a(rpl.o)
                0x0000000000023700                rpl_lite_driver
 .rodata        0x0000000000023754       0x25 build/cooja/mtype74.a(assert.o)
 *fill*         0x0000000000023779        0x3 
 .rodata        0x000000000002377c        0xc build/cooja/mtype74.a(framer-802154.o)
                0x000000000002377c                framer_802154
 .rodata        0x0000000000023788       0x44 build/cooja/mtype74.a(uip-sr.o)
 .rodata        0x00000000000237cc       0x58 build/cooja/mtype74.a(rpl-neighbor.o)
 .rodata        0x0000000000023824       0xdb build/cooja/mtype74.a(rpl-dag.o)
 .rodata        0x00000000000238ff        0xc build/cooja/mtype74.a(rpl-timers.o)

.rodata1
 *(.rodata1)

.eh_frame_hdr   0x000000000002390c     0x1604
 *(.eh_frame_hdr)
 .eh_frame_hdr  0x000000000002390c     0x1604 udp-server.o
                0x000000000002390c                __GNU_EH_FRAME_HDR
 *(.eh_frame_entry .eh_frame_entry.*)

.eh_frame       0x0000000000024f10     0x58f4
 *(.eh_frame)
 .eh_frame      0x0000000000024f10       0x3c /usr/lib/gcc/i686-linux-gnu/5/../../../i386-linux-gnu/crti.o
                                         0x40 (size before relaxing)
 .eh_frame      0x0000000000024f4c       0x40 udp-server.o
                                         0x58 (size before relaxing)
 .eh_frame      0x0000000000024f8c      0x178 build/cooja/mtype74.o
                                        0x190 (size before relaxing)
 .eh_frame      0x0000000000025104       0x40 build/cooja/mtype74.a(simEnvChange.o)
                                         0x58 (size before relaxing)
 .eh_frame      0x0000000000025144       0x60 build/cooja/mtype74.a(cooja_mt.o)
                                         0x78 (size before relaxing)
 .eh_frame      0x00000000000251a4       0x80 build/cooja/mtype74.a(cooja_mtarch.o)
                                         0x98 (size before relaxing)
 .eh_frame      0x0000000000025224       0xc8 build/cooja/mtype74.a(rtimer-arch.o)
                                         0xe0 (size before relaxing)
 .eh_frame      0x00000000000252ec      0x160 build/cooja/mtype74.a(beep.o)
                                        0x178 (size before relaxing)
 .eh_frame      0x000000000002544c       0x80 build/cooja/mtype74.a(leds-arch.o)
                                         0x98 (size before relaxing)
 .eh_frame      0x00000000000254cc       0x40 build/cooja/mtype74.a(moteid.o)
                                         0x58 (size before relaxing)
 .eh_frame      0x000000000002550c       0xa0 build/cooja/mtype74.a(pir-sensor.o)
                                         0xb8 (size before relaxing)
 .eh_frame      0x00000000000255ac      0x100 build/cooja/mtype74.a(rs232.o)
                                        0x118 (size before relaxing)
 .eh_frame      0x00000000000256ac       0xa0 build/cooja/mtype74.a(vib-sensor.o)
                                         0xb8 (size before relaxing)
 .eh_frame      0x000000000002574c       0xc0 build/cooja/mtype74.a(clock.o)
                                         0xd8 (size before relaxing)
 .eh_frame      0x000000000002580c      0x120 build/cooja/mtype74.a(cooja-log.o)
                                        0x138 (size before relaxing)
 .eh_frame      0x000000000002592c      0x160 build/cooja/mtype74.a(cfs-cooja.o)
                                        0x178 (size before relaxing)
 .eh_frame      0x0000000000025a8c      0x340 build/cooja/mtype74.a(cooja-radio.o)
                                        0x358 (size before relaxing)
 .eh_frame      0x0000000000025dcc       0xa0 build/cooja/mtype74.a(eeprom.o)
                                         0xb8 (size before relaxing)
 .eh_frame      0x0000000000025e6c       0x40 build/cooja/mtype74.a(random.o)
                                         0x58 (size before relaxing)
 .eh_frame      0x0000000000025eac       0xc0 build/cooja/mtype74.a(sensors.o)
                                         0xd8 (size before relaxing)
 .eh_frame      0x0000000000025f6c      0x120 build/cooja/mtype74.a(leds.o)
                                        0x138 (size before relaxing)
 .eh_frame      0x000000000002608c      0x220 build/cooja/mtype74.a(gpio-hal-arch.o)
                                        0x238 (size before relaxing)
 .eh_frame      0x00000000000262ac       0xa0 build/cooja/mtype74.a(buttons.o)
                                         0xb8 (size before relaxing)
 .eh_frame      0x000000000002634c       0x30 build/cooja/mtype74.a(contiki-main.o)
                                         0x48 (size before relaxing)
 .eh_frame      0x000000000002637c      0x120 build/cooja/mtype74.a(log.o)
                                        0x138 (size before relaxing)
 .eh_frame      0x000000000002649c       0x40 build/cooja/mtype74.a(autostart.o)
                                         0x58 (size before relaxing)
 .eh_frame      0x00000000000264dc       0x60 build/cooja/mtype74.a(energest.o)
                                         0x78 (size before relaxing)
 .eh_frame      0x000000000002653c      0x1e0 build/cooja/mtype74.a(etimer.o)
                                        0x1f8 (size before relaxing)
 .eh_frame      0x000000000002671c       0x20 build/cooja/mtype74.a(node-id.o)
                                         0x38 (size before relaxing)
 .eh_frame      0x000000000002673c      0x100 build/cooja/mtype74.a(ctimer.o)
                                        0x118 (size before relaxing)
 .eh_frame      0x000000000002683c       0x60 build/cooja/mtype74.a(rtimer.o)
                                         0x78 (size before relaxing)
 .eh_frame      0x000000000002689c      0x1c4 build/cooja/mtype74.a(process.o)
                                        0x1dc (size before relaxing)
 .eh_frame      0x0000000000026a60       0xa4 build/cooja/mtype74.a(timer.o)
                                         0xbc (size before relaxing)
 .eh_frame      0x0000000000026b04      0x1a0 build/cooja/mtype74.a(list.o)
                                        0x1b8 (size before relaxing)
 .eh_frame      0x0000000000026ca4      0x144 build/cooja/mtype74.a(button-hal.o)
                                        0x15c (size before relaxing)
 .eh_frame      0x0000000000026de8       0x60 build/cooja/mtype74.a(serial-line.o)
                                         0x78 (size before relaxing)
 .eh_frame      0x0000000000026e48       0xe0 build/cooja/mtype74.a(gpio-hal.o)
                                         0xf8 (size before relaxing)
 .eh_frame      0x0000000000026f28      0x1a0 build/cooja/mtype74.a(queuebuf.o)
                                        0x1b8 (size before relaxing)
 .eh_frame      0x00000000000270c8      0x28c build/cooja/mtype74.a(packetbuf.o)
                                        0x2a4 (size before relaxing)
 .eh_frame      0x0000000000027354       0x80 build/cooja/mtype74.a(netstack.o)
                                         0x98 (size before relaxing)
 .eh_frame      0x00000000000273d4       0x60 build/cooja/mtype74.a(linkaddr.o)
                                         0x78 (size before relaxing)
 .eh_frame      0x0000000000027434       0xe0 build/cooja/mtype74.a(csma.o)
                                         0xf8 (size before relaxing)
 .eh_frame      0x0000000000027514      0x1d0 build/cooja/mtype74.a(csma-output.o)
                                        0x1e8 (size before relaxing)
 .eh_frame      0x00000000000276e4      0x328 build/cooja/mtype74.a(uip-ds6.o)
                                        0x340 (size before relaxing)
 .eh_frame      0x0000000000027a0c       0x88 build/cooja/mtype74.a(uiplib.o)
                                         0xa0 (size before relaxing)
 .eh_frame      0x0000000000027a94      0x220 build/cooja/mtype74.a(uip-ds6-route.o)
                                        0x238 (size before relaxing)
 .eh_frame      0x0000000000027cb4      0x244 build/cooja/mtype74.a(tcpip.o)
                                        0x25c (size before relaxing)
 .eh_frame      0x0000000000027ef8      0x1e8 build/cooja/mtype74.a(uip6.o)
                                        0x200 (size before relaxing)
 .eh_frame      0x00000000000280e0      0x1c0 build/cooja/mtype74.a(uip-ds6-nbr.o)
                                        0x1d8 (size before relaxing)
 .eh_frame      0x00000000000282a0       0x84 build/cooja/mtype74.a(uip-nd6.o)
                                         0x9c (size before relaxing)
 .eh_frame      0x0000000000028324       0xd4 build/cooja/mtype74.a(simple-udp.o)
                                         0xec (size before relaxing)
 .eh_frame      0x00000000000283f8      0x2f8 build/cooja/mtype74.a(sicslowpan.o)
                                        0x310 (size before relaxing)
 .eh_frame      0x00000000000286f0      0x1e0 build/cooja/mtype74.a(rpl.o)
                                        0x1f8 (size before relaxing)
 .eh_frame      0x00000000000288d0       0xa0 build/cooja/mtype74.a(rpl-dag-root.o)
                                         0xb8 (size before relaxing)
 .eh_frame      0x0000000000028970       0xa0 build/cooja/mtype74.a(watchdog.o)
                                         0xb8 (size before relaxing)
 .eh_frame      0x0000000000028a10       0x80 build/cooja/mtype74.a(int-master.o)
                                         0x98 (size before relaxing)
 .eh_frame      0x0000000000028a90       0xc4 build/cooja/mtype74.a(stimer.o)
                                         0xdc (size before relaxing)
 .eh_frame      0x0000000000028b54       0xa0 build/cooja/mtype74.a(memb.o)
                                         0xb8 (size before relaxing)
 .eh_frame      0x0000000000028bf4       0x20 build/cooja/mtype74.a(assert.o)
                                         0x38 (size before relaxing)
 .eh_frame      0x0000000000028c14       0xa0 build/cooja/mtype74.a(ringbuf.o)
                                         0xb8 (size before relaxing)
 .eh_frame      0x0000000000028cb4      0x2ac build/cooja/mtype74.a(nbr-table.o)
                                        0x2c4 (size before relaxing)
 .eh_frame      0x0000000000028f60      0x120 build/cooja/mtype74.a(link-stats.o)
                                        0x138 (size before relaxing)
 .eh_frame      0x0000000000029080       0x48 build/cooja/mtype74.a(mac-sequence.o)
                                         0x60 (size before relaxing)
 .eh_frame      0x00000000000290c8       0x20 build/cooja/mtype74.a(mac.o)
                                         0x38 (size before relaxing)
 .eh_frame      0x00000000000290e8       0xa4 build/cooja/mtype74.a(framer-802154.o)
                                         0xbc (size before relaxing)
 .eh_frame      0x000000000002918c      0x1a4 build/cooja/mtype74.a(frame802154.o)
                                        0x1bc (size before relaxing)
 .eh_frame      0x0000000000029330       0x40 build/cooja/mtype74.a(csma-security.o)
                                         0x58 (size before relaxing)
 .eh_frame      0x0000000000029370      0x200 build/cooja/mtype74.a(uipbuf.o)
                                        0x218 (size before relaxing)
 .eh_frame      0x0000000000029570      0x150 build/cooja/mtype74.a(uip-icmp6.o)
                                        0x168 (size before relaxing)
 .eh_frame      0x00000000000296c0      0x184 build/cooja/mtype74.a(uip-sr.o)
                                        0x19c (size before relaxing)
 .eh_frame      0x0000000000029844       0xe0 build/cooja/mtype74.a(uip-packetqueue)
                                         0xf8 (size before relaxing)
 .eh_frame      0x0000000000029924       0x40 build/cooja/mtype74.a(uip-udp-packet.)
                                         0x58 (size before relaxing)
 .eh_frame      0x0000000000029964      0x1c4 build/cooja/mtype74.a(rpl-icmp6.o)
                                        0x1dc (size before relaxing)
 .eh_frame      0x0000000000029b28      0x2d4 build/cooja/mtype74.a(rpl-neighbor.o)
                                        0x2ec (size before relaxing)
 .eh_frame      0x0000000000029dfc      0x370 build/cooja/mtype74.a(rpl-dag.o)
                                        0x388 (size before relaxing)
 .eh_frame      0x000000000002a16c      0x3a8 build/cooja/mtype74.a(rpl-timers.o)
                                        0x3c0 (size before relaxing)
 .eh_frame      0x000000000002a514      0x124 build/cooja/mtype74.a(rpl-ext-header.)
                                        0x13c (size before relaxing)
 .eh_frame      0x000000000002a638       0x80 build/cooja/mtype74.a(rpl-nbr-policy.)
                                         0x98 (size before relaxing)
 .eh_frame      0x000000000002a6b8      0x148 build/cooja/mtype74.a(rpl-mrhof.o)
                                        0x160 (size before relaxing)
 .eh_frame      0x000000000002a800        0x4 /usr/lib/gcc/i686-linux-gnu/5/crtendS.o
 *(.eh_frame.*)

.gcc_except_table
 *(.gcc_except_table .gcc_except_table.*)

.gnu_extab
 *(.gnu_extab*)

.exception_ranges
 *(.exception_ranges .exception_ranges*)
                0x000000000002bf10                . = DATA_SEGMENT_ALIGN (0x1000, 0x1000)

.eh_frame
 *(.eh_frame)
 *(.eh_frame.*)

.gnu_extab
 *(.gnu_extab)

.gcc_except_table
 *(.gcc_except_table .gcc_except_table.*)

.exception_ranges
 *(.exception_ranges .exception_ranges*)

.tdata
 *(.tdata .tdata.* .gnu.linkonce.td.*)

.tbss
 *(.tbss .tbss.* .gnu.linkonce.tb.*)
 *(.tcommon)

.preinit_array
 *(.preinit_array)

.init_array     0x000000000002bf10        0x4
 *(SORT(.init_array.*) SORT(.ctors.*))
 *(.init_array EXCLUDE_FILE(*crtend?.o *crtend.o *crtbegin?.o *crtbegin.o) .ctors)
 .init_array    0x000000000002bf10        0x4 /usr/lib/gcc/i686-linux-gnu/5/crtbeginS.o

.fini_array     0x000000000002bf14        0x4
 *(SORT(.fini_array.*) SORT(.dtors.*))
 *(.fini_array EXCLUDE_FILE(*crtend?.o *crtend.o *crtbegin?.o *crtbegin.o) .dtors)
 .fini_array    0x000000000002bf14        0x4 /usr/lib/gcc/i686-linux-gnu/5/crtbeginS.o

.ctors
 *crtbegin.o(.ctors)
 *crtbegin?.o(.ctors)
 *(EXCLUDE_FILE(*crtend?.o *crtend.o) .ctors)
 *(SORT(.ctors.*))
 *(.ctors)

.dtors
 *crtbegin.o(.dtors)
 *crtbegin?.o(.dtors)
 *(EXCLUDE_FILE(*crtend?.o *crtend.o) .dtors)
 *(SORT(.dtors.*))
 *(.dtors)

.jcr            0x000000000002bf18        0x4
 *(.jcr)
 .jcr           0x000000000002bf18        0x0 /usr/lib/gcc/i686-linux-gnu/5/crtbeginS.o
 .jcr           0x000000000002bf18        0x4 /usr/lib/gcc/i686-linux-gnu/5/crtendS.o

.data.rel.ro
 *(.data.rel.ro.local* .gnu.linkonce.d.rel.ro.local.*)
 *(.data.rel.ro .data.rel.ro.* .gnu.linkonce.d.rel.ro.*)

.dynamic        0x000000000002bf1c       0xd0
 *(.dynamic)
 .dynamic       0x000000000002bf1c       0xd0 /usr/lib/gcc/i686-linux-gnu/5/../../../i386-linux-gnu/crti.o
                0x000000000002bf1c                _DYNAMIC

.got            0x000000000002bfec       0x14
 *(.got)
 .got           0x000000000002bfec       0x14 /usr/lib/gcc/i686-linux-gnu/5/../../../i386-linux-gnu/crti.o
 *(.igot)
                0x000000000002cff4                . = DATA_SEGMENT_RELRO_END (., (SIZEOF (.got.plt) >= 0xc)?0xc:0x0)

.got.plt        0x000000000002c000        0xc
 *(.got.plt)
 .got.plt       0x000000000002c000        0xc /usr/lib/gcc/i686-linux-gnu/5/../../../i386-linux-gnu/crti.o
                0x000000000002c000                _GLOBAL_OFFSET_TABLE_
 *(.igot.plt)

.data           0x000000000002c020      0x3a4
 *(.data .data.* .gnu.linkonce.d.*)
 .data          0x000000000002c020        0x0 /usr/lib/gcc/i686-linux-gnu/5/../../../i386-linux-gnu/crti.o
 .data          0x000000000002c020        0x0 /usr/lib/gcc/i686-linux-gnu/5/crtbeginS.o
 .data.rel.local
                0x000000000002c020        0x4 /usr/lib/gcc/i686-linux-gnu/5/crtbeginS.o
                0x000000000002c020                __dso_handle
 .data          0x000000000002c024       0x10 udp-server.o
                0x000000000002c024                udp_server_process
 *fill*         0x000000000002c034        0xc 
 .data          0x000000000002c040       0x44 build/cooja/mtype74.o
                0x000000000002c040                simInterfaces
                0x000000000002c074                sensors
 .data          0x000000000002c084        0x0 build/cooja/mtype74.a(simEnvChange.o)
 .data          0x000000000002c084        0x0 build/cooja/mtype74.a(cooja_mt.o)
 .data          0x000000000002c084        0x0 build/cooja/mtype74.a(cooja_mtarch.o)
 .data          0x000000000002c084        0x0 build/cooja/mtype74.a(rtimer-arch.o)
 .data          0x000000000002c084        0x0 build/cooja/mtype74.a(beep.o)
 .data          0x000000000002c084        0x0 build/cooja/mtype74.a(leds-arch.o)
 .data          0x000000000002c084        0x0 build/cooja/mtype74.a(moteid.o)
 .data          0x000000000002c084        0x0 build/cooja/mtype74.a(pir-sensor.o)
 .data          0x000000000002c084        0x0 build/cooja/mtype74.a(rs232.o)
 .data          0x000000000002c084        0x0 build/cooja/mtype74.a(vib-sensor.o)
 .data          0x000000000002c084        0x0 build/cooja/mtype74.a(clock.o)
 .data          0x000000000002c084        0x0 build/cooja/mtype74.a(cooja-log.o)
 .data          0x000000000002c084        0x0 build/cooja/mtype74.a(cfs-cooja.o)
 .data          0x000000000002c084       0x2c build/cooja/mtype74.a(cooja-radio.o)
                0x000000000002c084                simRadioHWOn
                0x000000000002c088                simSignalStrength
                0x000000000002c08c                simLastSignalStrength
                0x000000000002c090                simPower
                0x000000000002c094                simRadioChannel
                0x000000000002c098                simLQI
                0x000000000002c0a0                cooja_radio_process
 .data          0x000000000002c0b0        0x0 build/cooja/mtype74.a(eeprom.o)
 .data          0x000000000002c0b0        0x0 build/cooja/mtype74.a(random.o)
 .data          0x000000000002c0b0       0x10 build/cooja/mtype74.a(sensors.o)
                0x000000000002c0b0                sensors_process
 .data          0x000000000002c0c0        0x0 build/cooja/mtype74.a(leds.o)
 .data          0x000000000002c0c0        0x0 build/cooja/mtype74.a(gpio-hal-arch.o)
 .data          0x000000000002c0c0       0x78 build/cooja/mtype74.a(buttons.o)
                0x000000000002c0c0                simButtonIsActive
                0x000000000002c130                button_hal_buttons
 .data          0x000000000002c138        0x0 build/cooja/mtype74.a(contiki-main.o)
 *fill*         0x000000000002c138        0x8 
 .data          0x000000000002c140       0xbc build/cooja/mtype74.a(log.o)
                0x000000000002c140                curr_log_level_main
                0x000000000002c160                all_modules
 .data          0x000000000002c1fc        0x0 build/cooja/mtype74.a(autostart.o)
 .data          0x000000000002c1fc        0x0 build/cooja/mtype74.a(energest.o)
 .data          0x000000000002c1fc       0x10 build/cooja/mtype74.a(etimer.o)
                0x000000000002c1fc                etimer_process
 .data          0x000000000002c20c        0x0 build/cooja/mtype74.a(node-id.o)
 .data          0x000000000002c20c       0x14 build/cooja/mtype74.a(ctimer.o)
                0x000000000002c210                ctimer_process
 .data          0x000000000002c220        0x0 build/cooja/mtype74.a(rtimer.o)
 .data          0x000000000002c220        0x0 build/cooja/mtype74.a(process.o)
 .data          0x000000000002c220        0x0 build/cooja/mtype74.a(timer.o)
 .data          0x000000000002c220        0x0 build/cooja/mtype74.a(list.o)
 .data          0x000000000002c220       0x10 build/cooja/mtype74.a(button-hal.o)
                0x000000000002c220                button_hal_process
 .data          0x000000000002c230       0x10 build/cooja/mtype74.a(serial-line.o)
                0x000000000002c230                serial_line_process
 .data          0x000000000002c240        0x4 build/cooja/mtype74.a(gpio-hal.o)
 .data          0x000000000002c244       0x18 build/cooja/mtype74.a(queuebuf.o)
 .data          0x000000000002c25c        0x4 build/cooja/mtype74.a(packetbuf.o)
 .data          0x000000000002c260        0x4 build/cooja/mtype74.a(netstack.o)
 .data          0x000000000002c264        0x0 build/cooja/mtype74.a(linkaddr.o)
 .data          0x000000000002c264        0x0 build/cooja/mtype74.a(csma.o)
 .data          0x000000000002c264       0x28 build/cooja/mtype74.a(csma-output.o)
 .data          0x000000000002c28c        0x0 build/cooja/mtype74.a(uip-ds6.o)
 .data          0x000000000002c28c        0x0 build/cooja/mtype74.a(uiplib.o)
 .data          0x000000000002c28c       0x10 build/cooja/mtype74.a(uip-ds6-route.o)
 .data          0x000000000002c29c       0x10 build/cooja/mtype74.a(tcpip.o)
                0x000000000002c29c                tcpip_process
 .data          0x000000000002c2ac        0x0 build/cooja/mtype74.a(uip6.o)
 .data          0x000000000002c2ac       0x14 build/cooja/mtype74.a(uip-ds6-nbr.o)
 .data          0x000000000002c2c0        0xc build/cooja/mtype74.a(uip-nd6.o)
 .data          0x000000000002c2cc       0x10 build/cooja/mtype74.a(simple-udp.o)
                0x000000000002c2cc                simple_udp_process
 .data          0x000000000002c2dc        0x0 build/cooja/mtype74.a(sicslowpan.o)
 .data          0x000000000002c2dc        0x0 build/cooja/mtype74.a(rpl.o)
 .data          0x000000000002c2dc        0x0 build/cooja/mtype74.a(rpl-dag-root.o)
 .data          0x000000000002c2dc        0x0 build/cooja/mtype74.a(watchdog.o)
 .data          0x000000000002c2dc        0x0 build/cooja/mtype74.a(int-master.o)
 .data          0x000000000002c2dc        0x0 build/cooja/mtype74.a(stimer.o)
 .data          0x000000000002c2dc        0x0 build/cooja/mtype74.a(memb.o)
 .data          0x000000000002c2dc        0x0 build/cooja/mtype74.a(assert.o)
 .data          0x000000000002c2dc        0x0 build/cooja/mtype74.a(ringbuf.o)
 .data          0x000000000002c2dc       0x10 build/cooja/mtype74.a(nbr-table.o)
 .data          0x000000000002c2ec       0x14 build/cooja/mtype74.a(link-stats.o)
 .data          0x000000000002c300        0x0 build/cooja/mtype74.a(mac-sequence.o)
 .data          0x000000000002c300        0x0 build/cooja/mtype74.a(mac.o)
 .data          0x000000000002c300        0x0 build/cooja/mtype74.a(framer-802154.o)
 .data          0x000000000002c300        0x2 build/cooja/mtype74.a(frame802154.o)
 .data          0x000000000002c302        0x0 build/cooja/mtype74.a(csma-security.o)
 .data          0x000000000002c302        0x0 build/cooja/mtype74.a(uipbuf.o)
 *fill*         0x000000000002c302        0x2 
 .data          0x000000000002c304       0x20 build/cooja/mtype74.a(uip-icmp6.o)
 .data          0x000000000002c324       0x10 build/cooja/mtype74.a(uip-sr.o)
 .data          0x000000000002c334        0xc build/cooja/mtype74.a(uip-packetqueue)
 .data          0x000000000002c340        0x0 build/cooja/mtype74.a(uip-udp-packet.)
 .data          0x000000000002c340       0x30 build/cooja/mtype74.a(rpl-icmp6.o)
 .data          0x000000000002c370       0x14 build/cooja/mtype74.a(rpl-neighbor.o)
                0x000000000002c380                rpl_neighbors
 .data          0x000000000002c384        0x0 build/cooja/mtype74.a(rpl-dag.o)
 .data          0x000000000002c384        0x0 build/cooja/mtype74.a(rpl-timers.o)
 .data          0x000000000002c384        0x0 build/cooja/mtype74.a(rpl-ext-header.)
 .data          0x000000000002c384        0x0 build/cooja/mtype74.a(rpl-nbr-policy.)
 *fill*         0x000000000002c384       0x1c 
 .data          0x000000000002c3a0       0x24 build/cooja/mtype74.a(rpl-mrhof.o)
                0x000000000002c3a0                rpl_mrhof
 .data          0x000000000002c3c4        0x0 /usr/lib/gcc/i686-linux-gnu/5/crtendS.o
 .data          0x000000000002c3c4        0x0 /usr/lib/gcc/i686-linux-gnu/5/../../../i386-linux-gnu/crtn.o

.tm_clone_table
                0x000000000002c3c4        0x0
 .tm_clone_table
                0x000000000002c3c4        0x0 /usr/lib/gcc/i686-linux-gnu/5/crtbeginS.o
 .tm_clone_table
                0x000000000002c3c4        0x0 /usr/lib/gcc/i686-linux-gnu/5/crtendS.o

.data1
 *(.data1)
                0x000000000002c3c4                _edata = .
                [!provide]                        PROVIDE (edata, .)
                0x000000000002c3c4                . = .
                0x000000000002c3c4                __bss_start = .

.bss            0x000000000002c3e0    0x13d84
 *(.dynbss)
 .dynbss        0x000000000002c3e0        0x0 /usr/lib/gcc/i686-linux-gnu/5/../../../i386-linux-gnu/crti.o
 *(.bss .bss.* .gnu.linkonce.b.*)
 .bss           0x000000000002c3e0        0x0 /usr/lib/gcc/i686-linux-gnu/5/../../../i386-linux-gnu/crti.o
 .bss           0x000000000002c3e0        0x1 /usr/lib/gcc/i686-linux-gnu/5/crtbeginS.o
 *fill*         0x000000000002c3e1       0x1f 
 .bss           0x000000000002c400       0x24 udp-server.o
 *fill*         0x000000000002c424       0x1c 
 .bss           0x000000000002c440     0x2030 build/cooja/mtype74.o
 .bss           0x000000000002e470        0x1 build/cooja/mtype74.a(simEnvChange.o)
                0x000000000002e470                simDontFallAsleep
 *fill*         0x000000000002e471        0x3 
 .bss           0x000000000002e474        0x4 build/cooja/mtype74.a(cooja_mt.o)
 .bss           0x000000000002e478        0x4 build/cooja/mtype74.a(cooja_mtarch.o)
 .bss           0x000000000002e47c        0x0 build/cooja/mtype74.a(rtimer-arch.o)
 .bss           0x000000000002e47c        0x0 build/cooja/mtype74.a(beep.o)
 .bss           0x000000000002e47c        0x1 build/cooja/mtype74.a(leds-arch.o)
                0x000000000002e47c                simLedsValue
 .bss           0x000000000002e47d        0x0 build/cooja/mtype74.a(moteid.o)
 .bss           0x000000000002e47d        0x1 build/cooja/mtype74.a(pir-sensor.o)
                0x000000000002e47d                simPirValue
 *fill*         0x000000000002e47e        0x2 
 .bss           0x000000000002e480        0x4 build/cooja/mtype74.a(rs232.o)
 .bss           0x000000000002e484        0x1 build/cooja/mtype74.a(vib-sensor.o)
                0x000000000002e484                simVibValue
 .bss           0x000000000002e485        0x0 build/cooja/mtype74.a(clock.o)
 *fill*         0x000000000002e485       0x1b 
 .bss           0x000000000002e4a0     0x2020 build/cooja/mtype74.a(cooja-log.o)
 .bss           0x00000000000304c0      0xfc0 build/cooja/mtype74.a(cfs-cooja.o)
                0x00000000000304c0                simCFSData
                0x0000000000031460                simCFSSize
                0x0000000000031464                simCFSChanged
                0x0000000000031468                simCFSRead
                0x000000000003146c                simCFSWritten
 .bss           0x0000000000031480       0x24 build/cooja/mtype74.a(cooja-radio.o)
                0x0000000000031480                simReceiving
                0x0000000000031484                simInSize
                0x0000000000031488                simLastPacketTimestamp
                0x0000000000031490                simOutSize
 .bss           0x00000000000314a4        0xc build/cooja/mtype74.a(eeprom.o)
                0x00000000000314a4                simEEPROMChanged
                0x00000000000314a8                simEEPROMRead
                0x00000000000314ac                simEEPROMWritten
 .bss           0x00000000000314b0        0x0 build/cooja/mtype74.a(random.o)
 .bss           0x00000000000314b0        0xc build/cooja/mtype74.a(sensors.o)
 .bss           0x00000000000314bc        0x0 build/cooja/mtype74.a(leds.o)
 .bss           0x00000000000314bc       0x24 build/cooja/mtype74.a(gpio-hal-arch.o)
 .bss           0x00000000000314e0        0x0 build/cooja/mtype74.a(buttons.o)
 .bss           0x00000000000314e0        0x0 build/cooja/mtype74.a(contiki-main.o)
 .bss           0x00000000000314e0       0x2c build/cooja/mtype74.a(log.o)
                0x00000000000314e0                curr_log_level_rpl
                0x00000000000314e4                curr_log_level_tcpip
                0x00000000000314e8                curr_log_level_ipv6
                0x00000000000314ec                curr_log_level_6lowpan
                0x00000000000314f0                curr_log_level_nullnet
                0x00000000000314f4                curr_log_level_mac
                0x00000000000314f8                curr_log_level_framer
                0x00000000000314fc                curr_log_level_6top
                0x0000000000031500                curr_log_level_coap
                0x0000000000031504                curr_log_level_snmp
                0x0000000000031508                curr_log_level_lwm2m
 .bss           0x000000000003150c        0x0 build/cooja/mtype74.a(autostart.o)
 .bss           0x000000000003150c        0x0 build/cooja/mtype74.a(energest.o)
 .bss           0x000000000003150c        0x8 build/cooja/mtype74.a(etimer.o)
 .bss           0x0000000000031514        0x2 build/cooja/mtype74.a(node-id.o)
                0x0000000000031514                node_id
 *fill*         0x0000000000031516        0x2 
 .bss           0x0000000000031518        0x5 build/cooja/mtype74.a(ctimer.o)
 *fill*         0x000000000003151d        0x3 
 .bss           0x0000000000031520        0x4 build/cooja/mtype74.a(rtimer.o)
 *fill*         0x0000000000031524       0x1c 
 .bss           0x0000000000031540      0x1a1 build/cooja/mtype74.a(process.o)
                0x0000000000031540                process_list
                0x0000000000031544                process_current
 .bss           0x00000000000316e1        0x0 build/cooja/mtype74.a(timer.o)
 .bss           0x00000000000316e1        0x0 build/cooja/mtype74.a(list.o)
 *fill*         0x00000000000316e1        0x3 
 .bss           0x00000000000316e4       0x10 build/cooja/mtype74.a(button-hal.o)
 *fill*         0x00000000000316f4        0xc 
 .bss           0x0000000000031700      0x140 build/cooja/mtype74.a(serial-line.o)
 .bss           0x0000000000031840        0x4 build/cooja/mtype74.a(gpio-hal.o)
 *fill*         0x0000000000031844       0x1c 
 .bss           0x0000000000031860     0x2c80 build/cooja/mtype74.a(queuebuf.o)
 .bss           0x00000000000344e0       0xa0 build/cooja/mtype74.a(packetbuf.o)
 .bss           0x0000000000034580        0x4 build/cooja/mtype74.a(netstack.o)
 .bss           0x0000000000034584        0x0 build/cooja/mtype74.a(linkaddr.o)
 .bss           0x0000000000034584        0x0 build/cooja/mtype74.a(csma.o)
 *fill*         0x0000000000034584       0x1c 
 .bss           0x00000000000345a0      0x726 build/cooja/mtype74.a(csma-output.o)
 *fill*         0x0000000000034cc6        0x2 
 .bss           0x0000000000034cc8       0x30 build/cooja/mtype74.a(uip-ds6.o)
 .bss           0x0000000000034cf8        0x0 build/cooja/mtype74.a(uiplib.o)
 *fill*         0x0000000000034cf8        0x8 
 .bss           0x0000000000034d00       0x60 build/cooja/mtype74.a(uip-ds6-route.o)
 .bss           0x0000000000034d60       0x10 build/cooja/mtype74.a(tcpip.o)
 .bss           0x0000000000034d70        0x8 build/cooja/mtype74.a(uip6.o)
                0x0000000000034d70                uip_ext_bitmap
                0x0000000000034d72                uip_ext_len
                0x0000000000034d74                uip_last_proto
 *fill*         0x0000000000034d78        0x8 
 .bss           0x0000000000034d80     0x1c20 build/cooja/mtype74.a(uip-ds6-nbr.o)
 .bss           0x00000000000369a0       0x10 build/cooja/mtype74.a(uip-nd6.o)
 *fill*         0x00000000000369b0       0x10 
 .bss           0x00000000000369c0      0x520 build/cooja/mtype74.a(simple-udp.o)
 .bss           0x0000000000036ee0      0x724 build/cooja/mtype74.a(sicslowpan.o)
 .bss           0x0000000000037604        0x1 build/cooja/mtype74.a(rpl.o)
 *fill*         0x0000000000037605        0x3 
 .bss           0x0000000000037608       0x11 build/cooja/mtype74.a(rpl-dag-root.o)
 .bss           0x0000000000037619        0x0 build/cooja/mtype74.a(watchdog.o)
 *fill*         0x0000000000037619        0x3 
 .bss           0x000000000003761c        0x4 build/cooja/mtype74.a(int-master.o)
 .bss           0x0000000000037620        0x0 build/cooja/mtype74.a(stimer.o)
 .bss           0x0000000000037620        0x0 build/cooja/mtype74.a(memb.o)
 .bss           0x0000000000037620        0x0 build/cooja/mtype74.a(assert.o)
 .bss           0x0000000000037620        0x0 build/cooja/mtype74.a(ringbuf.o)
 .bss           0x0000000000037620     0x1214 build/cooja/mtype74.a(nbr-table.o)
 *fill*         0x0000000000038834        0xc 
 .bss           0x0000000000038840      0xe10 build/cooja/mtype74.a(link-stats.o)
 *fill*         0x0000000000039650       0x10 
 .bss           0x0000000000039660      0x100 build/cooja/mtype74.a(mac-sequence.o)
 .bss           0x0000000000039760        0x0 build/cooja/mtype74.a(mac.o)
 .bss           0x0000000000039760        0x2 build/cooja/mtype74.a(framer-802154.o)
 .bss           0x0000000000039762        0x0 build/cooja/mtype74.a(frame802154.o)
 .bss           0x0000000000039762        0x0 build/cooja/mtype74.a(csma-security.o)
 *fill*         0x0000000000039762        0x2 
 .bss           0x0000000000039764       0x18 build/cooja/mtype74.a(uipbuf.o)
 .bss           0x000000000003977c       0x18 build/cooja/mtype74.a(uip-icmp6.o)
 *fill*         0x0000000000039794        0xc 
 .bss           0x00000000000397a0     0x1d80 build/cooja/mtype74.a(uip-sr.o)
 .bss           0x000000000003b520      0xa78 build/cooja/mtype74.a(uip-packetqueue)
 .bss           0x000000000003bf98        0x0 build/cooja/mtype74.a(uip-udp-packet.)
 .bss           0x000000000003bf98        0x0 build/cooja/mtype74.a(rpl-icmp6.o)
 *fill*         0x000000000003bf98        0x8 
 .bss           0x000000000003bfa0      0x960 build/cooja/mtype74.a(rpl-neighbor.o)
 .bss           0x000000000003c900        0x0 build/cooja/mtype74.a(rpl-dag.o)
 .bss           0x000000000003c900       0x40 build/cooja/mtype74.a(rpl-timers.o)
 .bss           0x000000000003c940        0x0 build/cooja/mtype74.a(rpl-ext-header.)
 .bss           0x000000000003c940        0xe build/cooja/mtype74.a(rpl-nbr-policy.)
 .bss           0x000000000003c94e        0x0 build/cooja/mtype74.a(rpl-mrhof.o)
 .bss           0x000000000003c94e        0x0 /usr/lib/gcc/i686-linux-gnu/5/crtendS.o
 .bss           0x000000000003c94e        0x0 /usr/lib/gcc/i686-linux-gnu/5/../../../i386-linux-gnu/crtn.o
 *(COMMON)
 *fill*         0x000000000003c94e        0x2 
 COMMON         0x000000000003c950        0x8 build/cooja/mtype74.o
                0x000000000003c950                referenceVar
                0x000000000003c954                sensors_flags
 COMMON         0x000000000003c958        0xc build/cooja/mtype74.a(simEnvChange.o)
                0x000000000003c958                simEtimerPending
                0x000000000003c95c                simProcessRunValue
                0x000000000003c960                simEtimerNextExpirationTime
 *fill*         0x000000000003c964        0x4 
 COMMON         0x000000000003c968       0x18 build/cooja/mtype74.a(rtimer-arch.o)
                0x000000000003c968                simRtimerPending
                0x000000000003c970                simRtimerCurrentTicks
                0x000000000003c978                simRtimerNextExpirationTime
 COMMON         0x000000000003c980        0x1 build/cooja/mtype74.a(beep.o)
                0x000000000003c980                simBeeped
 *fill*         0x000000000003c981        0x3 
 COMMON         0x000000000003c984        0xc build/cooja/mtype74.a(moteid.o)
                0x000000000003c984                simRandomSeed
                0x000000000003c988                simMoteIDChanged
                0x000000000003c98c                simMoteID
 COMMON         0x000000000003c990        0x2 build/cooja/mtype74.a(pir-sensor.o)
                0x000000000003c990                simPirIsActive
                0x000000000003c991                simPirChanged
 *fill*         0x000000000003c992        0xe 
 COMMON         0x000000000003c9a0      0x820 build/cooja/mtype74.a(rs232.o)
                0x000000000003c9a0                simSerialReceivingFlag
                0x000000000003c9a4                simSerialReceivingLength
                0x000000000003c9c0                simSerialReceivingData
 COMMON         0x000000000003d1c0        0x2 build/cooja/mtype74.a(vib-sensor.o)
                0x000000000003d1c0                simVibChanged
                0x000000000003d1c1                simVibIsActive
 *fill*         0x000000000003d1c2        0x2 
 COMMON         0x000000000003d1c4        0x4 build/cooja/mtype74.a(clock.o)
                0x000000000003d1c4                simCurrentTime
 *fill*         0x000000000003d1c8       0x18 
 COMMON         0x000000000003d1e0     0x2020 build/cooja/mtype74.a(cooja-log.o)
                0x000000000003d1e0                simLoggedLength
                0x000000000003d1e4                simLoggedFlag
                0x000000000003d200                simLoggedData
 COMMON         0x000000000003f200       0xfd build/cooja/mtype74.a(cooja-radio.o)
                0x000000000003f200                simOutDataBuffer
                0x000000000003f280                simInDataBuffer
 *fill*         0x000000000003f2fd        0x3 
 COMMON         0x000000000003f300      0x400 build/cooja/mtype74.a(eeprom.o)
                0x000000000003f300                simEEPROMData
 COMMON         0x000000000003f700        0x1 build/cooja/mtype74.a(sensors.o)
                0x000000000003f700                sensors_event
 COMMON         0x000000000003f701        0x2 build/cooja/mtype74.a(buttons.o)
                0x000000000003f701                simButtonIsDown
                0x000000000003f702                simButtonChanged
 *fill*         0x000000000003f703        0x1 
 COMMON         0x000000000003f704       0x78 build/cooja/mtype74.a(contiki-main.o)
                0x000000000003f704                unicast_per_neighbor_link_based
                0x000000000003f71c                eb_per_time_source
                0x000000000003f734                unicast_per_neighbor_rpl_storing
                0x000000000003f74c                unicast_per_neighbor_rpl_ns
                0x000000000003f764                default_common
 COMMON         0x000000000003f77c        0x3 build/cooja/mtype74.a(button-hal.o)
                0x000000000003f77c                button_hal_periodic_event
                0x000000000003f77d                button_hal_press_event
                0x000000000003f77e                button_hal_release_event
 COMMON         0x000000000003f77f        0x1 build/cooja/mtype74.a(serial-line.o)
                0x000000000003f77f                serial_line_event_message
 COMMON         0x000000000003f780       0x2c build/cooja/mtype74.a(packetbuf.o)
                0x000000000003f780                packetbuf_attrs
                0x000000000003f79c                packetbuf_addrs
 COMMON         0x000000000003f7ac        0x8 build/cooja/mtype74.a(linkaddr.o)
                0x000000000003f7ac                linkaddr_node_addr
 *fill*         0x000000000003f7b4        0xc 
 COMMON         0x000000000003f7c0      0x1a5 build/cooja/mtype74.a(uip-ds6.o)
                0x000000000003f7c0                uip_ds6_prefix_list
                0x000000000003f820                uip_ds6_timer_periodic
                0x000000000003f830                uip_ds6_netif_addr_list_offset
                0x000000000003f840                uip_ds6_if
                0x000000000003f95c                uip_ds6_timer_ra
                0x000000000003f964                uip_ds6_addr_size
 COMMON         0x000000000003f965        0x1 build/cooja/mtype74.a(tcpip.o)
                0x000000000003f965                tcpip_event
 *fill*         0x000000000003f966       0x1a 
 COMMON         0x000000000003f980      0x648 build/cooja/mtype74.a(uip6.o)
                0x000000000003f980                uip_slen
                0x000000000003f984                uip_lladdr
                0x000000000003f98c                uip_appdata
                0x000000000003f990                uip_flags
                0x000000000003f9a0                uip_aligned_buf
                0x000000000003fea0                uip_len
                0x000000000003fea4                uip_sappdata
                0x000000000003fec0                uip_udp_conns
                0x000000000003ffc0                uip_udp_conn
                0x000000000003ffc4                uip_conn
 COMMON         0x000000000003ffc8       0x10 build/cooja/mtype74.a(rpl.o)
                0x000000000003ffc8                rpl_multicast_addr
 *fill*         0x000000000003ffd8        0x8 
 COMMON         0x000000000003ffe0       0x20 build/cooja/mtype74.a(link-stats.o)
                0x000000000003ffe0                periodic_timer
 COMMON         0x0000000000040000      0x164 build/cooja/mtype74.a(rpl-dag.o)
                0x0000000000040000                curr_instance
                0x0000000000040164                . = ALIGN ((. != 0x0)?0x4:0x1)
                0x0000000000040164                . = ALIGN (0x4)
                0x0000000000040164                . = SEGMENT_START ("ldata-segment", .)
                0x0000000000040164                . = ALIGN (0x4)
                0x0000000000040164                _end = .
                [!provide]                        PROVIDE (end, .)
                0x0000000000040164                . = DATA_SEGMENT_END (.)

.stab
 *(.stab)

.stabstr
 *(.stabstr)

.stab.excl
 *(.stab.excl)

.stab.exclstr
 *(.stab.exclstr)

.stab.index
 *(.stab.index)

.stab.indexstr
 *(.stab.indexstr)

.comment        0x0000000000000000       0x35
 *(.comment)
 .comment       0x0000000000000000       0x35 /usr/lib/gcc/i686-linux-gnu/5/crtbeginS.o
                                         0x36 (size before relaxing)
 .comment       0x0000000000000035       0x36 udp-server.o
 .comment       0x0000000000000035       0x36 build/cooja/mtype74.o
 .comment       0x0000000000000035       0x36 build/cooja/mtype74.a(simEnvChange.o)
 .comment       0x0000000000000035       0x36 build/cooja/mtype74.a(cooja_mt.o)
 .comment       0x0000000000000035       0x36 build/cooja/mtype74.a(cooja_mtarch.o)
 .comment       0x0000000000000035       0x36 build/cooja/mtype74.a(rtimer-arch.o)
 .comment       0x0000000000000035       0x36 build/cooja/mtype74.a(beep.o)
 .comment       0x0000000000000035       0x36 build/cooja/mtype74.a(leds-arch.o)
 .comment       0x0000000000000035       0x36 build/cooja/mtype74.a(moteid.o)
 .comment       0x0000000000000035       0x36 build/cooja/mtype74.a(pir-sensor.o)
 .comment       0x0000000000000035       0x36 build/cooja/mtype74.a(rs232.o)
 .comment       0x0000000000000035       0x36 build/cooja/mtype74.a(vib-sensor.o)
 .comment       0x0000000000000035       0x36 build/cooja/mtype74.a(clock.o)
 .comment       0x0000000000000035       0x36 build/cooja/mtype74.a(cooja-log.o)
 .comment       0x0000000000000035       0x36 build/cooja/mtype74.a(cfs-cooja.o)
 .comment       0x0000000000000035       0x36 build/cooja/mtype74.a(cooja-radio.o)
 .comment       0x0000000000000035       0x36 build/cooja/mtype74.a(eeprom.o)
 .comment       0x0000000000000035       0x36 build/cooja/mtype74.a(random.o)
 .comment       0x0000000000000035       0x36 build/cooja/mtype74.a(sensors.o)
 .comment       0x0000000000000035       0x36 build/cooja/mtype74.a(leds.o)
 .comment       0x0000000000000035       0x36 build/cooja/mtype74.a(gpio-hal-arch.o)
 .comment       0x0000000000000035       0x36 build/cooja/mtype74.a(buttons.o)
 .comment       0x0000000000000035       0x36 build/cooja/mtype74.a(contiki-main.o)
 .comment       0x0000000000000035       0x36 build/cooja/mtype74.a(log.o)
 .comment       0x0000000000000035       0x36 build/cooja/mtype74.a(autostart.o)
 .comment       0x0000000000000035       0x36 build/cooja/mtype74.a(energest.o)