Archive member included to satisfy reference by file (symbol)

build/cooja/mtype308.a(simEnvChange.o)
                              build/cooja/mtype308.o (simDontFallAsleep)
build/cooja/mtype308.a(cooja_mt.o)
                              build/cooja/mtype308.o (cooja_mt_start)
build/cooja/mtype308.a(cooja_mtarch.o)
                              build/cooja/mtype308.a(cooja_mt.o) (cooja_mtarch_start)
build/cooja/mtype308.a(rtimer-arch.o)
                              build/cooja/mtype308.o (rtimer_arch_check)
build/cooja/mtype308.a(beep.o)
                              build/cooja/mtype308.o (beep_interface)
build/cooja/mtype308.a(leds-arch.o)
                              build/cooja/mtype308.o (leds_interface)
build/cooja/mtype308.a(moteid.o)
                              build/cooja/mtype308.o (moteid_interface)
build/cooja/mtype308.a(pir-sensor.o)
                              build/cooja/mtype308.o (pir_interface)
build/cooja/mtype308.a(rs232.o)
                              build/cooja/mtype308.o (rs232_interface)
build/cooja/mtype308.a(vib-sensor.o)
                              build/cooja/mtype308.o (vib_interface)
build/cooja/mtype308.a(clock.o)
                              build/cooja/mtype308.o (clock_interface)
build/cooja/mtype308.a(cooja-log.o)
                              build/cooja/mtype308.o (simlog_interface)
build/cooja/mtype308.a(cfs-cooja.o)
                              build/cooja/mtype308.o (cfs_interface)
build/cooja/mtype308.a(cooja-radio.o)
                              build/cooja/mtype308.o (radio_interface)
build/cooja/mtype308.a(eeprom.o)
                              build/cooja/mtype308.o (eeprom_interface)
build/cooja/mtype308.a(random.o)
                              build/cooja/mtype308.a(moteid.o) (random_init)
build/cooja/mtype308.a(sensors.o)
                              build/cooja/mtype308.a(pir-sensor.o) (sensors_changed)
build/cooja/mtype308.a(leds.o)
                              build/cooja/mtype308.a(leds-arch.o) (leds_get)
build/cooja/mtype308.a(gpio-hal-arch.o)
                              build/cooja/mtype308.a(leds-arch.o) (gpio_hal_arch_register_pin_callback)
build/cooja/mtype308.a(buttons.o)
                              build/cooja/mtype308.o (button_interface)
build/cooja/mtype308.a(contiki-main.o)
                              build/cooja/mtype308.o (main)
build/cooja/mtype308.a(log.o)
                              build/cooja/mtype308.a(contiki-main.o) (curr_log_level_main)
build/cooja/mtype308.a(autostart.o)
                              build/cooja/mtype308.a(contiki-main.o) (autostart_start)
build/cooja/mtype308.a(energest.o)
                              build/cooja/mtype308.a(contiki-main.o) (energest_init)
build/cooja/mtype308.a(etimer.o)
                              build/cooja/mtype308.a(contiki-main.o) (etimer_process)
build/cooja/mtype308.a(node-id.o)
                              build/cooja/mtype308.a(contiki-main.o) (node_id)
build/cooja/mtype308.a(ctimer.o)
                              build/cooja/mtype308.a(contiki-main.o) (ctimer_init)
build/cooja/mtype308.a(rtimer.o)
                              build/cooja/mtype308.a(contiki-main.o) (rtimer_init)
build/cooja/mtype308.a(process.o)
                              build/cooja/mtype308.a(etimer.o) (process_current)
build/cooja/mtype308.a(timer.o)
                              build/cooja/mtype308.a(etimer.o) (timer_set)
build/cooja/mtype308.a(list.o)
                              build/cooja/mtype308.a(ctimer.o) (list_init)
build/cooja/mtype308.a(button-hal.o)
                              build/cooja/mtype308.o (button_hal_init)
build/cooja/mtype308.a(serial-line.o)
                              build/cooja/mtype308.a(rs232.o) (serial_line_input_byte)
build/cooja/mtype308.a(gpio-hal.o)
                              build/cooja/mtype308.a(button-hal.o) (gpio_hal_register_handler)
build/cooja/mtype308.a(queuebuf.o)
                              build/cooja/mtype308.a(contiki-main.o) (queuebuf_init)
build/cooja/mtype308.a(packetbuf.o)
                              build/cooja/mtype308.a(cooja-radio.o) (packetbuf_clear)
build/cooja/mtype308.a(netstack.o)
                              build/cooja/mtype308.a(contiki-main.o) (netstack_init)
build/cooja/mtype308.a(linkaddr.o)
                              build/cooja/mtype308.a(contiki-main.o) (linkaddr_node_addr)
build/cooja/mtype308.a(csma.o)
                              build/cooja/mtype308.a(cooja-radio.o) (csma_driver)
build/cooja/mtype308.a(csma-output.o)
                              build/cooja/mtype308.a(csma.o) (csma_output_packet)
build/cooja/mtype308.a(uip-ds6.o)
                              build/cooja/mtype308.a(contiki-main.o) (uip_ds6_get_link_local)
build/cooja/mtype308.a(uiplib.o)
                              build/cooja/mtype308.a(log.o) (uiplib_ipaddr_snprint)
build/cooja/mtype308.a(uip-ds6-route.o)
                              build/cooja/mtype308.a(uip-ds6.o) (uip_ds6_route_init)
build/cooja/mtype308.a(tcpip.o)
[...]
Memory Configuration

Name             Origin             Length             Attributes
*default*        0x0000000000000000 0xffffffffffffffff

Linker script and memory map

LOAD /usr/lib/gcc/i686-linux-gnu/5/../../../i386-linux-gnu/crti.o
LOAD /usr/lib/gcc/i686-linux-gnu/5/crtbeginS.o
LOAD udp-intermedio.o
LOAD build/cooja/mtype308.o
LOAD build/cooja/mtype308.a
LOAD /usr/lib/gcc/i686-linux-gnu/5/libgcc.a
LOAD /usr/lib/gcc/i686-linux-gnu/5/libgcc_s.so
LOAD /usr/lib/gcc/i686-linux-gnu/5/../../../i386-linux-gnu/libc.so
START GROUP
LOAD /lib/i386-linux-gnu/libc.so.6
LOAD /usr/lib/i386-linux-gnu/libc_nonshared.a
LOAD /lib/i386-linux-gnu/ld-linux.so.2
END GROUP
LOAD /usr/lib/gcc/i686-linux-gnu/5/libgcc.a
LOAD /usr/lib/gcc/i686-linux-gnu/5/libgcc_s.so
LOAD /usr/lib/gcc/i686-linux-gnu/5/crtendS.o
LOAD /usr/lib/gcc/i686-linux-gnu/5/../../../i386-linux-gnu/crtn.o
                0x0000000000000114                . = (0x0 + SIZEOF_HEADERS)

.note.gnu.build-id
                0x0000000000000114       0x24
 *(.note.gnu.build-id)
 .note.gnu.build-id
                0x0000000000000114       0x24 /usr/lib/gcc/i686-linux-gnu/5/../../../i386-linux-gnu/crti.o

.hash
 *(.hash)

.gnu.hash       0x0000000000000138     0x142c
 *(.gnu.hash)
 .gnu.hash      0x0000000000000138     0x142c /usr/lib/gcc/i686-linux-gnu/5/../../../i386-linux-gnu/crti.o

.dynsym         0x0000000000001564     0x2900
 *(.dynsym)
 .dynsym        0x0000000000001564     0x2900 /usr/lib/gcc/i686-linux-gnu/5/../../../i386-linux-gnu/crti.o

.dynstr         0x0000000000003e64     0x2eaa
 *(.dynstr)
 .dynstr        0x0000000000003e64     0x2eaa /usr/lib/gcc/i686-linux-gnu/5/../../../i386-linux-gnu/crti.o

.gnu.version    0x0000000000006d0e      0x520
 *(.gnu.version)
 .gnu.version   0x0000000000006d0e      0x520 /usr/lib/gcc/i686-linux-gnu/5/../../../i386-linux-gnu/crti.o

.gnu.version_d  0x0000000000007230        0x0
 *(.gnu.version_d)
 .gnu.version_d
                0x0000000000007230        0x0 /usr/lib/gcc/i686-linux-gnu/5/../../../i386-linux-gnu/crti.o

.gnu.version_r  0x0000000000007230       0x40
 *(.gnu.version_r)
 .gnu.version_r
                0x0000000000007230       0x40 /usr/lib/gcc/i686-linux-gnu/5/../../../i386-linux-gnu/crti.o

.rel.dyn        0x0000000000007270     0x7ff0
 *(.rel.init)
 .rel.init      0x0000000000007270        0x0 /usr/lib/gcc/i686-linux-gnu/5/../../../i386-linux-gnu/crti.o
 *(.rel.text .rel.text.* .rel.gnu.linkonce.t.*)
 .rel.text      0x0000000000007270     0x78c8 /usr/lib/gcc/i686-linux-gnu/5/../../../i386-linux-gnu/crti.o
 *(.rel.fini)
 .rel.fini      0x000000000000eb38        0x0 /usr/lib/gcc/i686-linux-gnu/5/../../../i386-linux-gnu/crti.o
 *(.rel.rodata .rel.rodata.* .rel.gnu.linkonce.r.*)
 .rel.rodata    0x000000000000eb38      0x388 /usr/lib/gcc/i686-linux-gnu/5/../../../i386-linux-gnu/crti.o
 *(.rel.data.rel.ro .rel.data.rel.ro.* .rel.gnu.linkonce.d.rel.ro.*)
 *(.rel.data .rel.data.* .rel.gnu.linkonce.d.*)
 .rel.data.rel.local
                0x000000000000eec0        0x8 /usr/lib/gcc/i686-linux-gnu/5/../../../i386-linux-gnu/crti.o
 .rel.data      0x000000000000eec8      0x360 /usr/lib/gcc/i686-linux-gnu/5/../../../i386-linux-gnu/crti.o
 *(.rel.tdata .rel.tdata.* .rel.gnu.linkonce.td.*)
 *(.rel.tbss .rel.tbss.* .rel.gnu.linkonce.tb.*)
 *(.rel.ctors)
 *(.rel.dtors)
 *(.rel.got)
 .rel.got       0x000000000000f228       0x28 /usr/lib/gcc/i686-linux-gnu/5/../../../i386-linux-gnu/crti.o
 *(.rel.bss .rel.bss.* .rel.gnu.linkonce.b.*)
 *(.rel.ifunc)
 .rel.ifunc     0x000000000000f250        0x0 /usr/lib/gcc/i686-linux-gnu/5/../../../i386-linux-gnu/crti.o
 .rel.fini_array
                0x000000000000f250        0x8 /usr/lib/gcc/i686-linux-gnu/5/../../../i386-linux-gnu/crti.o
 .rel.init_array
                0x000000000000f258        0x8 /usr/lib/gcc/i686-linux-gnu/5/../../../i386-linux-gnu/crti.o

.rel.plt        0x000000000000f260        0x0
 *(.rel.plt)
 .rel.plt       0x000000000000f260        0x0 /usr/lib/gcc/i686-linux-gnu/5/../../../i386-linux-gnu/crti.o
 *(.rel.iplt)

.init           0x000000000000f260       0x23
 *(SORT(.init))
 .init          0x000000000000f260       0x1e /usr/lib/gcc/i686-linux-gnu/5/../../../i386-linux-gnu/crti.o
                0x000000000000f260                _init
 .init          0x000000000000f27e        0x5 /usr/lib/gcc/i686-linux-gnu/5/../../../i386-linux-gnu/crtn.o

.plt            0x000000000000f290       0x10
 *(.plt)
 .plt           0x000000000000f290       0x10 /usr/lib/gcc/i686-linux-gnu/5/../../../i386-linux-gnu/crti.o
 *(.iplt)

.plt.got        0x000000000000f2a0       0x10
 *(.plt.got)
 .plt.got       0x000000000000f2a0       0x10 /usr/lib/gcc/i686-linux-gnu/5/../../../i386-linux-gnu/crti.o

.text           0x000000000000f2b0    0x13e41
 *(.text.unlikely .text.*_unlikely .text.unlikely.*)
 .text.unlikely
                0x000000000000f2b0        0x0 /usr/lib/gcc/i686-linux-gnu/5/crtbeginS.o
 *(.text.exit .text.exit.*)
 *(.text.startup .text.startup.*)
 *(.text.hot .text.hot.*)
 *(.text .stub .text.* .gnu.linkonce.t.*)
 .text          0x000000000000f2b0        0x0 /usr/lib/gcc/i686-linux-gnu/5/../../../i386-linux-gnu/crti.o
 .gnu.linkonce.t.__x86.get_pc_thunk.bx
                0x000000000000f2b0        0x4 /usr/lib/gcc/i686-linux-gnu/5/../../../i386-linux-gnu/crti.o
                0x000000000000f2b0                __x86.get_pc_thunk.bx
 *fill*         0x000000000000f2b4        0xc 
 .text          0x000000000000f2c0      0x11c /usr/lib/gcc/i686-linux-gnu/5/crtbeginS.o
 .text.__x86.get_pc_thunk.dx
                0x000000000000f3dc        0x4 /usr/lib/gcc/i686-linux-gnu/5/crtbeginS.o
                0x000000000000f3dc                __x86.get_pc_thunk.dx
 .text          0x000000000000f3e0       0xe2 udp-intermedio.o
 .text          0x000000000000f4c2      0x283 build/cooja/mtype308.o
                0x000000000000f554                platform_init_stage_one
                0x000000000000f567                platform_init_stage_two
                0x000000000000f57a                platform_init_stage_three
                0x000000000000f58d                platform_main_loop
                0x000000000000f600                Java_org_contikios_cooja_corecomm_Lib9_init
                0x000000000000f637                Java_org_contikios_cooja_corecomm_Lib9_getMemory
                0x000000000000f66a                Java_org_contikios_cooja_corecomm_Lib9_setMemory
                0x000000000000f6ca                Java_org_contikios_cooja_corecomm_Lib9_tick
                0x000000000000f732                Java_org_contikios_cooja_corecomm_Lib9_setReferenceAddress
 .text          0x000000000000f745       0x65 build/cooja/mtype308.a(simEnvChange.o)
                0x000000000000f745                doActionsBeforeTick
                0x000000000000f777                doActionsAfterTick
 .text          0x000000000000f7aa       0x83 build/cooja/mtype308.a(cooja_mt.o)
                0x000000000000f7aa                cooja_mt_start
                0x000000000000f7d4                cooja_mt_exec
                0x000000000000f80a                cooja_mt_yield
 .text          0x000000000000f82d       0xbe build/cooja/mtype308.a(cooja_mtarch.o)
                0x000000000000f82d                cooja_mtarch_start
                0x000000000000f8a0                cooja_sw
                0x000000000000f8c3                cooja_mtarch_exec
                0x000000000000f8e0                cooja_mtarch_yield
 .text          0x000000000000f8eb       0xc5 build/cooja/mtype308.a(rtimer-arch.o)
                0x000000000000f8eb                rtimer_arch_init
                0x000000000000f90f                rtimer_arch_schedule
                0x000000000000f93f                rtimer_arch_next
                0x000000000000f94f                rtimer_arch_pending
                0x000000000000f959                rtimer_arch_check
                0x000000000000f9a0                rtimer_arch_now
 .text          0x000000000000f9b0       0x81 build/cooja/mtype308.a(beep.o)
                0x000000000000f9b0                beep_alarm
                0x000000000000f9bd                beep_beep
                0x000000000000f9ca                beep
                0x000000000000f9d7                beep_down
                0x000000000000f9e4                beep_on
                0x000000000000f9f1                beep_off
                0x000000000000f9fe                beep_spinup
                0x000000000000fa0b                beep_quick
                0x000000000000fa18                beep_long
 .text          0x000000000000fa31       0x65 build/cooja/mtype308.a(leds-arch.o)
                0x000000000000fa44                leds_arch_init
 .text          0x000000000000fa96       0x35 build/cooja/mtype308.a(moteid.o)
 .text          0x000000000000facb       0xb7 build/cooja/mtype308.a(pir-sensor.o)
 .text          0x000000000000fb82      0x148 build/cooja/mtype308.a(rs232.o)
                0x000000000000fb82                rs232_init
                0x000000000000fb88                rs232_set_speed
                0x000000000000fb97                rs232_set_input
                0x000000000000fba5                rs232_send
                0x000000000000fbc9                rs232_print
                0x000000000000fbe5                slip_arch_writeb
 .text          0x000000000000fcca       0xb7 build/cooja/mtype308.a(vib-sensor.o)
 .text          0x000000000000fd81       0x38 build/cooja/mtype308.a(clock.o)
                0x000000000000fd81                clock_init
                0x000000000000fd87                clock_time
                0x000000000000fd91                clock_seconds
                0x000000000000fda7                clock_delay
 .text          0x000000000000fdb9      0x219 build/cooja/mtype308.a(cooja-log.o)
                0x000000000000fdb9                simlog_char
                0x000000000000fdfc                simlog
                0x000000000000fe72                log_message
                0x000000000000fea3                log_set_putchar_with_slip
                0x000000000000feb1                log_putchar
                0x000000000000ff2c                log_puts
                0x000000000000ff54                log_printf
 .text          0x000000000000ffd2      0x2b9 build/cooja/mtype308.a(cfs-cooja.o)
                0x000000000000ffd2                cfs_open
                0x000000000001003b                cfs_close
                0x0000000000010048                cfs_read
                0x00000000000100dd                cfs_write
                0x00000000000101b9                cfs_seek
                0x0000000000010241                cfs_remove
                0x0000000000010265                cfs_opendir
                0x000000000001026f                cfs_readdir
                0x0000000000010279                cfs_closedir
 .text          0x000000000001028b      0x62b build/cooja/mtype308.a(cooja-radio.o)
                0x00000000000102cd                radio_set_channel
                0x00000000000102db                radio_set_txpower
                0x00000000000102f3                radio_signal_strength_last
                0x00000000000102fd                radio_signal_strength_current
                0x0000000000010307                radio_LQI
 .text          0x00000000000108b6       0xee build/cooja/mtype308.a(eeprom.o)
                0x00000000000108b6                eeprom_init
                0x00000000000108bc                eeprom_read
                0x000000000001092a                eeprom_write
 .text          0x00000000000109a4       0x2d build/cooja/mtype308.a(random.o)
                0x00000000000109a4                random_init
                0x00000000000109c4                random_rand
 .text          0x00000000000109d1      0x29c build/cooja/mtype308.a(sensors.o)
                0x0000000000010a0c                sensors_first
                0x0000000000010a16                sensors_next
                0x0000000000010a30                sensors_changed
                0x0000000000010a64                sensors_find
 .text          0x0000000000010c6d      0x349 build/cooja/mtype308.a(leds.o)
                0x0000000000010c6d                leds_init
                0x0000000000010cb4                leds_single_on
                0x0000000000010d13                leds_single_off
                0x0000000000010d72                leds_single_toggle
                0x0000000000010da4                leds_on
                0x0000000000010e26                leds_off
                0x0000000000010ea8                leds_toggle
                0x0000000000010efd                leds_set
                0x0000000000010f29                leds_get
 .text          0x0000000000010fb6      0x343 build/cooja/mtype308.a(gpio-hal-arch.o)
                0x0000000000010fb6                gpio_hal_arch_register_pin_callback
                0x0000000000011022                gpio_hal_arch_init
                0x0000000000011067                gpio_hal_arch_no_port_interrupt_enable
                0x0000000000011097                gpio_hal_arch_no_port_interrupt_disable
                0x00000000000110c7                gpio_hal_arch_no_port_pin_cfg_set
                0x00000000000110ec                gpio_hal_arch_no_port_pin_cfg_get
                0x0000000000011112                gpio_hal_arch_no_port_pin_set_input
                0x0000000000011124                gpio_hal_arch_no_port_pin_set_output
                0x0000000000011136                gpio_hal_arch_no_port_set_pin
                0x0000000000011157                gpio_hal_arch_no_port_clear_pin
                0x0000000000011178                gpio_hal_arch_no_port_read_pin
                0x000000000001119e                gpio_hal_arch_no_port_write_pin
                0x00000000000111c8                gpio_hal_arch_no_port_set_pins
                0x000000000001120f                gpio_hal_arch_no_port_clear_pins
                0x0000000000011256                gpio_hal_arch_no_port_read_pins
                0x0000000000011299                gpio_hal_arch_no_port_write_pins
 .text          0x00000000000112f9       0x89 build/cooja/mtype308.a(buttons.o)
 .text          0x0000000000011382      0x32d build/cooja/mtype308.a(contiki-main.o)
                0x0000000000011382                main
 .text          0x00000000000116af      0x3d7 build/cooja/mtype308.a(log.o)
                0x00000000000116af                log_6addr
                0x0000000000011702                log_6addr_compact_snprint
                0x00000000000117a0                log_6addr_compact
                0x00000000000117f3                log_lladdr
                0x0000000000011865                log_lladdr_compact
                0x00000000000118cd                log_bytes
                0x0000000000011910                log_set_level
                0x00000000000119cb                log_get_level
                0x0000000000011a44                log_level_to_str
 .text          0x0000000000011a86       0x92 build/cooja/mtype308.a(autostart.o)
                0x0000000000011a86                autostart_start
                0x0000000000011ad0                autostart_exit
 .text          0x0000000000011b18       0x1b build/cooja/mtype308.a(energest.o)
                0x0000000000011b18                energest_init
                0x0000000000011b1e                energest_flush
                0x0000000000011b24                energest_get_total_time
 .text          0x0000000000011b33      0x43f build/cooja/mtype308.a(etimer.o)
                0x0000000000011d57                etimer_request_poll
                0x0000000000011de0                etimer_set
                0x0000000000011e09                etimer_reset_with_new_interval
                0x0000000000011e38                etimer_reset
                0x0000000000011e5e                etimer_restart
                0x0000000000011e84                etimer_adjust
                0x0000000000011ea1                etimer_expired
                0x0000000000011eb4                etimer_expiration_time
                0x0000000000011ec6                etimer_start_time
                0x0000000000011ed0                etimer_pending
                0x0000000000011ee2                etimer_next_expiration_time
                0x0000000000011efc                etimer_stop
 .text          0x0000000000011f72       0x25 build/cooja/mtype308.a(node-id.o)
                0x0000000000011f72                node_id_init
 .text          0x0000000000011f97      0x355 build/cooja/mtype308.a(ctimer.o)
                0x00000000000120bf                ctimer_init
                0x00000000000120f2                ctimer_set
                0x0000000000012118                ctimer_set_with_process
                0x0000000000012195                ctimer_reset
                0x00000000000121e9                ctimer_restart
                0x000000000001223d                ctimer_stop
                0x000000000001228d                ctimer_expired
 .text          0x00000000000122ec       0xeb build/cooja/mtype308.a(rtimer.o)
                0x00000000000122ec                rtimer_init
                0x00000000000122fa                rtimer_set
                0x0000000000012375                rtimer_run_next
 .text          0x00000000000123d7      0x4fb build/cooja/mtype308.a(process.o)
                0x00000000000123d7                process_alloc_event
                0x00000000000123ec                process_start
                0x00000000000125c6                process_exit
                0x00000000000125e3                process_init
                0x0000000000012778                process_run
                0x00000000000127ab                process_nevents
                0x00000000000127c6                process_post
                0x0000000000012859                process_post_synch
                0x000000000001288e                process_poll
                0x00000000000128be                process_is_running
 .text          0x00000000000128d2       0xb1 build/cooja/mtype308.a(timer.o)
                0x00000000000128d2                timer_set
                0x00000000000128f0                timer_reset
                0x000000000001291d                timer_restart
                0x0000000000012932                timer_expired
                0x000000000001295f                timer_remaining
 .text          0x0000000000012983      0x28f build/cooja/mtype308.a(list.o)
                0x0000000000012983                list_init
                0x0000000000012992                list_head
                0x000000000001299c                list_copy
                0x00000000000129ac                list_tail
                0x00000000000129e2                list_add
                0x0000000000012a2e                list_push
                0x0000000000012a5a                list_chop
                0x0000000000012ac4                list_pop
                0x0000000000012aec                list_remove
                0x0000000000012b54                list_length
                0x0000000000012b82                list_insert
                0x0000000000012bc7                list_item_next
                0x0000000000012bde                list_contains
 .text          0x0000000000012c12      0x41c build/cooja/mtype308.a(button-hal.o)
                0x0000000000012d8b                button_hal_get_by_id
                0x0000000000012dc9                button_hal_get_by_index
                0x0000000000012df5                button_hal_get_state
                0x0000000000012e47                button_hal_init
 .text          0x000000000001302e      0x1f3 build/cooja/mtype308.a(serial-line.o)
                0x000000000001302e                serial_line_input_byte
                0x00000000000131ec                serial_line_init
 .text          0x0000000000013221      0x168 build/cooja/mtype308.a(gpio-hal.o)
                0x0000000000013221                gpio_hal_register_handler
                0x000000000001323e                gpio_hal_event_handler
                0x000000000001329a                gpio_hal_init
                0x00000000000132b9                gpio_hal_arch_port_toggle_pin
                0x00000000000132f5                gpio_hal_arch_port_toggle_pins
                0x0000000000013323                gpio_hal_arch_no_port_toggle_pin
                0x0000000000013361                gpio_hal_arch_no_port_toggle_pins
 .text          0x0000000000013389      0x2e7 build/cooja/mtype308.a(queuebuf.o)
                0x0000000000013393                queuebuf_init
                0x00000000000133bc                queuebuf_numfree
                0x00000000000133d4                queuebuf_new_from_packetbuf
                0x0000000000013473                queuebuf_update_attr_from_packetbuf
                0x00000000000134a8                queuebuf_update_from_packetbuf
                0x00000000000134f8                queuebuf_free
                0x0000000000013541                queuebuf_to_packetbuf
                0x00000000000135ad                queuebuf_dataptr
                0x00000000000135e7                queuebuf_datalen
                0x000000000001360a                queuebuf_addr
                0x000000000001363f                queuebuf_attr
                0x000000000001366a                queuebuf_debug_print
 .text          0x0000000000013670      0x407 build/cooja/mtype308.a(packetbuf.o)
                0x0000000000013670                packetbuf_clear
                0x000000000001369b                packetbuf_copyfrom
                0x00000000000136ea                packetbuf_copyto
                0x000000000001377d                packetbuf_hdralloc
                0x00000000000137f9                packetbuf_hdrreduce
                0x000000000001383f                packetbuf_set_datalen
                0x0000000000013859                packetbuf_dataptr
                0x0000000000013876                packetbuf_hdrptr
                0x0000000000013880                packetbuf_datalen
                0x000000000001388c                packetbuf_hdrlen
                0x00000000000138a3                packetbuf_totlen
                0x00000000000138b9                packetbuf_remaininglen
                0x00000000000138cc                packetbuf_attr_clear
                0x0000000000013918                packetbuf_attr_copyto
                0x0000000000013970                packetbuf_attr_copyfrom
                0x00000000000139c8                packetbuf_set_attr
                0x00000000000139f2                packetbuf_attr
                0x0000000000013a0c                packetbuf_set_addr
                0x0000000000013a3d                packetbuf_addr
                0x0000000000013a5a                packetbuf_holds_broadcast
 .text          0x0000000000013a77       0xef build/cooja/mtype308.a(netstack.o)
                0x0000000000013a77                netstack_process_ip_callback
                0x0000000000013b08                netstack_ip_packet_processor_add
                0x0000000000013b2b                uip_ds6_ip_packet_processor_rm
                0x0000000000013b48                netstack_init
 .text          0x0000000000013b66       0x4f build/cooja/mtype308.a(linkaddr.o)
                0x0000000000013b66                linkaddr_copy
                0x0000000000013b7c                linkaddr_cmp
                0x0000000000013b9f                linkaddr_set_node_addr
 .text          0x0000000000013bb5      0x1f6 build/cooja/mtype308.a(csma.o)
 .text          0x0000000000013dab      0x95d build/cooja/mtype308.a(csma-output.o)
                0x0000000000014442                csma_output_packet
                0x00000000000146cf                csma_output_init
 .text          0x0000000000014708      0xc11 build/cooja/mtype308.a(uip-ds6.o)
                0x0000000000014708                uip_ds6_default_prefix
                0x0000000000014712                uip_ds6_set_default_prefix
                0x000000000001473d                uip_ds6_init
                0x000000000001499f                uip_ds6_periodic
                0x0000000000014a26                uip_ds6_list_loop
                0x0000000000014ae6                uip_ds6_prefix_add
                0x0000000000014b92                uip_ds6_prefix_rm
                0x0000000000014ba5                uip_ds6_prefix_lookup
                0x0000000000014be4                uip_ds6_is_addr_onlink
                0x0000000000014c57                uip_ds6_addr_add
                0x0000000000014d77                uip_ds6_addr_rm
                0x0000000000014e20                uip_ds6_addr_lookup
                0x0000000000014e59                uip_ds6_get_link_local
                0x0000000000014eda                uip_ds6_get_global
                0x0000000000014f5b                uip_ds6_maddr_add
                0x0000000000014fbb                uip_ds6_maddr_rm
                0x0000000000014fce                uip_ds6_maddr_lookup
                0x0000000000015007                uip_ds6_aaddr_add
                0x0000000000015067                uip_ds6_aaddr_rm
                0x000000000001507a                uip_ds6_aaddr_lookup
                0x00000000000150b3                uip_ds6_select_src
                0x00000000000151fc                uip_ds6_set_addr_iid
                0x0000000000015227                uip_ds6_set_lladdr_from_iid
                0x0000000000015250                get_match_length
                0x00000000000152e1                uip_ds6_compute_reachable_time
 .text          0x0000000000015319      0x4d1 build/cooja/mtype308.a(uiplib.o)
                0x0000000000015319                uiplib_ip6addrconv
                0x00000000000154d1                uiplib_ip4addrconv
                0x0000000000015594                uiplib_ipaddr_print
                0x00000000000155e7                uiplib_ipaddr_snprint
 .text          0x00000000000157ea      0x35b build/cooja/mtype308.a(uip-ds6-route.o)
                0x000000000001583b                uip_ds6_route_init
                0x0000000000015865                uip_ds6_route_nexthop
                0x000000000001586f                uip_ds6_route_head
                0x0000000000015879                uip_ds6_route_next
                0x0000000000015883                uip_ds6_route_is_nexthop
                0x000000000001588d                uip_ds6_route_num_routes
                0x0000000000015897                uip_ds6_route_lookup
                0x00000000000158a1                uip_ds6_route_add
                0x00000000000158b4                uip_ds6_route_rm
                0x00000000000158ba                uip_ds6_route_rm_by_nexthop
                0x00000000000158c0                uip_ds6_defrt_head
                0x00000000000158d9                uip_ds6_defrt_add
                0x0000000000015987                uip_ds6_defrt_rm
                0x00000000000159ed                uip_ds6_defrt_lookup
                0x0000000000015a54                uip_ds6_defrt_choose
                0x0000000000015aca                uip_ds6_defrt_periodic
 .text          0x0000000000015b45      0x6f7 build/cooja/mtype308.a(tcpip.o)
                0x0000000000015b5f                tcpip_output
                0x0000000000015bde                udp_attach
                0x0000000000015bf6                udp_new
                0x0000000000015c40                udp_broadcast_new
                0x0000000000015db2                tcpip_input
                0x0000000000015f42                tcpip_ipv6_output
                0x0000000000016136                tcpip_poll_udp
                0x0000000000016154                tcpip_uipcall
 .text          0x000000000001623c     0x1205 build/cooja/mtype308.a(uip6.o)
                0x00000000000162eb                uip_chksum
                0x00000000000163c2                uip_icmp6chksum
                0x00000000000163d7                uip_udpchksum
                0x00000000000163ec                uip_init
                0x0000000000016435                uip_remove_ext_hdr
                0x000000000001650f                uip_udp_new
                0x0000000000016823                uip_process
                0x000000000001731b                uip_htons
                0x000000000001733d                uip_htonl
                0x000000000001737b                uip_send
 .text          0x0000000000017441      0x369 build/cooja/mtype308.a(uip-ds6-nbr.o)
                0x0000000000017441                uip_ds6_neighbors_init
                0x0000000000017465                uip_ds6_nbr_add
                0x00000000000174eb                uip_ds6_nbr_rm
                0x0000000000017536                uip_ds6_nbr_update_ll
                0x0000000000017624                uip_ds6_nbr_get_ipaddr
                0x0000000000017639                uip_ds6_nbr_get_ll
                0x0000000000017655                uip_ds6_nbr_num
                0x000000000001769e                uip_ds6_nbr_head
                0x00000000000176b7                uip_ds6_nbr_next
                0x00000000000176d3                uip_ds6_nbr_lookup
                0x000000000001772b                uip_ds6_nbr_ll_lookup
                0x0000000000017747                uip_ds6_nbr_ipaddr_from_lladdr
                0x0000000000017770                uip_ds6_nbr_lladdr_from_ipaddr
                0x00000000000177a4                uip_ds6_link_callback
 .text          0x00000000000177aa      0x6a7 build/cooja/mtype308.a(uip-nd6.o)
                0x0000000000017e38                uip_nd6_init
 .text          0x0000000000017e51      0x3b0 build/cooja/mtype308.a(simple-udp.o)
                0x0000000000017e7e                simple_udp_send
                0x0000000000017ee1                simple_udp_sendto
                0x0000000000017f3c                simple_udp_sendto_port
                0x0000000000017f95                simple_udp_register
 .text          0x0000000000018201     0x2c17 build/cooja/mtype308.a(sicslowpan.o)
                0x0000000000018808                netstack_sniffer_add
                0x0000000000018816                netstack_sniffer_remove
                0x000000000001adec                sicslowpan_init
                0x000000000001ae0e                sicslowpan_get_last_rssi
 .text          0x000000000001ae18      0x4c9 build/cooja/mtype308.a(rpl.o)
                0x000000000001ae18                rpl_lollipop_greater_than
                0x000000000001ae72                rpl_get_global_address
                0x000000000001af6a                rpl_link_callback
                0x000000000001afae                rpl_has_joined
                0x000000000001afd3                rpl_is_reachable
                0x000000000001b054                rpl_reset_prefix
                0x000000000001b0be                rpl_set_prefix_from_addr
                0x000000000001b1a3                rpl_set_prefix
                0x000000000001b2bd                rpl_set_leaf_only
                0x000000000001b2d5                rpl_get_leaf_only
 .text          0x000000000001b2e1      0x264 build/cooja/mtype308.a(rpl-dag-root.o)
                0x000000000001b2e1                rpl_dag_root_print_links
                0x000000000001b40d                rpl_dag_root_set_prefix
                0x000000000001b439                rpl_dag_root_start
                0x000000000001b516                rpl_dag_root_is_root
 .text          0x000000000001b545       0x30 build/cooja/mtype308.a(watchdog.o)
                0x000000000001b545                watchdog_init
                0x000000000001b54b                watchdog_start
                0x000000000001b551                watchdog_periodic
                0x000000000001b569                watchdog_stop
                0x000000000001b56f                watchdog_reboot
 .text          0x000000000001b575       0x4a build/cooja/mtype308.a(int-master.o)
                0x000000000001b575                int_master_enable
                0x000000000001b585                int_master_read_and_disable
                0x000000000001b5a2                int_master_status_set
                0x000000000001b5b0                int_master_is_enabled
 .text          0x000000000001b5bf       0xc7 build/cooja/mtype308.a(stimer.o)
                0x000000000001b5bf                stimer_set
                0x000000000001b5dd                stimer_reset
                0x000000000001b60a                stimer_restart
                0x000000000001b61f                stimer_expired
                0x000000000001b64a                stimer_remaining
                0x000000000001b66e                stimer_elapsed
 .text          0x000000000001b686      0x1b5 build/cooja/mtype308.a(memb.o)
                0x000000000001b686                memb_init
                0x000000000001b6db                memb_alloc
                0x000000000001b73e                memb_free
                0x000000000001b7b5                memb_inmemb
                0x000000000001b7f4                memb_numfree
 .text          0x000000000001b83b       0x1f build/cooja/mtype308.a(assert.o)
                0x000000000001b83b                _xassert
 .text          0x000000000001b85a      0x156 build/cooja/mtype308.a(ringbuf.o)
                0x000000000001b85a                ringbuf_init
                0x000000000001b88c                ringbuf_put
                0x000000000001b90a                ringbuf_get
                0x000000000001b977                ringbuf_size
                0x000000000001b989                ringbuf_elements
 .text          0x000000000001b9b0      0x79b build/cooja/mtype308.a(nbr-table.o)
                0x000000000001be29                nbr_table_register
                0x000000000001be96                nbr_table_is_registered
                0x000000000001bed1                nbr_table_head
                0x000000000001bf2c                nbr_table_next
                0x000000000001bf8d                nbr_table_add_lladdr
                0x000000000001c067                nbr_table_get_from_lladdr
                0x000000000001c0b3                nbr_table_remove
                0x000000000001c0eb                nbr_table_lock
                0x000000000001c105                nbr_table_unlock
                0x000000000001c11f                nbr_table_get_lladdr
 .text          0x000000000001c14b      0x3a5 build/cooja/mtype308.a(link-stats.o)
                0x000000000001c14b                link_stats_from_lladdr
                0x000000000001c167                link_stats_get_lladdr
                0x000000000001c183                link_stats_is_fresh
                0x000000000001c1bf                guess_etx_from_rssi
                0x000000000001c23b                link_stats_packet_sent
                0x000000000001c35b                link_stats_input_callback
                0x000000000001c46b                link_stats_reset
                0x000000000001c4bb                link_stats_init
 .text          0x000000000001c4f0      0x187 build/cooja/mtype308.a(mac-sequence.o)
                0x000000000001c4f0                mac_sequence_is_duplicate
                0x000000000001c590                mac_sequence_register_seqno
 .text          0x000000000001c677       0x23 build/cooja/mtype308.a(mac.o)
                0x000000000001c677                mac_call_sent_callback
 .text          0x000000000001c69a      0x432 build/cooja/mtype308.a(framer-802154.o)
                0x000000000001c829                framer_802154_setup_params
 .text          0x000000000001cacc      0xb6f build/cooja/mtype308.a(frame802154.o)
                0x000000000001cafd                frame802154_get_pan_id
                0x000000000001cb09                frame802154_set_pan_id
                0x000000000001cb23                frame802154_has_panid
                0x000000000001ccd2                frame802154_check_dest_panid
                0x000000000001cd5a                frame802154_is_broadcast_addr
                0x000000000001cda7                frame802154_extract_linkaddr
                0x000000000001d00c                frame802154_hdrlen
                0x000000000001d07f                frame802154_create_fcf
                0x000000000001d137                frame802154_create
                0x000000000001d2ac                frame802154_parse_fcf
                0x000000000001d38e                frame802154_parse
 .text          0x000000000001d63b       0x2d build/cooja/mtype308.a(csma-security.o)
                0x000000000001d63b                csma_security_create_frame
                0x000000000001d659                csma_security_parse_frame
 .text          0x000000000001d668      0x4e4 build/cooja/mtype308.a(uipbuf.o)
                0x000000000001d668                uipbuf_clear
                0x000000000001d68f                uipbuf_add_ext_hdr
                0x000000000001d70f                uipbuf_set_len
                0x000000000001d73c                uipbuf_set_len_field
                0x000000000001d768                uipbuf_get_len_field
                0x000000000001d788                uipbuf_get_next_header
                0x000000000001d8ba                uipbuf_get_last_header
                0x000000000001d933                uipbuf_search_header
                0x000000000001d9e9                uipbuf_get_attr
                0x000000000001da10                uipbuf_set_attr
                0x000000000001da47                uipbuf_set_default_attr
                0x000000000001da7e                uipbuf_clear_attr
                0x000000000001daa2                uipbuf_set_attr_flag
                0x000000000001dac3                uipbuf_clr_attr_flag
                0x000000000001daea                uipbuf_is_attr_flag
                0x000000000001db0e                uipbuf_init
 .text          0x000000000001db4c      0x73f build/cooja/mtype308.a(uip-icmp6.o)
                0x000000000001dbc1                uip_icmp6_input
                0x000000000001dc18                uip_icmp6_register_input_handler
                0x000000000001dd6b                uip_icmp6_error_output
                0x000000000001e01c                uip_icmp6_send
                0x000000000001e213                uip_icmp6_echo_reply_callback_add
                0x000000000001e245                uip_icmp6_echo_reply_callback_rm
                0x000000000001e262                uip_icmp6_init
 .text          0x000000000001e28b      0x69b build/cooja/mtype308.a(uip-sr.o)
                0x000000000001e28b                uip_sr_num_nodes
                0x000000000001e319                uip_sr_get_node
                0x000000000001e370                uip_sr_is_addr_reachable
                0x000000000001e41e                uip_sr_expire_parent
                0x000000000001e467                uip_sr_update_node
                0x000000000001e597                uip_sr_init
                0x000000000001e5cb                uip_sr_node_head
                0x000000000001e5e4                uip_sr_node_next
                0x000000000001e5fa                uip_sr_periodic
                0x000000000001e700                uip_sr_free_all
                0x000000000001e770                uip_sr_link_snprint
 .text          0x000000000001e926      0x146 build/cooja/mtype308.a(uip-packetqueue)
                0x000000000001e954                uip_packetqueue_new
                0x000000000001e963                uip_packetqueue_alloc
                0x000000000001e9be                uip_packetqueue_free
                0x000000000001ea05                uip_packetqueue_buf
                0x000000000001ea22                uip_packetqueue_buflen
                0x000000000001ea43                uip_packetqueue_set_buflen
 .text          0x000000000001ea6c      0x128 build/cooja/mtype308.a(uip-udp-packet.)
                0x000000000001ea6c                uip_udp_packet_send
                0x000000000001eac7                uip_udp_packet_sendto
 .text          0x000000000001eb94     0x138c build/cooja/mtype308.a(rpl-icmp6.o)
                0x000000000001ecb9                rpl_icmp6_update_nbr_table
                0x000000000001ed42                rpl_icmp6_dis_output
                0x000000000001f388                rpl_icmp6_dio_output
                0x000000000001fb86                rpl_icmp6_dao_output
                0x000000000001fe67                rpl_icmp6_dao_ack_output
                0x000000000001fed7                rpl_icmp6_init
 .text          0x000000000001ff20      0x915 build/cooja/mtype308.a(rpl-neighbor.o)
                0x000000000001ff9c                rpl_neighbor_snprint
                0x000000000002024f                rpl_neighbor_print_list
                0x0000000000020304                rpl_neighbor_count
                0x00000000000203ab                rpl_neighbor_get_from_lladdr
                0x00000000000203c7                rpl_neighbor_is_acceptable_parent
                0x00000000000203fb                rpl_neighbor_get_link_metric
                0x000000000002042f                rpl_neighbor_rank_via_nbr
                0x0000000000020463                rpl_neighbor_get_lladdr
                0x000000000002047f                rpl_neighbor_get_ipaddr
                0x00000000000204a6                rpl_neighbor_get_link_stats
                0x00000000000204cd                rpl_neighbor_is_fresh
                0x00000000000204f4                rpl_neighbor_is_reachable
                0x000000000002053f                rpl_neighbor_is_parent
                0x0000000000020569                rpl_neighbor_set_preferred_parent
                0x0000000000020600                rpl_neighbor_remove_all
                0x000000000002065c                rpl_neighbor_get_from_ipaddr
                0x000000000002076a                rpl_neighbor_select_best
                0x0000000000020816                rpl_neighbor_init
 .text          0x0000000000020835      0xe69 build/cooja/mtype308.a(rpl-dag.o)
                0x0000000000020835                rpl_dag_state_to_str
                0x0000000000020874                rpl_dag_get_root_ipaddr
                0x00000000000208bc                rpl_dag_leave
                0x0000000000020945                rpl_dag_poison_and_leave
                0x000000000002095d                rpl_dag_periodic
                0x00000000000209e5                rpl_is_addr_in_our_dag
                0x0000000000020a29                rpl_get_default_instance
                0x0000000000020a45                rpl_get_any_dag
                0x0000000000020a9e                rpl_refresh_routes
                0x0000000000020ade                rpl_global_repair
                0x0000000000020b77                rpl_local_repair
                0x0000000000020bc1                rpl_dag_ready_to_advertise
                0x0000000000020c04                rpl_dag_update_state
                0x0000000000021331                rpl_process_dio
                0x00000000000213af                rpl_process_dis
                0x00000000000213f4                rpl_process_dao
                0x0000000000021483                rpl_process_dao_ack
                0x000000000002151a                rpl_process_hbh
                0x000000000002156a                rpl_dag_init_root
                0x000000000002167e                rpl_dag_init
 .text          0x000000000002169e      0x9e7 build/cooja/mtype308.a(rpl-timers.o)
                0x000000000002169e                rpl_timers_schedule_periodic_dis
                0x00000000000217ec                rpl_timers_dio_reset
                0x00000000000218fa                rpl_timers_schedule_unicast_dio
                0x0000000000021a4e                rpl_timers_schedule_dao
                0x0000000000021b0d                rpl_timers_schedule_dao_ack
                0x0000000000021b93                rpl_timers_notify_dao_ack
                0x0000000000021bf1                get_probing_delay
                0x0000000000021c25                get_probing_target
                0x0000000000021e0f                rpl_schedule_probing
                0x0000000000021e3d                rpl_schedule_probing_now
                0x0000000000021ea7                rpl_timers_unschedule_leaving
                0x0000000000021edf                rpl_timers_schedule_leaving
                0x0000000000021f20                rpl_timers_init
                0x0000000000021fb0                rpl_timers_stop_dag_timers
                0x0000000000022029                rpl_timers_unschedule_state_update
                0x000000000002204d                rpl_timers_schedule_state_update
 .text          0x0000000000022085      0xba1 build/cooja/mtype308.a(rpl-ext-header.)
                0x0000000000022085                rpl_ext_header_srh_get_next_hop
                0x000000000002216c                rpl_ext_header_srh_update
                0x00000000000226eb                rpl_ext_header_hbh_update
                0x00000000000229eb                rpl_ext_header_update
                0x0000000000022a74                rpl_ext_header_remove
 .text          0x0000000000022c26      0x1b0 build/cooja/mtype308.a(rpl-nbr-policy.)
                0x0000000000022d93                rpl_nbr_policy_find_removable
 .text          0x0000000000022dd6      0x31b build/cooja/mtype308.a(rpl-mrhof.o)
 .text          0x00000000000230f1        0x0 /usr/lib/gcc/i686-linux-gnu/5/crtendS.o
 .text          0x00000000000230f1        0x0 /usr/lib/gcc/i686-linux-gnu/5/../../../i386-linux-gnu/crtn.o
 *(.gnu.warning)

.fini           0x00000000000230f4       0x14
 *(SORT(.fini))
 .fini          0x00000000000230f4        0xf /usr/lib/gcc/i686-linux-gnu/5/../../../i386-linux-gnu/crti.o
                0x00000000000230f4                _fini
 .fini          0x0000000000023103        0x5 /usr/lib/gcc/i686-linux-gnu/5/../../../i386-linux-gnu/crtn.o
                [!provide]                        PROVIDE (__etext, .)
                [!provide]                        PROVIDE (_etext, .)
                [!provide]                        PROVIDE (etext, .)

.rodata         0x0000000000023120      0x74b
 *(.rodata .rodata.* .gnu.linkonce.r.*)
 .rodata        0x0000000000023120       0x4d udp-intermedio.o
                0x000000000002312c                autostart_processes
 *fill*         0x000000000002316d        0x3 
 .rodata        0x0000000000023170        0x8 build/cooja/mtype308.a(beep.o)
                0x0000000000023170                beep_interface
 .rodata        0x0000000000023178        0xe build/cooja/mtype308.a(leds-arch.o)
                0x0000000000023178                leds_interface
                0x0000000000023180                leds_arch_leds
 *fill*         0x0000000000023186        0x2 
 .rodata        0x0000000000023188        0x8 build/cooja/mtype308.a(moteid.o)
                0x0000000000023188                moteid_interface
 .rodata        0x0000000000023190       0x1c build/cooja/mtype308.a(pir-sensor.o)
                0x0000000000023190                pir_interface
                0x000000000002319c                pir_sensor
 .rodata        0x00000000000231ac        0xe build/cooja/mtype308.a(rs232.o)
                0x00000000000231ac                rs232_interface
 *fill*         0x00000000000231ba        0x2 
 .rodata        0x00000000000231bc       0x24 build/cooja/mtype308.a(vib-sensor.o)
                0x00000000000231bc                vib_interface
                0x00000000000231d0                vib_sensor
 .rodata        0x00000000000231e0        0x8 build/cooja/mtype308.a(clock.o)
                0x00000000000231e0                clock_interface
 .rodata        0x00000000000231e8        0x8 build/cooja/mtype308.a(cooja-log.o)
                0x00000000000231e8                simlog_interface
 .rodata        0x00000000000231f0       0x2f build/cooja/mtype308.a(cfs-cooja.o)
                0x00000000000231f0                cfs_interface
 *fill*         0x000000000002321f        0x1 
 .rodata        0x0000000000023220       0xb8 build/cooja/mtype308.a(cooja-radio.o)
                0x0000000000023220                radio_interface
                0x00000000000232a0                cooja_radio_driver
 .rodata        0x00000000000232d8        0x8 build/cooja/mtype308.a(eeprom.o)
                0x00000000000232d8                eeprom_interface
 .rodata        0x00000000000232e0        0x8 build/cooja/mtype308.a(sensors.o)
 .rodata        0x00000000000232e8       0x2c build/cooja/mtype308.a(buttons.o)
                0x00000000000232e8                button_interface
                0x00000000000232fc                button_hal_button_count
                0x0000000000023304                button_sensor
 .rodata        0x0000000000023314       0xf4 build/cooja/mtype308.a(contiki-main.o)
 .rodata        0x0000000000023408       0xc4 build/cooja/mtype308.a(log.o)
 .rodata        0x00000000000234cc        0xc build/cooja/mtype308.a(etimer.o)
 .rodata        0x00000000000234d8        0xf build/cooja/mtype308.a(ctimer.o)
 .rodata        0x00000000000234e7       0x13 build/cooja/mtype308.a(button-hal.o)
 .rodata        0x00000000000234fa        0xe build/cooja/mtype308.a(serial-line.o)
 .rodata        0x0000000000023508        0x8 build/cooja/mtype308.a(linkaddr.o)
                0x0000000000023508                linkaddr_null
 .rodata        0x0000000000023510       0x24 build/cooja/mtype308.a(csma.o)
                0x0000000000023518                csma_driver
 .rodata        0x0000000000023534       0x24 build/cooja/mtype308.a(csma-output.o)
 .rodata        0x0000000000023558       0x2d build/cooja/mtype308.a(uiplib.o)
 *fill*         0x0000000000023585        0x3 
 .rodata        0x0000000000023588       0x4d build/cooja/mtype308.a(uip-ds6-route.o)
 .rodata        0x00000000000235d5        0xd build/cooja/mtype308.a(tcpip.o)
 .rodata        0x00000000000235e2       0x13 build/cooja/mtype308.a(simple-udp.o)
 *fill*         0x00000000000235f5        0x3 
 .rodata        0x00000000000235f8       0x30 build/cooja/mtype308.a(sicslowpan.o)
                0x00000000000235f8                unc_llconf
                0x00000000000235fc                unc_ctxconf
                0x0000000000023600                unc_mxconf
                0x0000000000023604                llprefix
                0x0000000000023618                sicslowpan_driver
 *fill*         0x0000000000023628       0x18 
 .rodata        0x0000000000023640       0x74 build/cooja/mtype308.a(rpl.o)
                0x0000000000023660                rpl_lite_driver
 .rodata        0x00000000000236b4       0x25 build/cooja/mtype308.a(assert.o)
 *fill*         0x00000000000236d9        0x3 
 .rodata        0x00000000000236dc        0xc build/cooja/mtype308.a(framer-802154.o)
                0x00000000000236dc                framer_802154
 .rodata        0x00000000000236e8       0x44 build/cooja/mtype308.a(uip-sr.o)
 .rodata        0x000000000002372c       0x58 build/cooja/mtype308.a(rpl-neighbor.o)
 .rodata        0x0000000000023784       0xdb build/cooja/mtype308.a(rpl-dag.o)
 .rodata        0x000000000002385f        0xc build/cooja/mtype308.a(rpl-timers.o)

.rodata1
 *(.rodata1)

.eh_frame_hdr   0x000000000002386c     0x1604
 *(.eh_frame_hdr)
 .eh_frame_hdr  0x000000000002386c     0x1604 udp-intermedio.o
                0x000000000002386c                __GNU_EH_FRAME_HDR
 *(.eh_frame_entry .eh_frame_entry.*)

.eh_frame       0x0000000000024e70     0x58f4
 *(.eh_frame)
 .eh_frame      0x0000000000024e70       0x3c /usr/lib/gcc/i686-linux-gnu/5/../../../i386-linux-gnu/crti.o
                                         0x40 (size before relaxing)
 .eh_frame      0x0000000000024eac       0x40 udp-intermedio.o
                                         0x58 (size before relaxing)
 .eh_frame      0x0000000000024eec      0x178 build/cooja/mtype308.o
                                        0x190 (size before relaxing)
 .eh_frame      0x0000000000025064       0x40 build/cooja/mtype308.a(simEnvChange.o)
                                         0x58 (size before relaxing)
 .eh_frame      0x00000000000250a4       0x60 build/cooja/mtype308.a(cooja_mt.o)
                                         0x78 (size before relaxing)
 .eh_frame      0x0000000000025104       0x80 build/cooja/mtype308.a(cooja_mtarch.o)
                                         0x98 (size before relaxing)
 .eh_frame      0x0000000000025184       0xc8 build/cooja/mtype308.a(rtimer-arch.o)
                                         0xe0 (size before relaxing)
 .eh_frame      0x000000000002524c      0x160 build/cooja/mtype308.a(beep.o)
                                        0x178 (size before relaxing)
 .eh_frame      0x00000000000253ac       0x80 build/cooja/mtype308.a(leds-arch.o)
                                         0x98 (size before relaxing)
 .eh_frame      0x000000000002542c       0x40 build/cooja/mtype308.a(moteid.o)
                                         0x58 (size before relaxing)
 .eh_frame      0x000000000002546c       0xa0 build/cooja/mtype308.a(pir-sensor.o)
                                         0xb8 (size before relaxing)
 .eh_frame      0x000000000002550c      0x100 build/cooja/mtype308.a(rs232.o)
                                        0x118 (size before relaxing)
 .eh_frame      0x000000000002560c       0xa0 build/cooja/mtype308.a(vib-sensor.o)
                                         0xb8 (size before relaxing)
 .eh_frame      0x00000000000256ac       0xc0 build/cooja/mtype308.a(clock.o)
                                         0xd8 (size before relaxing)
 .eh_frame      0x000000000002576c      0x120 build/cooja/mtype308.a(cooja-log.o)
                                        0x138 (size before relaxing)
 .eh_frame      0x000000000002588c      0x160 build/cooja/mtype308.a(cfs-cooja.o)
                                        0x178 (size before relaxing)
 .eh_frame      0x00000000000259ec      0x340 build/cooja/mtype308.a(cooja-radio.o)
                                        0x358 (size before relaxing)
 .eh_frame      0x0000000000025d2c       0xa0 build/cooja/mtype308.a(eeprom.o)
                                         0xb8 (size before relaxing)
 .eh_frame      0x0000000000025dcc       0x40 build/cooja/mtype308.a(random.o)
                                         0x58 (size before relaxing)
 .eh_frame      0x0000000000025e0c       0xc0 build/cooja/mtype308.a(sensors.o)
                                         0xd8 (size before relaxing)
 .eh_frame      0x0000000000025ecc      0x120 build/cooja/mtype308.a(leds.o)
                                        0x138 (size before relaxing)
 .eh_frame      0x0000000000025fec      0x220 build/cooja/mtype308.a(gpio-hal-arch.o)
                                        0x238 (size before relaxing)
 .eh_frame      0x000000000002620c       0xa0 build/cooja/mtype308.a(buttons.o)
                                         0xb8 (size before relaxing)
 .eh_frame      0x00000000000262ac       0x30 build/cooja/mtype308.a(contiki-main.o)
                                         0x48 (size before relaxing)
 .eh_frame      0x00000000000262dc      0x120 build/cooja/mtype308.a(log.o)
                                        0x138 (size before relaxing)
 .eh_frame      0x00000000000263fc       0x40 build/cooja/mtype308.a(autostart.o)
                                         0x58 (size before relaxing)
 .eh_frame      0x000000000002643c       0x60 build/cooja/mtype308.a(energest.o)
                                         0x78 (size before relaxing)
 .eh_frame      0x000000000002649c      0x1e0 build/cooja/mtype308.a(etimer.o)
                                        0x1f8 (size before relaxing)
 .eh_frame      0x000000000002667c       0x20 build/cooja/mtype308.a(node-id.o)
                                         0x38 (size before relaxing)
 .eh_frame      0x000000000002669c      0x100 build/cooja/mtype308.a(ctimer.o)
                                        0x118 (size before relaxing)
 .eh_frame      0x000000000002679c       0x60 build/cooja/mtype308.a(rtimer.o)
                                         0x78 (size before relaxing)
 .eh_frame      0x00000000000267fc      0x1c4 build/cooja/mtype308.a(process.o)
                                        0x1dc (size before relaxing)
 .eh_frame      0x00000000000269c0       0xa4 build/cooja/mtype308.a(timer.o)
                                         0xbc (size before relaxing)
 .eh_frame      0x0000000000026a64      0x1a0 build/cooja/mtype308.a(list.o)
                                        0x1b8 (size before relaxing)
 .eh_frame      0x0000000000026c04      0x144 build/cooja/mtype308.a(button-hal.o)
                                        0x15c (size before relaxing)
 .eh_frame      0x0000000000026d48       0x60 build/cooja/mtype308.a(serial-line.o)
                                         0x78 (size before relaxing)
 .eh_frame      0x0000000000026da8       0xe0 build/cooja/mtype308.a(gpio-hal.o)
                                         0xf8 (size before relaxing)
 .eh_frame      0x0000000000026e88      0x1a0 build/cooja/mtype308.a(queuebuf.o)
                                        0x1b8 (size before relaxing)
 .eh_frame      0x0000000000027028      0x28c build/cooja/mtype308.a(packetbuf.o)
                                        0x2a4 (size before relaxing)
 .eh_frame      0x00000000000272b4       0x80 build/cooja/mtype308.a(netstack.o)
                                         0x98 (size before relaxing)
 .eh_frame      0x0000000000027334       0x60 build/cooja/mtype308.a(linkaddr.o)
                                         0x78 (size before relaxing)
 .eh_frame      0x0000000000027394       0xe0 build/cooja/mtype308.a(csma.o)
                                         0xf8 (size before relaxing)
 .eh_frame      0x0000000000027474      0x1d0 build/cooja/mtype308.a(csma-output.o)
                                        0x1e8 (size before relaxing)
 .eh_frame      0x0000000000027644      0x328 build/cooja/mtype308.a(uip-ds6.o)
                                        0x340 (size before relaxing)
 .eh_frame      0x000000000002796c       0x88 build/cooja/mtype308.a(uiplib.o)
                                         0xa0 (size before relaxing)
 .eh_frame      0x00000000000279f4      0x220 build/cooja/mtype308.a(uip-ds6-route.o)
                                        0x238 (size before relaxing)
 .eh_frame      0x0000000000027c14      0x244 build/cooja/mtype308.a(tcpip.o)
                                        0x25c (size before relaxing)
 .eh_frame      0x0000000000027e58      0x1e8 build/cooja/mtype308.a(uip6.o)
                                        0x200 (size before relaxing)
 .eh_frame      0x0000000000028040      0x1c0 build/cooja/mtype308.a(uip-ds6-nbr.o)
                                        0x1d8 (size before relaxing)
 .eh_frame      0x0000000000028200       0x84 build/cooja/mtype308.a(uip-nd6.o)
                                         0x9c (size before relaxing)
 .eh_frame      0x0000000000028284       0xd4 build/cooja/mtype308.a(simple-udp.o)
                                         0xec (size before relaxing)
 .eh_frame      0x0000000000028358      0x2f8 build/cooja/mtype308.a(sicslowpan.o)
                                        0x310 (size before relaxing)
 .eh_frame      0x0000000000028650      0x1e0 build/cooja/mtype308.a(rpl.o)
                                        0x1f8 (size before relaxing)
 .eh_frame      0x0000000000028830       0xa0 build/cooja/mtype308.a(rpl-dag-root.o)
                                         0xb8 (size before relaxing)
 .eh_frame      0x00000000000288d0       0xa0 build/cooja/mtype308.a(watchdog.o)
                                         0xb8 (size before relaxing)
 .eh_frame      0x0000000000028970       0x80 build/cooja/mtype308.a(int-master.o)
                                         0x98 (size before relaxing)
 .eh_frame      0x00000000000289f0       0xc4 build/cooja/mtype308.a(stimer.o)
                                         0xdc (size before relaxing)
 .eh_frame      0x0000000000028ab4       0xa0 build/cooja/mtype308.a(memb.o)
                                         0xb8 (size before relaxing)
 .eh_frame      0x0000000000028b54       0x20 build/cooja/mtype308.a(assert.o)
                                         0x38 (size before relaxing)
 .eh_frame      0x0000000000028b74       0xa0 build/cooja/mtype308.a(ringbuf.o)
                                         0xb8 (size before relaxing)
 .eh_frame      0x0000000000028c14      0x2ac build/cooja/mtype308.a(nbr-table.o)
                                        0x2c4 (size before relaxing)
 .eh_frame      0x0000000000028ec0      0x120 build/cooja/mtype308.a(link-stats.o)
                                        0x138 (size before relaxing)
 .eh_frame      0x0000000000028fe0       0x48 build/cooja/mtype308.a(mac-sequence.o)
                                         0x60 (size before relaxing)
 .eh_frame      0x0000000000029028       0x20 build/cooja/mtype308.a(mac.o)
                                         0x38 (size before relaxing)
 .eh_frame      0x0000000000029048       0xa4 build/cooja/mtype308.a(framer-802154.o)
                                         0xbc (size before relaxing)
 .eh_frame      0x00000000000290ec      0x1a4 build/cooja/mtype308.a(frame802154.o)
                                        0x1bc (size before relaxing)
 .eh_frame      0x0000000000029290       0x40 build/cooja/mtype308.a(csma-security.o)
                                         0x58 (size before relaxing)
 .eh_frame      0x00000000000292d0      0x200 build/cooja/mtype308.a(uipbuf.o)
                                        0x218 (size before relaxing)
 .eh_frame      0x00000000000294d0      0x150 build/cooja/mtype308.a(uip-icmp6.o)
                                        0x168 (size before relaxing)
 .eh_frame      0x0000000000029620      0x184 build/cooja/mtype308.a(uip-sr.o)
                                        0x19c (size before relaxing)
 .eh_frame      0x00000000000297a4       0xe0 build/cooja/mtype308.a(uip-packetqueue)
                                         0xf8 (size before relaxing)
 .eh_frame      0x0000000000029884       0x40 build/cooja/mtype308.a(uip-udp-packet.)
                                         0x58 (size before relaxing)
 .eh_frame      0x00000000000298c4      0x1c4 build/cooja/mtype308.a(rpl-icmp6.o)
                                        0x1dc (size before relaxing)
 .eh_frame      0x0000000000029a88      0x2d4 build/cooja/mtype308.a(rpl-neighbor.o)
                                        0x2ec (size before relaxing)
 .eh_frame      0x0000000000029d5c      0x370 build/cooja/mtype308.a(rpl-dag.o)
                                        0x388 (size before relaxing)
 .eh_frame      0x000000000002a0cc      0x3a8 build/cooja/mtype308.a(rpl-timers.o)
                                        0x3c0 (size before relaxing)
 .eh_frame      0x000000000002a474      0x124 build/cooja/mtype308.a(rpl-ext-header.)
                                        0x13c (size before relaxing)
 .eh_frame      0x000000000002a598       0x80 build/cooja/mtype308.a(rpl-nbr-policy.)
                                         0x98 (size before relaxing)
 .eh_frame      0x000000000002a618      0x148 build/cooja/mtype308.a(rpl-mrhof.o)
                                        0x160 (size before relaxing)
 .eh_frame      0x000000000002a760        0x4 /usr/lib/gcc/i686-linux-gnu/5/crtendS.o
 *(.eh_frame.*)

.gcc_except_table
 *(.gcc_except_table .gcc_except_table.*)

.gnu_extab
 *(.gnu_extab*)

.exception_ranges
 *(.exception_ranges .exception_ranges*)
                0x000000000002bf10                . = DATA_SEGMENT_ALIGN (0x1000, 0x1000)

.eh_frame
 *(.eh_frame)
 *(.eh_frame.*)

.gnu_extab
 *(.gnu_extab)

.gcc_except_table
 *(.gcc_except_table .gcc_except_table.*)

.exception_ranges
 *(.exception_ranges .exception_ranges*)

.tdata
 *(.tdata .tdata.* .gnu.linkonce.td.*)

.tbss
 *(.tbss .tbss.* .gnu.linkonce.tb.*)
 *(.tcommon)

.preinit_array
 *(.preinit_array)

.init_array     0x000000000002bf10        0x4
 *(SORT(.init_array.*) SORT(.ctors.*))
 *(.init_array EXCLUDE_FILE(*crtend?.o *crtend.o *crtbegin?.o *crtbegin.o) .ctors)
 .init_array    0x000000000002bf10        0x4 /usr/lib/gcc/i686-linux-gnu/5/crtbeginS.o

.fini_array     0x000000000002bf14        0x4
 *(SORT(.fini_array.*) SORT(.dtors.*))
 *(.fini_array EXCLUDE_FILE(*crtend?.o *crtend.o *crtbegin?.o *crtbegin.o) .dtors)
 .fini_array    0x000000000002bf14        0x4 /usr/lib/gcc/i686-linux-gnu/5/crtbeginS.o

.ctors
 *crtbegin.o(.ctors)
 *crtbegin?.o(.ctors)
 *(EXCLUDE_FILE(*crtend?.o *crtend.o) .ctors)
 *(SORT(.ctors.*))
 *(.ctors)

.dtors
 *crtbegin.o(.dtors)
 *crtbegin?.o(.dtors)
 *(EXCLUDE_FILE(*crtend?.o *crtend.o) .dtors)
 *(SORT(.dtors.*))
 *(.dtors)

.jcr            0x000000000002bf18        0x4
 *(.jcr)
 .jcr           0x000000000002bf18        0x0 /usr/lib/gcc/i686-linux-gnu/5/crtbeginS.o
 .jcr           0x000000000002bf18        0x4 /usr/lib/gcc/i686-linux-gnu/5/crtendS.o

.data.rel.ro
 *(.data.rel.ro.local* .gnu.linkonce.d.rel.ro.local.*)
 *(.data.rel.ro .data.rel.ro.* .gnu.linkonce.d.rel.ro.*)

.dynamic        0x000000000002bf1c       0xd0
 *(.dynamic)
 .dynamic       0x000000000002bf1c       0xd0 /usr/lib/gcc/i686-linux-gnu/5/../../../i386-linux-gnu/crti.o
                0x000000000002bf1c                _DYNAMIC

.got            0x000000000002bfec       0x14
 *(.got)
 .got           0x000000000002bfec       0x14 /usr/lib/gcc/i686-linux-gnu/5/../../../i386-linux-gnu/crti.o
 *(.igot)
                0x000000000002cff4                . = DATA_SEGMENT_RELRO_END (., (SIZEOF (.got.plt) >= 0xc)?0xc:0x0)

.got.plt        0x000000000002c000        0xc
 *(.got.plt)
 .got.plt       0x000000000002c000        0xc /usr/lib/gcc/i686-linux-gnu/5/../../../i386-linux-gnu/crti.o
                0x000000000002c000                _GLOBAL_OFFSET_TABLE_
 *(.igot.plt)

.data           0x000000000002c020      0x3a4
 *(.data .data.* .gnu.linkonce.d.*)
 .data          0x000000000002c020        0x0 /usr/lib/gcc/i686-linux-gnu/5/../../../i386-linux-gnu/crti.o
 .data          0x000000000002c020        0x0 /usr/lib/gcc/i686-linux-gnu/5/crtbeginS.o
 .data.rel.local
                0x000000000002c020        0x4 /usr/lib/gcc/i686-linux-gnu/5/crtbeginS.o
                0x000000000002c020                __dso_handle
 .data          0x000000000002c024       0x10 udp-intermedio.o
                0x000000000002c024                udp_client_process
 *fill*         0x000000000002c034        0xc 
 .data          0x000000000002c040       0x44 build/cooja/mtype308.o
                0x000000000002c040                simInterfaces
                0x000000000002c074                sensors
 .data          0x000000000002c084        0x0 build/cooja/mtype308.a(simEnvChange.o)
 .data          0x000000000002c084        0x0 build/cooja/mtype308.a(cooja_mt.o)
 .data          0x000000000002c084        0x0 build/cooja/mtype308.a(cooja_mtarch.o)
 .data          0x000000000002c084        0x0 build/cooja/mtype308.a(rtimer-arch.o)
 .data          0x000000000002c084        0x0 build/cooja/mtype308.a(beep.o)
 .data          0x000000000002c084        0x0 build/cooja/mtype308.a(leds-arch.o)
 .data          0x000000000002c084        0x0 build/cooja/mtype308.a(moteid.o)
 .data          0x000000000002c084        0x0 build/cooja/mtype308.a(pir-sensor.o)
 .data          0x000000000002c084        0x0 build/cooja/mtype308.a(rs232.o)
 .data          0x000000000002c084        0x0 build/cooja/mtype308.a(vib-sensor.o)
 .data          0x000000000002c084        0x0 build/cooja/mtype308.a(clock.o)
 .data          0x000000000002c084        0x0 build/cooja/mtype308.a(cooja-log.o)
 .data          0x000000000002c084        0x0 build/cooja/mtype308.a(cfs-cooja.o)
 .data          0x000000000002c084       0x2c build/cooja/mtype308.a(cooja-radio.o)
                0x000000000002c084                simRadioHWOn
                0x000000000002c088                simSignalStrength
                0x000000000002c08c                simLastSignalStrength
                0x000000000002c090                simPower
                0x000000000002c094                simRadioChannel
                0x000000000002c098                simLQI
                0x000000000002c0a0                cooja_radio_process
 .data          0x000000000002c0b0        0x0 build/cooja/mtype308.a(eeprom.o)
 .data          0x000000000002c0b0        0x0 build/cooja/mtype308.a(random.o)
 .data          0x000000000002c0b0       0x10 build/cooja/mtype308.a(sensors.o)
                0x000000000002c0b0                sensors_process
 .data          0x000000000002c0c0        0x0 build/cooja/mtype308.a(leds.o)
 .data          0x000000000002c0c0        0x0 build/cooja/mtype308.a(gpio-hal-arch.o)
 .data          0x000000000002c0c0       0x78 build/cooja/mtype308.a(buttons.o)
                0x000000000002c0c0                simButtonIsActive
                0x000000000002c130                button_hal_buttons
 .data          0x000000000002c138        0x0 build/cooja/mtype308.a(contiki-main.o)
 *fill*         0x000000000002c138        0x8 
 .data          0x000000000002c140       0xbc build/cooja/mtype308.a(log.o)
                0x000000000002c140                curr_log_level_main
                0x000000000002c160                all_modules
 .data          0x000000000002c1fc        0x0 build/cooja/mtype308.a(autostart.o)
 .data          0x000000000002c1fc        0x0 build/cooja/mtype308.a(energest.o)
 .data          0x000000000002c1fc       0x10 build/cooja/mtype308.a(etimer.o)
                0x000000000002c1fc                etimer_process
 .data          0x000000000002c20c        0x0 build/cooja/mtype308.a(node-id.o)
 .data          0x000000000002c20c       0x14 build/cooja/mtype308.a(ctimer.o)
                0x000000000002c210                ctimer_process
 .data          0x000000000002c220        0x0 build/cooja/mtype308.a(rtimer.o)
 .data          0x000000000002c220        0x0 build/cooja/mtype308.a(process.o)
 .data          0x000000000002c220        0x0 build/cooja/mtype308.a(timer.o)
 .data          0x000000000002c220        0x0 build/cooja/mtype308.a(list.o)
 .data          0x000000000002c220       0x10 build/cooja/mtype308.a(button-hal.o)
                0x000000000002c220                button_hal_process
 .data          0x000000000002c230       0x10 build/cooja/mtype308.a(serial-line.o)
                0x000000000002c230                serial_line_process
 .data          0x000000000002c240        0x4 build/cooja/mtype308.a(gpio-hal.o)
 .data          0x000000000002c244       0x18 build/cooja/mtype308.a(queuebuf.o)
 .data          0x000000000002c25c        0x4 build/cooja/mtype308.a(packetbuf.o)
 .data          0x000000000002c260        0x4 build/cooja/mtype308.a(netstack.o)
 .data          0x000000000002c264        0x0 build/cooja/mtype308.a(linkaddr.o)
 .data          0x000000000002c264        0x0 build/cooja/mtype308.a(csma.o)
 .data          0x000000000002c264       0x28 build/cooja/mtype308.a(csma-output.o)
 .data          0x000000000002c28c        0x0 build/cooja/mtype308.a(uip-ds6.o)
 .data          0x000000000002c28c        0x0 build/cooja/mtype308.a(uiplib.o)
 .data          0x000000000002c28c       0x10 build/cooja/mtype308.a(uip-ds6-route.o)
 .data          0x000000000002c29c       0x10 build/cooja/mtype308.a(tcpip.o)
                0x000000000002c29c                tcpip_process
 .data          0x000000000002c2ac        0x0 build/cooja/mtype308.a(uip6.o)
 .data          0x000000000002c2ac       0x14 build/cooja/mtype308.a(uip-ds6-nbr.o)
 .data          0x000000000002c2c0        0xc build/cooja/mtype308.a(uip-nd6.o)
 .data          0x000000000002c2cc       0x10 build/cooja/mtype308.a(simple-udp.o)
                0x000000000002c2cc                simple_udp_process
 .data          0x000000000002c2dc        0x0 build/cooja/mtype308.a(sicslowpan.o)
 .data          0x000000000002c2dc        0x0 build/cooja/mtype308.a(rpl.o)
 .data          0x000000000002c2dc        0x0 build/cooja/mtype308.a(rpl-dag-root.o)
 .data          0x000000000002c2dc        0x0 build/cooja/mtype308.a(watchdog.o)
 .data          0x000000000002c2dc        0x0 build/cooja/mtype308.a(int-master.o)
 .data          0x000000000002c2dc        0x0 build/cooja/mtype308.a(stimer.o)
 .data          0x000000000002c2dc        0x0 build/cooja/mtype308.a(memb.o)
 .data          0x000000000002c2dc        0x0 build/cooja/mtype308.a(assert.o)
 .data          0x000000000002c2dc        0x0 build/cooja/mtype308.a(ringbuf.o)
 .data          0x000000000002c2dc       0x10 build/cooja/mtype308.a(nbr-table.o)
 .data          0x000000000002c2ec       0x14 build/cooja/mtype308.a(link-stats.o)
 .data          0x000000000002c300        0x0 build/cooja/mtype308.a(mac-sequence.o)
 .data          0x000000000002c300        0x0 build/cooja/mtype308.a(mac.o)
 .data          0x000000000002c300        0x0 build/cooja/mtype308.a(framer-802154.o)
 .data          0x000000000002c300        0x2 build/cooja/mtype308.a(frame802154.o)
 .data          0x000000000002c302        0x0 build/cooja/mtype308.a(csma-security.o)
 .data          0x000000000002c302        0x0 build/cooja/mtype308.a(uipbuf.o)
 *fill*         0x000000000002c302        0x2 
 .data          0x000000000002c304       0x20 build/cooja/mtype308.a(uip-icmp6.o)
 .data          0x000000000002c324       0x10 build/cooja/mtype308.a(uip-sr.o)
 .data          0x000000000002c334        0xc build/cooja/mtype308.a(uip-packetqueue)
 .data          0x000000000002c340        0x0 build/cooja/mtype308.a(uip-udp-packet.)
 .data          0x000000000002c340       0x30 build/cooja/mtype308.a(rpl-icmp6.o)
 .data          0x000000000002c370       0x14 build/cooja/mtype308.a(rpl-neighbor.o)
                0x000000000002c380                rpl_neighbors
 .data          0x000000000002c384        0x0 build/cooja/mtype308.a(rpl-dag.o)
 .data          0x000000000002c384        0x0 build/cooja/mtype308.a(rpl-timers.o)
 .data          0x000000000002c384        0x0 build/cooja/mtype308.a(rpl-ext-header.)
 .data          0x000000000002c384        0x0 build/cooja/mtype308.a(rpl-nbr-policy.)
 *fill*         0x000000000002c384       0x1c 
 .data          0x000000000002c3a0       0x24 build/cooja/mtype308.a(rpl-mrhof.o)
                0x000000000002c3a0                rpl_mrhof
 .data          0x000000000002c3c4        0x0 /usr/lib/gcc/i686-linux-gnu/5/crtendS.o
 .data          0x000000000002c3c4        0x0 /usr/lib/gcc/i686-linux-gnu/5/../../../i386-linux-gnu/crtn.o

.tm_clone_table
                0x000000000002c3c4        0x0
 .tm_clone_table
                0x000000000002c3c4        0x0 /usr/lib/gcc/i686-linux-gnu/5/crtbeginS.o
 .tm_clone_table
                0x000000000002c3c4        0x0 /usr/lib/gcc/i686-linux-gnu/5/crtendS.o

.data1
 *(.data1)
                0x000000000002c3c4                _edata = .
                [!provide]                        PROVIDE (edata, .)
                0x000000000002c3c4                . = .
                0x000000000002c3c4                __bss_start = .

.bss            0x000000000002c3e0    0x13d84
 *(.dynbss)
 .dynbss        0x000000000002c3e0        0x0 /usr/lib/gcc/i686-linux-gnu/5/../../../i386-linux-gnu/crti.o
 *(.bss .bss.* .gnu.linkonce.b.*)
 .bss           0x000000000002c3e0        0x0 /usr/lib/gcc/i686-linux-gnu/5/../../../i386-linux-gnu/crti.o
 .bss           0x000000000002c3e0        0x1 /usr/lib/gcc/i686-linux-gnu/5/crtbeginS.o
 *fill*         0x000000000002c3e1       0x1f 
 .bss           0x000000000002c400       0x24 udp-intermedio.o
 *fill*         0x000000000002c424       0x1c 
 .bss           0x000000000002c440     0x2030 build/cooja/mtype308.o
 .bss           0x000000000002e470        0x1 build/cooja/mtype308.a(simEnvChange.o)
                0x000000000002e470                simDontFallAsleep
 *fill*         0x000000000002e471        0x3 
 .bss           0x000000000002e474        0x4 build/cooja/mtype308.a(cooja_mt.o)
 .bss           0x000000000002e478        0x4 build/cooja/mtype308.a(cooja_mtarch.o)
 .bss           0x000000000002e47c        0x0 build/cooja/mtype308.a(rtimer-arch.o)
 .bss           0x000000000002e47c        0x0 build/cooja/mtype308.a(beep.o)
 .bss           0x000000000002e47c        0x1 build/cooja/mtype308.a(leds-arch.o)
                0x000000000002e47c                simLedsValue
 .bss           0x000000000002e47d        0x0 build/cooja/mtype308.a(moteid.o)
 .bss           0x000000000002e47d        0x1 build/cooja/mtype308.a(pir-sensor.o)
                0x000000000002e47d                simPirValue
 *fill*         0x000000000002e47e        0x2 
 .bss           0x000000000002e480        0x4 build/cooja/mtype308.a(rs232.o)
 .bss           0x000000000002e484        0x1 build/cooja/mtype308.a(vib-sensor.o)
                0x000000000002e484                simVibValue
 .bss           0x000000000002e485        0x0 build/cooja/mtype308.a(clock.o)
 *fill*         0x000000000002e485       0x1b 
 .bss           0x000000000002e4a0     0x2020 build/cooja/mtype308.a(cooja-log.o)
 .bss           0x00000000000304c0      0xfc0 build/cooja/mtype308.a(cfs-cooja.o)
                0x00000000000304c0                simCFSData
                0x0000000000031460                simCFSSize
                0x0000000000031464                simCFSChanged
                0x0000000000031468                simCFSRead
                0x000000000003146c                simCFSWritten
 .bss           0x0000000000031480       0x24 build/cooja/mtype308.a(cooja-radio.o)
                0x0000000000031480                simReceiving
                0x0000000000031484                simInSize
                0x0000000000031488                simLastPacketTimestamp
                0x0000000000031490                simOutSize
 .bss           0x00000000000314a4        0xc build/cooja/mtype308.a(eeprom.o)
                0x00000000000314a4                simEEPROMChanged
                0x00000000000314a8                simEEPROMRead
                0x00000000000314ac                simEEPROMWritten
 .bss           0x00000000000314b0        0x0 build/cooja/mtype308.a(random.o)
 .bss           0x00000000000314b0        0xc build/cooja/mtype308.a(sensors.o)
 .bss           0x00000000000314bc        0x0 build/cooja/mtype308.a(leds.o)
 .bss           0x00000000000314bc       0x24 build/cooja/mtype308.a(gpio-hal-arch.o)
 .bss           0x00000000000314e0        0x0 build/cooja/mtype308.a(buttons.o)
 .bss           0x00000000000314e0        0x0 build/cooja/mtype308.a(contiki-main.o)
 .bss           0x00000000000314e0       0x2c build/cooja/mtype308.a(log.o)
                0x00000000000314e0                curr_log_level_rpl
                0x00000000000314e4                curr_log_level_tcpip
                0x00000000000314e8                curr_log_level_ipv6
                0x00000000000314ec                curr_log_level_6lowpan
                0x00000000000314f0                curr_log_level_nullnet
                0x00000000000314f4                curr_log_level_mac
                0x00000000000314f8                curr_log_level_framer
                0x00000000000314fc                curr_log_level_6top
                0x0000000000031500                curr_log_level_coap
                0x0000000000031504                curr_log_level_snmp
                0x0000000000031508                curr_log_level_lwm2m
 .bss           0x000000000003150c        0x0 build/cooja/mtype308.a(autostart.o)
 .bss           0x000000000003150c        0x0 build/cooja/mtype308.a(energest.o)
 .bss           0x000000000003150c        0x8 build/cooja/mtype308.a(etimer.o)
 .bss           0x0000000000031514        0x2 build/cooja/mtype308.a(node-id.o)
                0x0000000000031514                node_id
 *fill*         0x0000000000031516        0x2 
 .bss           0x0000000000031518        0x5 build/cooja/mtype308.a(ctimer.o)
 *fill*         0x000000000003151d        0x3 
 .bss           0x0000000000031520        0x4 build/cooja/mtype308.a(rtimer.o)
 *fill*         0x0000000000031524       0x1c 
 .bss           0x0000000000031540      0x1a1 build/cooja/mtype308.a(process.o)
                0x0000000000031540                process_list
                0x0000000000031544                process_current
 .bss           0x00000000000316e1        0x0 build/cooja/mtype308.a(timer.o)
 .bss           0x00000000000316e1        0x0 build/cooja/mtype308.a(list.o)
 *fill*         0x00000000000316e1        0x3 
 .bss           0x00000000000316e4       0x10 build/cooja/mtype308.a(button-hal.o)
 *fill*         0x00000000000316f4        0xc 
 .bss           0x0000000000031700      0x140 build/cooja/mtype308.a(serial-line.o)
 .bss           0x0000000000031840        0x4 build/cooja/mtype308.a(gpio-hal.o)
 *fill*         0x0000000000031844       0x1c 
 .bss           0x0000000000031860     0x2c80 build/cooja/mtype308.a(queuebuf.o)
 .bss           0x00000000000344e0       0xa0 build/cooja/mtype308.a(packetbuf.o)
 .bss           0x0000000000034580        0x4 build/cooja/mtype308.a(netstack.o)
 .bss           0x0000000000034584        0x0 build/cooja/mtype308.a(linkaddr.o)
 .bss           0x0000000000034584        0x0 build/cooja/mtype308.a(csma.o)
 *fill*         0x0000000000034584       0x1c 
 .bss           0x00000000000345a0      0x726 build/cooja/mtype308.a(csma-output.o)
 *fill*         0x0000000000034cc6        0x2 
 .bss           0x0000000000034cc8       0x30 build/cooja/mtype308.a(uip-ds6.o)
 .bss           0x0000000000034cf8        0x0 build/cooja/mtype308.a(uiplib.o)
 *fill*         0x0000000000034cf8        0x8 
 .bss           0x0000000000034d00       0x60 build/cooja/mtype308.a(uip-ds6-route.o)
 .bss           0x0000000000034d60       0x10 build/cooja/mtype308.a(tcpip.o)
 .bss           0x0000000000034d70        0x8 build/cooja/mtype308.a(uip6.o)
                0x0000000000034d70                uip_ext_bitmap
                0x0000000000034d72                uip_ext_len
                0x0000000000034d74                uip_last_proto
 *fill*         0x0000000000034d78        0x8 
 .bss           0x0000000000034d80     0x1c20 build/cooja/mtype308.a(uip-ds6-nbr.o)
 .bss           0x00000000000369a0       0x10 build/cooja/mtype308.a(uip-nd6.o)
 *fill*         0x00000000000369b0       0x10 
 .bss           0x00000000000369c0      0x520 build/cooja/mtype308.a(simple-udp.o)
 .bss           0x0000000000036ee0      0x724 build/cooja/mtype308.a(sicslowpan.o)
 .bss           0x0000000000037604        0x1 build/cooja/mtype308.a(rpl.o)
 *fill*         0x0000000000037605        0x3 
 .bss           0x0000000000037608       0x11 build/cooja/mtype308.a(rpl-dag-root.o)
 .bss           0x0000000000037619        0x0 build/cooja/mtype308.a(watchdog.o)
 *fill*         0x0000000000037619        0x3 
 .bss           0x000000000003761c        0x4 build/cooja/mtype308.a(int-master.o)
 .bss           0x0000000000037620        0x0 build/cooja/mtype308.a(stimer.o)
 .bss           0x0000000000037620        0x0 build/cooja/mtype308.a(memb.o)
 .bss           0x0000000000037620        0x0 build/cooja/mtype308.a(assert.o)
 .bss           0x0000000000037620        0x0 build/cooja/mtype308.a(ringbuf.o)
 .bss           0x0000000000037620     0x1214 build/cooja/mtype308.a(nbr-table.o)
 *fill*         0x0000000000038834        0xc 
 .bss           0x0000000000038840      0xe10 build/cooja/mtype308.a(link-stats.o)
 *fill*         0x0000000000039650       0x10 
 .bss           0x0000000000039660      0x100 build/cooja/mtype308.a(mac-sequence.o)
 .bss           0x0000000000039760        0x0 build/cooja/mtype308.a(mac.o)
 .bss           0x0000000000039760        0x2 build/cooja/mtype308.a(framer-802154.o)
 .bss           0x0000000000039762        0x0 build/cooja/mtype308.a(frame802154.o)
 .bss           0x0000000000039762        0x0 build/cooja/mtype308.a(csma-security.o)
 *fill*         0x0000000000039762        0x2 
 .bss           0x0000000000039764       0x18 build/cooja/mtype308.a(uipbuf.o)
 .bss           0x000000000003977c       0x18 build/cooja/mtype308.a(uip-icmp6.o)
 *fill*         0x0000000000039794        0xc 
 .bss           0x00000000000397a0     0x1d80 build/cooja/mtype308.a(uip-sr.o)
 .bss           0x000000000003b520      0xa78 build/cooja/mtype308.a(uip-packetqueue)
 .bss           0x000000000003bf98        0x0 build/cooja/mtype308.a(uip-udp-packet.)
 .bss           0x000000000003bf98        0x0 build/cooja/mtype308.a(rpl-icmp6.o)
 *fill*         0x000000000003bf98        0x8 
 .bss           0x000000000003bfa0      0x960 build/cooja/mtype308.a(rpl-neighbor.o)
 .bss           0x000000000003c900        0x0 build/cooja/mtype308.a(rpl-dag.o)
 .bss           0x000000000003c900       0x40 build/cooja/mtype308.a(rpl-timers.o)
 .bss           0x000000000003c940        0x0 build/cooja/mtype308.a(rpl-ext-header.)
 .bss           0x000000000003c940        0xe build/cooja/mtype308.a(rpl-nbr-policy.)
 .bss           0x000000000003c94e        0x0 build/cooja/mtype308.a(rpl-mrhof.o)
 .bss           0x000000000003c94e        0x0 /usr/lib/gcc/i686-linux-gnu/5/crtendS.o
 .bss           0x000000000003c94e        0x0 /usr/lib/gcc/i686-linux-gnu/5/../../../i386-linux-gnu/crtn.o
 *(COMMON)
 *fill*         0x000000000003c94e        0x2 
 COMMON         0x000000000003c950        0x8 build/cooja/mtype308.o
                0x000000000003c950                referenceVar
                0x000000000003c954                sensors_flags
 COMMON         0x000000000003c958        0xc build/cooja/mtype308.a(simEnvChange.o)
                0x000000000003c958                simEtimerPending
                0x000000000003c95c                simProcessRunValue
                0x000000000003c960                simEtimerNextExpirationTime
 *fill*         0x000000000003c964        0x4 
 COMMON         0x000000000003c968       0x18 build/cooja/mtype308.a(rtimer-arch.o)
                0x000000000003c968                simRtimerPending
                0x000000000003c970                simRtimerCurrentTicks
                0x000000000003c978                simRtimerNextExpirationTime
 COMMON         0x000000000003c980        0x1 build/cooja/mtype308.a(beep.o)
                0x000000000003c980                simBeeped
 *fill*         0x000000000003c981        0x3 
 COMMON         0x000000000003c984        0xc build/cooja/mtype308.a(moteid.o)
                0x000000000003c984                simRandomSeed
                0x000000000003c988                simMoteIDChanged
                0x000000000003c98c                simMoteID
 COMMON         0x000000000003c990        0x2 build/cooja/mtype308.a(pir-sensor.o)
                0x000000000003c990                simPirIsActive
                0x000000000003c991                simPirChanged
 *fill*         0x000000000003c992        0xe 
 COMMON         0x000000000003c9a0      0x820 build/cooja/mtype308.a(rs232.o)
                0x000000000003c9a0                simSerialReceivingFlag
                0x000000000003c9a4                simSerialReceivingLength
                0x000000000003c9c0                simSerialReceivingData
 COMMON         0x000000000003d1c0        0x2 build/cooja/mtype308.a(vib-sensor.o)
                0x000000000003d1c0                simVibChanged
                0x000000000003d1c1                simVibIsActive
 *fill*         0x000000000003d1c2        0x2 
 COMMON         0x000000000003d1c4        0x4 build/cooja/mtype308.a(clock.o)
                0x000000000003d1c4                simCurrentTime
 *fill*         0x000000000003d1c8       0x18 
 COMMON         0x000000000003d1e0     0x2020 build/cooja/mtype308.a(cooja-log.o)
                0x000000000003d1e0                simLoggedLength
                0x000000000003d1e4                simLoggedFlag
                0x000000000003d200                simLoggedData
 COMMON         0x000000000003f200       0xfd build/cooja/mtype308.a(cooja-radio.o)
                0x000000000003f200                simOutDataBuffer
                0x000000000003f280                simInDataBuffer
 *fill*         0x000000000003f2fd        0x3 
 COMMON         0x000000000003f300      0x400 build/cooja/mtype308.a(eeprom.o)
                0x000000000003f300                simEEPROMData
 COMMON         0x000000000003f700        0x1 build/cooja/mtype308.a(sensors.o)
                0x000000000003f700                sensors_event
 COMMON         0x000000000003f701        0x2 build/cooja/mtype308.a(buttons.o)
                0x000000000003f701                simButtonIsDown
                0x000000000003f702                simButtonChanged
 *fill*         0x000000000003f703        0x1 
 COMMON         0x000000000003f704       0x78 build/cooja/mtype308.a(contiki-main.o)
                0x000000000003f704                unicast_per_neighbor_link_based
                0x000000000003f71c                eb_per_time_source
                0x000000000003f734                unicast_per_neighbor_rpl_storing
                0x000000000003f74c                unicast_per_neighbor_rpl_ns
                0x000000000003f764                default_common
 COMMON         0x000000000003f77c        0x3 build/cooja/mtype308.a(button-hal.o)
                0x000000000003f77c                button_hal_periodic_event
                0x000000000003f77d                button_hal_press_event
                0x000000000003f77e                button_hal_release_event
 COMMON         0x000000000003f77f        0x1 build/cooja/mtype308.a(serial-line.o)
                0x000000000003f77f                serial_line_event_message
 COMMON         0x000000000003f780       0x2c build/cooja/mtype308.a(packetbuf.o)
                0x000000000003f780                packetbuf_attrs
                0x000000000003f79c                packetbuf_addrs
 COMMON         0x000000000003f7ac        0x8 build/cooja/mtype308.a(linkaddr.o)
                0x000000000003f7ac                linkaddr_node_addr
 *fill*         0x000000000003f7b4        0xc 
 COMMON         0x000000000003f7c0      0x1a5 build/cooja/mtype308.a(uip-ds6.o)
                0x000000000003f7c0                uip_ds6_prefix_list
                0x000000000003f820                uip_ds6_timer_periodic
                0x000000000003f830                uip_ds6_netif_addr_list_offset
                0x000000000003f840                uip_ds6_if
                0x000000000003f95c                uip_ds6_timer_ra
                0x000000000003f964                uip_ds6_addr_size
 COMMON         0x000000000003f965        0x1 build/cooja/mtype308.a(tcpip.o)
                0x000000000003f965                tcpip_event
 *fill*         0x000000000003f966       0x1a 
 COMMON         0x000000000003f980      0x648 build/cooja/mtype308.a(uip6.o)
                0x000000000003f980                uip_slen
                0x000000000003f984                uip_lladdr
                0x000000000003f98c                uip_appdata
                0x000000000003f990                uip_flags
                0x000000000003f9a0                uip_aligned_buf
                0x000000000003fea0                uip_len
                0x000000000003fea4                uip_sappdata
                0x000000000003fec0                uip_udp_conns
                0x000000000003ffc0                uip_udp_conn
                0x000000000003ffc4                uip_conn
 COMMON         0x000000000003ffc8       0x10 build/cooja/mtype308.a(rpl.o)
                0x000000000003ffc8                rpl_multicast_addr
 *fill*         0x000000000003ffd8        0x8 
 COMMON         0x000000000003ffe0       0x20 build/cooja/mtype308.a(link-stats.o)
                0x000000000003ffe0                periodic_timer
 COMMON         0x0000000000040000      0x164 build/cooja/mtype308.a(rpl-dag.o)
                0x0000000000040000                curr_instance
                0x0000000000040164                . = ALIGN ((. != 0x0)?0x4:0x1)
                0x0000000000040164                . = ALIGN (0x4)
                0x0000000000040164                . = SEGMENT_START ("ldata-segment", .)
                0x0000000000040164                . = ALIGN (0x4)
                0x0000000000040164                _end = .
                [!provide]                        PROVIDE (end, .)
                0x0000000000040164                . = DATA_SEGMENT_END (.)

.stab
 *(.stab)

.stabstr
 *(.stabstr)

.stab.excl
 *(.stab.excl)

.stab.exclstr
 *(.stab.exclstr)

.stab.index
 *(.stab.index)

.stab.indexstr
 *(.stab.indexstr)

.comment        0x0000000000000000       0x35
 *(.comment)
 .comment       0x0000000000000000       0x35 /usr/lib/gcc/i686-linux-gnu/5/crtbeginS.o
                                         0x36 (size before relaxing)
 .comment       0x0000000000000035       0x36 udp-intermedio.o
 .comment       0x0000000000000035       0x36 build/cooja/mtype308.o
 .comment       0x0000000000000035       0x36 build/cooja/mtype308.a(simEnvChange.o)
 .comment       0x0000000000000035       0x36 build/cooja/mtype308.a(cooja_mt.o)
 .comment       0x0000000000000035       0x36 build/cooja/mtype308.a(cooja_mtarch.o)
 .comment       0x0000000000000035       0x36 build/cooja/mtype308.a(rtimer-arch.o)
 .comment       0x0000000000000035       0x36 build/cooja/mtype308.a(beep.o)
 .comment       0x0000000000000035       0x36 build/cooja/mtype308.a(leds-arch.o)
 .comment       0x0000000000000035       0x36 build/cooja/mtype308.a(moteid.o)
 .comment       0x0000000000000035       0x36 build/cooja/mtype308.a(pir-sensor.o)
 .comment       0x0000000000000035       0x36 build/cooja/mtype308.a(rs232.o)
 .comment       0x0000000000000035       0x36 build/cooja/mtype308.a(vib-sensor.o)
 .comment       0x0000000000000035       0x36 build/cooja/mtype308.a(clock.o)
 .comment       0x0000000000000035       0x36 build/cooja/mtype308.a(cooja-log.o)
 .comment       0x0000000000000035       0x36 build/cooja/mtype308.a(cfs-cooja.o)
 .comment       0x0000000000000035       0x36 build/cooja/mtype308.a(cooja-radio.o)
 .comment       0x0000000000000035       0x36 build/cooja/mtype308.a(eeprom.o)
 .comment       0x0000000000000035       0x36 build/cooja/mtype308.a(random.o)
 .comment       0x0000000000000035       0x36 build/cooja/mtype308.a(sensors.o)
 .comment       0x0000000000000035       0x36 build/cooja/mtype308.a(leds.o)
 .comment       0x0000000000000035       0x36 build/cooja/mtype308.a(gpio-hal-arch.o)